Component: ARM Compiler 5.06 update 2 (build 183) Tool: armlink [4d35b7]

==============================================================================

Section Cross References

    command.o(i.COMMAND_DOWNLOAD) refers to ls.o(i.ls_openDir) for ls_openDir
    command.o(i.COMMAND_DOWNLOAD) refers to usbh_usr.o(i.USBH_USR_LCDClearPart) for USBH_USR_LCDClearPart
    command.o(i.COMMAND_DOWNLOAD) refers to usbh_usr.o(i.USBH_USR_DisplayBinaryFlashContents) for USBH_USR_DisplayBinaryFlashContents
    command.o(i.COMMAND_DOWNLOAD) refers to file.o(i.file_fopen) for file_fopen
    command.o(i.COMMAND_DOWNLOAD) refers to flash_layer.o(i.FLASH_LAYER_ErasePage) for FLASH_LAYER_ErasePage
    command.o(i.COMMAND_DOWNLOAD) refers to command.o(i.COMMAND_ProgramFlashMemory) for COMMAND_ProgramFlashMemory
    command.o(i.COMMAND_DOWNLOAD) refers to file.o(i.file_fclose) for file_fclose
    command.o(i.COMMAND_DOWNLOAD) refers to usbh_usr.o(.bss) for efs
    command.o(i.COMMAND_DOWNLOAD) refers to usbh_usr.o(.data) for joystick_use
    command.o(i.COMMAND_DOWNLOAD) refers to command.o(.bss) for Download_File
    command.o(i.COMMAND_DOWNLOAD) refers to stm32f10x_it.o(.data) for Seclect_FileCounter
    command.o(i.COMMAND_IAPExecuteApplication) refers to command.o(i.COMMAND_UPLOAD) for COMMAND_UPLOAD
    command.o(i.COMMAND_IAPExecuteApplication) refers to command.o(i.COMMAND_DOWNLOAD) for COMMAND_DOWNLOAD
    command.o(i.COMMAND_IAPExecuteApplication) refers to command.o(i.COMMAND_JUMP) for COMMAND_JUMP
    command.o(i.COMMAND_IAPExecuteApplication) refers to stm32f10x_it.o(.data) for CMD_index
    command.o(i.COMMAND_ProgramFlashMemory) refers to file.o(i.file_read) for file_read
    command.o(i.COMMAND_ProgramFlashMemory) refers to flash_layer.o(i.FLASH_LAYER_ProgramWord) for FLASH_LAYER_ProgramWord
    command.o(i.COMMAND_ProgramFlashMemory) refers to usbh_usr.o(i.USBH_USR_LCDClearPart) for USBH_USR_LCDClearPart
    command.o(i.COMMAND_ProgramFlashMemory) refers to command.o(.bss) for RAM_Buf
    command.o(i.COMMAND_ProgramFlashMemory) refers to command.o(.data) for ram_address
    command.o(i.COMMAND_ProgramFlashMemory) refers to usbh_usr.o(.bss) for fileR
    command.o(i.COMMAND_UPLOAD) refers to flash_layer.o(i.FLASH_LAYER_ReadOutProtectionStatus) for FLASH_LAYER_ReadOutProtectionStatus
    command.o(i.COMMAND_UPLOAD) refers to ui.o(i.rmfile) for rmfile
    command.o(i.COMMAND_UPLOAD) refers to usb_hcd.o(i.HCD_IsDeviceConnected) for HCD_IsDeviceConnected
    command.o(i.COMMAND_UPLOAD) refers to file.o(i.file_fopen) for file_fopen
    command.o(i.COMMAND_UPLOAD) refers to usbh_usr.o(i.USBH_USR_LCDClearPart) for USBH_USR_LCDClearPart
    command.o(i.COMMAND_UPLOAD) refers to file.o(i.file_write) for file_write
    command.o(i.COMMAND_UPLOAD) refers to file.o(i.file_fclose) for file_fclose
    command.o(i.COMMAND_UPLOAD) refers to fs.o(i.fs_umount) for fs_umount
    command.o(i.COMMAND_UPLOAD) refers to usbh_usr.o(.bss) for efs
    command.o(i.COMMAND_UPLOAD) refers to usbh_core.o(.bss) for USB_OTG_FS_dev
    command.o(i.COMMAND_UPLOAD) refers to command.o(.bss) for RAM_Buf
    flash_layer.o(i.FLASH_LAYER_ErasePage) refers to stm32f10x_flash.o(i.FLASH_ErasePage) for FLASH_ErasePage
    flash_layer.o(i.FLASH_LAYER_FlashUnlock) refers to stm32f10x_flash.o(i.FLASH_Unlock) for FLASH_Unlock
    flash_layer.o(i.FLASH_LAYER_ProgramWord) refers to stm32f10x_flash.o(i.FLASH_ProgramWord) for FLASH_ProgramWord
    flash_layer.o(i.FLASH_LAYER_ReadOutProtectionStatus) refers to stm32f10x_flash.o(i.FLASH_GetReadOutProtectionStatus) for FLASH_GetReadOutProtectionStatus
    main.o(i.main) refers to usb_bsp.o(i.BSP_Init) for BSP_Init
    main.o(i.main) refers to usbh_core.o(i.USBH_Init) for USBH_Init
    main.o(i.main) refers to usbh_core.o(i.USBH_Process) for USBH_Process
    main.o(i.main) refers to usbh_usr.o(.data) for USR_Callbacks
    main.o(i.main) refers to usbh_msc_core.o(.data) for MSC_cb
    main.o(i.main) refers to usbh_core.o(.bss) for USB_OTG_FS_dev
    usb_bsp.o(i.BSP_Delay) refers to usb_bsp.o(i.BSP_SetTime) for BSP_SetTime
    usb_bsp.o(i.BSP_Delay) refers to stm32f10x_tim.o(i.TIM_Cmd) for TIM_Cmd
    usb_bsp.o(i.BSP_Delay) refers to usb_bsp.o(.data) for BSP_delay
    usb_bsp.o(i.BSP_SetTime) refers to stm32f10x_tim.o(i.TIM_Cmd) for TIM_Cmd
    usb_bsp.o(i.BSP_SetTime) refers to stm32f10x_tim.o(i.TIM_ITConfig) for TIM_ITConfig
    usb_bsp.o(i.BSP_SetTime) refers to stm32f10x_tim.o(i.TIM_TimeBaseInit) for TIM_TimeBaseInit
    usb_bsp.o(i.BSP_SetTime) refers to stm32f10x_tim.o(i.TIM_ClearITPendingBit) for TIM_ClearITPendingBit
    usb_bsp.o(i.BSP_SetTime) refers to stm32f10x_tim.o(i.TIM_ARRPreloadConfig) for TIM_ARRPreloadConfig
    usb_bsp.o(i.USB_OTG_BSP_ConfigVBUS) refers to stm32f10x_rcc.o(i.RCC_APB2PeriphClockCmd) for RCC_APB2PeriphClockCmd
    usb_bsp.o(i.USB_OTG_BSP_ConfigVBUS) refers to stm32f10x_gpio.o(i.GPIO_Init) for GPIO_Init
[...]
    MSG_IAP_JUMP                             0x2000033d   Data          41  usbh_usr.o(.data)
    MSG_IAP_NEXT_MENU                        0x20000366   Data          41  usbh_usr.o(.data)
    MSG_PRESS_KEY                            0x2000038f   Data          41  usbh_usr.o(.data)
    MSG_SEPARATION                           0x200003b8   Data          41  usbh_usr.o(.data)
    MSG_IO_FAILED                            0x200003e1   Data          41  usbh_usr.o(.data)
    MSG_RESET                                0x2000040a   Data          41  usbh_usr.o(.data)
    MSG_CLEAR                                0x20000433   Data          41  usbh_usr.o(.data)
    MSG_NOT_DIRECTORY                        0x2000045c   Data          41  usbh_usr.o(.data)
    MSG_NO_IMAGE                             0x20000485   Data          41  usbh_usr.o(.data)
    MSG_OTHER_BIN                            0x200004ae   Data          41  usbh_usr.o(.data)
    MSG_BUFF_SIZE_ERROR1                     0x200004d7   Data          41  usbh_usr.o(.data)
    MSG_BUFF_SIZE_ERROR2                     0x20000500   Data          41  usbh_usr.o(.data)
    MSG_BUFF_SIZE_ERROR3                     0x20000529   Data          41  usbh_usr.o(.data)
    .data                                    0x20000552   Section        3  stm32f10x_it.o(.data)
    .data                                    0x20000558   Section       14  usbh_core.o(.data)
    timeout                                  0x20000564   Data           2  usbh_core.o(.data)
    .data                                    0x20000566   Section        8  usbh_stdreq.o(.data)
    .data                                    0x20000570   Section       13  usbh_msc_bot.o(.data)
    BOTStallErrorCount                       0x20000570   Data           4  usbh_msc_bot.o(.data)
    remainingDataLength                      0x20000574   Data           4  usbh_msc_bot.o(.data)
    datapointer                              0x20000578   Data           4  usbh_msc_bot.o(.data)
    error_direction                          0x2000057c   Data           1  usbh_msc_bot.o(.data)
    .data                                    0x20000580   Section       29  usbh_msc_core.o(.data)
    maxLunExceed                             0x2000059c   Data           1  usbh_msc_core.o(.data)
    .data                                    0x2000059d   Section        1  usbh_msc_scsi.o(.data)
    status                                   0x2000059d   Data           1  usbh_msc_scsi.o(.data)
    .bss                                     0x200005a0   Section    32885  command.o(.bss)
    RAM_Buf                                  0x20000615   Data       32768  command.o(.bss)
    .bss                                     0x20008618   Section      904  usbh_usr.o(.bss)
    .bss                                     0x200089a0   Section      746  usbh_core.o(.bss)
    .bss                                     0x20008c8a   Section       16  usbh_hcs.o(.bss)
    .bss                                     0x20008c9a   Section      255  usbh_stdreq.o(.bss)
    .bss                                     0x20008d9c   Section       64  usbh_msc_bot.o(.bss)
    .bss                                     0x20008ddc   Section       74  usbh_msc_core.o(.bss)
    .bss                                     0x20008e28   Section     1040  usbh_msc_scsi.o(.bss)
    .bss                                     0x20009238   Section       96  libspace.o(.bss)
    HEAP                                     0x20009298   Section      512  startup_stm32f10x_cl.o(HEAP)
    Heap_Mem                                 0x20009298   Data         512  startup_stm32f10x_cl.o(HEAP)
    STACK                                    0x20009498   Section     1024  startup_stm32f10x_cl.o(STACK)
    Stack_Mem                                0x20009498   Data        1024  startup_stm32f10x_cl.o(STACK)
    __initial_sp                             0x20009898   Data           0  startup_stm32f10x_cl.o(STACK)

    Global Symbols

    Symbol Name                              Value     Ov Type        Size  Object(Section)

    BuildAttributes$$THM_ISAv4$P$D$K$B$S$PE$A:L22UL41UL21$X:L11$S22US41US21$IEEE1$IW$USESV6$~STKCKD$USESV7$~SHL$OSPACE$ROPI$EBA8$UX$STANDARDLIB$REQ8$PRES8$EABIv2 0x00000000   Number         0  anon$$obj.o ABSOLUTE
    __ARM_use_no_argv                        0x00000000   Number         0  main.o ABSOLUTE
    __ARM_exceptions_init                     - Undefined Weak Reference
    __alloca_initialize                       - Undefined Weak Reference
    __arm_preinit_                            - Undefined Weak Reference
    __cpp_initialize__aeabi_                  - Undefined Weak Reference
    __cxa_finalize                            - Undefined Weak Reference
    __rt_locale                               - Undefined Weak Reference
    __sigvec_lookup                           - Undefined Weak Reference
    _atexit_init                              - Undefined Weak Reference
    _call_atexit_fns                          - Undefined Weak Reference
    _clock_init                               - Undefined Weak Reference
    _fp_trap_init                             - Undefined Weak Reference
    _fp_trap_shutdown                         - Undefined Weak Reference
    _get_lc_collate                           - Undefined Weak Reference
    _get_lc_ctype                             - Undefined Weak Reference
    _get_lc_monetary                          - Undefined Weak Reference
    _get_lc_numeric                           - Undefined Weak Reference
    _get_lc_time                              - Undefined Weak Reference
    _getenv_init                              - Undefined Weak Reference
    _handle_redirection                       - Undefined Weak Reference
    _init_alloc                               - Undefined Weak Reference
    _init_user_alloc                          - Undefined Weak Reference
    _initio                                   - Undefined Weak Reference
    _rand_init                                - Undefined Weak Reference
    _signal_finish                            - Undefined Weak Reference
    _signal_init                              - Undefined Weak Reference
    _terminate_alloc                          - Undefined Weak Reference
    _terminate_user_alloc                     - Undefined Weak Reference
    _terminateio                              - Undefined Weak Reference
    __Vectors_Size                           0x00000150   Number         0  startup_stm32f10x_cl.o ABSOLUTE
    __Vectors                                0x08000000   Data           4  startup_stm32f10x_cl.o(RESET)
    __Vectors_End                            0x08000150   Data           0  startup_stm32f10x_cl.o(RESET)
    __main                                   0x08000151   Thumb Code     8  __main.o(!!!main)
    __scatterload                            0x08000159   Thumb Code     0  __scatter.o(!!!scatter)
    __scatterload_rt2                        0x08000159   Thumb Code    44  __scatter.o(!!!scatter)
    __scatterload_rt2_thumb_only             0x08000159   Thumb Code     0  __scatter.o(!!!scatter)
    __scatterload_null                       0x08000167   Thumb Code     0  __scatter.o(!!!scatter)
    __decompress                             0x0800018d   Thumb Code   100  __dclz77c.o(!!dclz77c)
    __decompress2                            0x0800018d   Thumb Code     0  __dclz77c.o(!!dclz77c)
    __scatterload_zeroinit                   0x080001f1   Thumb Code    28  __scatter_zi.o(!!handler_zi)
    __rt_lib_init                            0x0800020d   Thumb Code     0  libinit.o(.ARM.Collect$$libinit$$00000000)
    __rt_lib_init_alloca_1                   0x0800020f   Thumb Code     0  libinit2.o(.ARM.Collect$$libinit$$0000002E)
    __rt_lib_init_argv_1                     0x0800020f   Thumb Code     0  libinit2.o(.ARM.Collect$$libinit$$0000002C)
    __rt_lib_init_atexit_1                   0x0800020f   Thumb Code     0  libinit2.o(.ARM.Collect$$libinit$$0000001B)
    __rt_lib_init_clock_1                    0x0800020f   Thumb Code     0  libinit2.o(.ARM.Collect$$libinit$$00000021)
    __rt_lib_init_cpp_1                      0x0800020f   Thumb Code     0  libinit2.o(.ARM.Collect$$libinit$$00000032)
    __rt_lib_init_exceptions_1               0x0800020f   Thumb Code     0  libinit2.o(.ARM.Collect$$libinit$$00000030)
    __rt_lib_init_fp_1                       0x0800020f   Thumb Code     0  libinit2.o(.ARM.Collect$$libinit$$00000002)
    __rt_lib_init_fp_trap_1                  0x0800020f   Thumb Code     0  libinit2.o(.ARM.Collect$$libinit$$0000001F)
    __rt_lib_init_getenv_1                   0x0800020f   Thumb Code     0  libinit2.o(.ARM.Collect$$libinit$$00000023)
    __rt_lib_init_heap_1                     0x0800020f   Thumb Code     0  libinit2.o(.ARM.Collect$$libinit$$0000000A)
    __rt_lib_init_lc_collate_1               0x0800020f   Thumb Code     0  libinit2.o(.ARM.Collect$$libinit$$00000011)
    __rt_lib_init_lc_ctype_1                 0x0800020f   Thumb Code     0  libinit2.o(.ARM.Collect$$libinit$$00000013)
    __rt_lib_init_lc_monetary_1              0x0800020f   Thumb Code     0  libinit2.o(.ARM.Collect$$libinit$$00000015)
    __rt_lib_init_lc_numeric_1               0x0800020f   Thumb Code     0  libinit2.o(.ARM.Collect$$libinit$$00000017)
    __rt_lib_init_lc_time_1                  0x0800020f   Thumb Code     0  libinit2.o(.ARM.Collect$$libinit$$00000019)
    __rt_lib_init_preinit_1                  0x0800020f   Thumb Code     0  libinit2.o(.ARM.Collect$$libinit$$00000004)
    __rt_lib_init_rand_1                     0x0800020f   Thumb Code     0  libinit2.o(.ARM.Collect$$libinit$$0000000E)
    __rt_lib_init_return                     0x0800020f   Thumb Code     0  libinit2.o(.ARM.Collect$$libinit$$00000033)
    __rt_lib_init_signal_1                   0x0800020f   Thumb Code     0  libinit2.o(.ARM.Collect$$libinit$$0000001D)
    __rt_lib_init_stdio_1                    0x0800020f   Thumb Code     0  libinit2.o(.ARM.Collect$$libinit$$00000025)
    __rt_lib_init_user_alloc_1               0x0800020f   Thumb Code     0  libinit2.o(.ARM.Collect$$libinit$$0000000C)
    __rt_lib_shutdown                        0x08000211   Thumb Code     0  libshutdown.o(.ARM.Collect$$libshutdown$$00000000)
    __rt_lib_shutdown_cpp_1                  0x08000213   Thumb Code     0  libshutdown2.o(.ARM.Collect$$libshutdown$$00000002)
    __rt_lib_shutdown_fp_trap_1              0x08000213   Thumb Code     0  libshutdown2.o(.ARM.Collect$$libshutdown$$00000007)
    __rt_lib_shutdown_heap_1                 0x08000213   Thumb Code     0  libshutdown2.o(.ARM.Collect$$libshutdown$$0000000F)
    __rt_lib_shutdown_return                 0x08000213   Thumb Code     0  libshutdown2.o(.ARM.Collect$$libshutdown$$00000010)
    __rt_lib_shutdown_signal_1               0x08000213   Thumb Code     0  libshutdown2.o(.ARM.Collect$$libshutdown$$0000000A)
    __rt_lib_shutdown_stdio_1                0x08000213   Thumb Code     0  libshutdown2.o(.ARM.Collect$$libshutdown$$00000004)
    __rt_lib_shutdown_user_alloc_1           0x08000213   Thumb Code     0  libshutdown2.o(.ARM.Collect$$libshutdown$$0000000C)
    __rt_entry                               0x08000215   Thumb Code     0  __rtentry.o(.ARM.Collect$$rtentry$$00000000)
    __rt_entry_presh_1                       0x08000215   Thumb Code     0  __rtentry2.o(.ARM.Collect$$rtentry$$00000002)
    __rt_entry_sh                            0x08000215   Thumb Code     0  __rtentry4.o(.ARM.Collect$$rtentry$$00000004)
    __rt_entry_li                            0x0800021b   Thumb Code     0  __rtentry2.o(.ARM.Collect$$rtentry$$0000000A)
    __rt_entry_postsh_1                      0x0800021b   Thumb Code     0  __rtentry2.o(.ARM.Collect$$rtentry$$00000009)
    __rt_entry_main                          0x0800021f   Thumb Code     0  __rtentry2.o(.ARM.Collect$$rtentry$$0000000D)
    __rt_entry_postli_1                      0x0800021f   Thumb Code     0  __rtentry2.o(.ARM.Collect$$rtentry$$0000000C)
    __rt_exit                                0x08000227   Thumb Code     0  rtexit.o(.ARM.Collect$$rtexit$$00000000)
    __rt_exit_ls                             0x08000229   Thumb Code     0  rtexit2.o(.ARM.Collect$$rtexit$$00000003)
    __rt_exit_prels_1                        0x08000229   Thumb Code     0  rtexit2.o(.ARM.Collect$$rtexit$$00000002)
    __rt_exit_exit                           0x0800022d   Thumb Code     0  rtexit2.o(.ARM.Collect$$rtexit$$00000004)
    Reset_Handler                            0x08000235   Thumb Code     8  startup_stm32f10x_cl.o(.text)
    SysTick_Handler                          0x0800024d   Thumb Code     2  startup_stm32f10x_cl.o(.text)
    ADC1_2_IRQHandler                        0x0800024f   Thumb Code     0  startup_stm32f10x_cl.o(.text)
    CAN1_RX0_IRQHandler                      0x0800024f   Thumb Code     0  startup_stm32f10x_cl.o(.text)
    CAN1_RX1_IRQHandler                      0x0800024f   Thumb Code     0  startup_stm32f10x_cl.o(.text)
    CAN1_SCE_IRQHandler                      0x0800024f   Thumb Code     0  startup_stm32f10x_cl.o(.text)
    CAN1_TX_IRQHandler                       0x0800024f   Thumb Code     0  startup_stm32f10x_cl.o(.text)
    CAN2_RX0_IRQHandler                      0x0800024f   Thumb Code     0  startup_stm32f10x_cl.o(.text)
    CAN2_RX1_IRQHandler                      0x0800024f   Thumb Code     0  startup_stm32f10x_cl.o(.text)
    CAN2_SCE_IRQHandler                      0x0800024f   Thumb Code     0  startup_stm32f10x_cl.o(.text)
    CAN2_TX_IRQHandler                       0x0800024f   Thumb Code     0  startup_stm32f10x_cl.o(.text)
    DMA1_Channel1_IRQHandler                 0x0800024f   Thumb Code     0  startup_stm32f10x_cl.o(.text)
    DMA1_Channel2_IRQHandler                 0x0800024f   Thumb Code     0  startup_stm32f10x_cl.o(.text)
    DMA1_Channel3_IRQHandler                 0x0800024f   Thumb Code     0  startup_stm32f10x_cl.o(.text)
    DMA1_Channel4_IRQHandler                 0x0800024f   Thumb Code     0  startup_stm32f10x_cl.o(.text)
    DMA1_Channel5_IRQHandler                 0x0800024f   Thumb Code     0  startup_stm32f10x_cl.o(.text)
    DMA1_Channel6_IRQHandler                 0x0800024f   Thumb Code     0  startup_stm32f10x_cl.o(.text)
    DMA1_Channel7_IRQHandler                 0x0800024f   Thumb Code     0  startup_stm32f10x_cl.o(.text)
    DMA2_Channel1_IRQHandler                 0x0800024f   Thumb Code     0  startup_stm32f10x_cl.o(.text)
    DMA2_Channel2_IRQHandler                 0x0800024f   Thumb Code     0  startup_stm32f10x_cl.o(.text)
    DMA2_Channel3_IRQHandler                 0x0800024f   Thumb Code     0  startup_stm32f10x_cl.o(.text)
    DMA2_Channel4_IRQHandler                 0x0800024f   Thumb Code     0  startup_stm32f10x_cl.o(.text)
    DMA2_Channel5_IRQHandler                 0x0800024f   Thumb Code     0  startup_stm32f10x_cl.o(.text)
    ETH_IRQHandler                           0x0800024f   Thumb Code     0  startup_stm32f10x_cl.o(.text)
    ETH_WKUP_IRQHandler                      0x0800024f   Thumb Code     0  startup_stm32f10x_cl.o(.text)
    EXTI0_IRQHandler                         0x0800024f   Thumb Code     0  startup_stm32f10x_cl.o(.text)
    EXTI2_IRQHandler                         0x0800024f   Thumb Code     0  startup_stm32f10x_cl.o(.text)
    EXTI3_IRQHandler                         0x0800024f   Thumb Code     0  startup_stm32f10x_cl.o(.text)
    EXTI4_IRQHandler                         0x0800024f   Thumb Code     0  startup_stm32f10x_cl.o(.text)
    EXTI9_5_IRQHandler                       0x0800024f   Thumb Code     0  startup_stm32f10x_cl.o(.text)
    FLASH_IRQHandler                         0x0800024f   Thumb Code     0  startup_stm32f10x_cl.o(.text)
    I2C1_ER_IRQHandler                       0x0800024f   Thumb Code     0  startup_stm32f10x_cl.o(.text)
    I2C1_EV_IRQHandler                       0x0800024f   Thumb Code     0  startup_stm32f10x_cl.o(.text)
    I2C2_ER_IRQHandler                       0x0800024f   Thumb Code     0  startup_stm32f10x_cl.o(.text)
    I2C2_EV_IRQHandler                       0x0800024f   Thumb Code     0  startup_stm32f10x_cl.o(.text)
    OTG_FS_WKUP_IRQHandler                   0x0800024f   Thumb Code     0  startup_stm32f10x_cl.o(.text)
    PVD_IRQHandler                           0x0800024f   Thumb Code     0  startup_stm32f10x_cl.o(.text)
    RCC_IRQHandler                           0x0800024f   Thumb Code     0  startup_stm32f10x_cl.o(.text)
    RTCAlarm_IRQHandler                      0x0800024f   Thumb Code     0  startup_stm32f10x_cl.o(.text)
    RTC_IRQHandler                           0x0800024f   Thumb Code     0  startup_stm32f10x_cl.o(.text)
    SPI1_IRQHandler                          0x0800024f   Thumb Code     0  startup_stm32f10x_cl.o(.text)
    SPI2_IRQHandler                          0x0800024f   Thumb Code     0  startup_stm32f10x_cl.o(.text)
    SPI3_IRQHandler                          0x0800024f   Thumb Code     0  startup_stm32f10x_cl.o(.text)
    TAMPER_IRQHandler                        0x0800024f   Thumb Code     0  startup_stm32f10x_cl.o(.text)
    TIM1_BRK_IRQHandler                      0x0800024f   Thumb Code     0  startup_stm32f10x_cl.o(.text)
    TIM1_CC_IRQHandler                       0x0800024f   Thumb Code     0  startup_stm32f10x_cl.o(.text)
    TIM1_TRG_COM_IRQHandler                  0x0800024f   Thumb Code     0  startup_stm32f10x_cl.o(.text)
    TIM1_UP_IRQHandler                       0x0800024f   Thumb Code     0  startup_stm32f10x_cl.o(.text)
    TIM3_IRQHandler                          0x0800024f   Thumb Code     0  startup_stm32f10x_cl.o(.text)
    TIM4_IRQHandler                          0x0800024f   Thumb Code     0  startup_stm32f10x_cl.o(.text)
    TIM5_IRQHandler                          0x0800024f   Thumb Code     0  startup_stm32f10x_cl.o(.text)
    TIM6_IRQHandler                          0x0800024f   Thumb Code     0  startup_stm32f10x_cl.o(.text)
    TIM7_IRQHandler                          0x0800024f   Thumb Code     0  startup_stm32f10x_cl.o(.text)
    UART4_IRQHandler                         0x0800024f   Thumb Code     0  startup_stm32f10x_cl.o(.text)
    UART5_IRQHandler                         0x0800024f   Thumb Code     0  startup_stm32f10x_cl.o(.text)
    USART1_IRQHandler                        0x0800024f   Thumb Code     0  startup_stm32f10x_cl.o(.text)
    USART2_IRQHandler                        0x0800024f   Thumb Code     0  startup_stm32f10x_cl.o(.text)
    USART3_IRQHandler                        0x0800024f   Thumb Code     0  startup_stm32f10x_cl.o(.text)
    WWDG_IRQHandler                          0x0800024f   Thumb Code     0  startup_stm32f10x_cl.o(.text)
    __user_initial_stackheap                 0x08000251   Thumb Code     0  startup_stm32f10x_cl.o(.text)
    __aeabi_memcpy4                          0x08000275   Thumb Code     0  rt_memcpy_w.o(.text)
    __aeabi_memcpy8                          0x08000275   Thumb Code     0  rt_memcpy_w.o(.text)
    __rt_memcpy_w                            0x08000275   Thumb Code   100  rt_memcpy_w.o(.text)
    _memcpy_lastbytes_aligned                0x080002bd   Thumb Code     0  rt_memcpy_w.o(.text)
    __use_two_region_memory                  0x080002d9   Thumb Code     2  heapauxi.o(.text)
    __rt_heap_escrow$2region                 0x080002db   Thumb Code     2  heapauxi.o(.text)
    __rt_heap_expand$2region                 0x080002dd   Thumb Code     2  heapauxi.o(.text)
    __user_setup_stackheap                   0x080002df   Thumb Code    74  sys_stackheap_outer.o(.text)
    exit                                     0x08000329   Thumb Code    18  exit.o(.text)
    __user_libspace                          0x0800033d   Thumb Code     8  libspace.o(.text)
    __user_perproc_libspace                  0x0800033d   Thumb Code     0  libspace.o(.text)
    __user_perthread_libspace                0x0800033d   Thumb Code     0  libspace.o(.text)
    _sys_exit                                0x08000345   Thumb Code     8  sys_exit.o(.text)
    __I$use$semihosting                      0x08000351   Thumb Code     0  use_no_semi.o(.text)
    __use_no_semihosting_swi                 0x08000351   Thumb Code     2  use_no_semi.o(.text)
    __semihosting_library_function           0x08000353   Thumb Code     0  indicate_semi.o(.text)
    BSP_Init                                 0x08000381   Thumb Code     2  usb_bsp.o(i.BSP_Init)
    BusFault_Handler                         0x080003f1   Thumb Code     4  stm32f10x_it.o(i.BusFault_Handler)
    COMMAND_DOWNLOAD                         0x080003f5   Thumb Code   252  command.o(i.COMMAND_DOWNLOAD)
    COMMAND_IAPExecuteApplication            0x08000515   Thumb Code    40  command.o(i.COMMAND_IAPExecuteApplication)
    COMMAND_JUMP                             0x08000541   Thumb Code    30  command.o(i.COMMAND_JUMP)
    COMMAND_ProgramFlashMemory               0x08000569   Thumb Code   152  command.o(i.COMMAND_ProgramFlashMemory)
    COMMAND_UPLOAD                           0x0800061d   Thumb Code   168  command.o(i.COMMAND_UPLOAD)
    DebugMon_Handler                         0x080006e1   Thumb Code     2  stm32f10x_it.o(i.DebugMon_Handler)
    EXTI15_10_IRQHandler                     0x080006e3   Thumb Code     2  stm32f10x_it.o(i.EXTI15_10_IRQHandler)
    EXTI1_IRQHandler                         0x080006e5   Thumb Code    26  stm32f10x_it.o(i.EXTI1_IRQHandler)
    EXTI_ClearITPendingBit                   0x08000705   Thumb Code     6  stm32f10x_exti.o(i.EXTI_ClearITPendingBit)
    EXTI_GetITStatus                         0x08000711   Thumb Code    34  stm32f10x_exti.o(i.EXTI_GetITStatus)
    EXTI_Init                                0x08000739   Thumb Code   142  stm32f10x_exti.o(i.EXTI_Init)
    FLASH_ErasePage                          0x080007cd   Thumb Code    72  stm32f10x_flash.o(i.FLASH_ErasePage)
    FLASH_GetBank1Status                     0x08000819   Thumb Code    48  stm32f10x_flash.o(i.FLASH_GetBank1Status)
    FLASH_GetReadOutProtectionStatus         0x0800084d   Thumb Code    20  stm32f10x_flash.o(i.FLASH_GetReadOutProtectionStatus)
    FLASH_LAYER_ErasePage                    0x08000865   Thumb Code    18  flash_layer.o(i.FLASH_LAYER_ErasePage)
    FLASH_LAYER_ProgramWord                  0x08000877   Thumb Code    22  flash_layer.o(i.FLASH_LAYER_ProgramWord)
    FLASH_LAYER_ReadOutProtectionStatus      0x0800088d   Thumb Code    22  flash_layer.o(i.FLASH_LAYER_ReadOutProtectionStatus)
    FLASH_ProgramWord                        0x080008a5   Thumb Code   102  stm32f10x_flash.o(i.FLASH_ProgramWord)
    FLASH_WaitForLastOperation               0x08000911   Thumb Code    38  stm32f10x_flash.o(i.FLASH_WaitForLastOperation)
    GPIO_EXTILineConfig                      0x08000939   Thumb Code    60  stm32f10x_gpio.o(i.GPIO_EXTILineConfig)
    GPIO_Init                                0x08000979   Thumb Code   278  stm32f10x_gpio.o(i.GPIO_Init)
    GPIO_ReadInputDataBit                    0x08000a8f   Thumb Code    18  stm32f10x_gpio.o(i.GPIO_ReadInputDataBit)
    GPIO_ResetBits                           0x08000aa1   Thumb Code     4  stm32f10x_gpio.o(i.GPIO_ResetBits)
    GPIO_SetBits                             0x08000aa5   Thumb Code     4  stm32f10x_gpio.o(i.GPIO_SetBits)
    HCD_GetCurrentFrame                      0x08000aa9   Thumb Code    10  usb_hcd.o(i.HCD_GetCurrentFrame)
    HCD_GetCurrentSpeed                      0x08000ab3   Thumb Code    18  usb_hcd.o(i.HCD_GetCurrentSpeed)
    HCD_GetURB_State                         0x08000ac5   Thumb Code     8  usb_hcd.o(i.HCD_GetURB_State)
    HCD_GetXferCnt                           0x08000acd   Thumb Code     8  usb_hcd.o(i.HCD_GetXferCnt)
    HCD_Init                                 0x08000ad5   Thumb Code    58  usb_hcd.o(i.HCD_Init)
    HCD_IsDeviceConnected                    0x08000b0f   Thumb Code     8  usb_hcd.o(i.HCD_IsDeviceConnected)
    HCD_ResetPort                            0x08000b17   Thumb Code    14  usb_hcd.o(i.HCD_ResetPort)
    HCD_SubmitRequest                        0x08000b25   Thumb Code    32  usb_hcd.o(i.HCD_SubmitRequest)
    HardFault_Handler                        0x08000b71   Thumb Code     4  stm32f10x_it.o(i.HardFault_Handler)
    MemManage_Handler                        0x08000b75   Thumb Code     4  stm32f10x_it.o(i.MemManage_Handler)
    NMI_Handler                              0x08000b79   Thumb Code     2  stm32f10x_it.o(i.NMI_Handler)
    NVIC_Init                                0x08000b7d   Thumb Code   100  misc.o(i.NVIC_Init)
    NVIC_PriorityGroupConfig                 0x08000bed   Thumb Code    10  misc.o(i.NVIC_PriorityGroupConfig)
    NVIC_SetVectorTable                      0x08000c01   Thumb Code    12  misc.o(i.NVIC_SetVectorTable)
    OTG_FS_IRQHandler                        0x08000c15   Thumb Code    10  stm32f10x_it.o(i.OTG_FS_IRQHandler)
    PendSV_Handler                           0x08000c25   Thumb Code     2  stm32f10x_it.o(i.PendSV_Handler)
    RCC_AHBPeriphClockCmd                    0x08000c29   Thumb Code    26  stm32f10x_rcc.o(i.RCC_AHBPeriphClockCmd)
    RCC_APB1PeriphClockCmd                   0x08000c49   Thumb Code    26  stm32f10x_rcc.o(i.RCC_APB1PeriphClockCmd)
    RCC_APB2PeriphClockCmd                   0x08000c69   Thumb Code    26  stm32f10x_rcc.o(i.RCC_APB2PeriphClockCmd)
    RCC_OTGFSCLKConfig                       0x08000c89   Thumb Code     6  stm32f10x_rcc.o(i.RCC_OTGFSCLKConfig)
    SVC_Handler                              0x08000c95   Thumb Code     2  stm32f10x_it.o(i.SVC_Handler)
    SystemInit                               0x08000db9   Thumb Code    92  system_stm32f10x_1.o(i.SystemInit)
    TIM2_IRQHandler                          0x08000e25   Thumb Code     8  stm32f10x_it.o(i.TIM2_IRQHandler)
    TIM_ARRPreloadConfig                     0x08000e2d   Thumb Code    24  stm32f10x_tim.o(i.TIM_ARRPreloadConfig)
    TIM_ClearITPendingBit                    0x08000e45   Thumb Code     6  stm32f10x_tim.o(i.TIM_ClearITPendingBit)
    TIM_Cmd                                  0x08000e4b   Thumb Code    24  stm32f10x_tim.o(i.TIM_Cmd)
    TIM_GetITStatus                          0x08000e63   Thumb Code    34  stm32f10x_tim.o(i.TIM_GetITStatus)
    TIM_ITConfig                             0x08000e85   Thumb Code    18  stm32f10x_tim.o(i.TIM_ITConfig)
    TIM_TimeBaseInit                         0x08000e99   Thumb Code   122  stm32f10x_tim.o(i.TIM_TimeBaseInit)
    USBH_Alloc_Channel                       0x08000f3d   Thumb Code    36  usbh_hcs.o(i.USBH_Alloc_Channel)
    USBH_BulkReceiveData                     0x08000f65   Thumb Code    96  usbh_ioreq.o(i.USBH_BulkReceiveData)
    USBH_BulkSendData                        0x08000fc5   Thumb Code    94  usbh_ioreq.o(i.USBH_BulkSendData)
    USBH_ClrFeature                          0x08001025   Thumb Code    78  usbh_stdreq.o(i.USBH_ClrFeature)
    USBH_Connect                             0x08001079   Thumb Code    18  usbh_core.o(i.USBH_Connect)
    USBH_CtlReceiveData                      0x08001091   Thumb Code    70  usbh_ioreq.o(i.USBH_CtlReceiveData)
    USBH_CtlReq                              0x080010d9   Thumb Code   122  usbh_ioreq.o(i.USBH_CtlReq)
    USBH_CtlSendData                         0x08001159   Thumb Code   144  usbh_ioreq.o(i.USBH_CtlSendData)
    USBH_CtlSendSetup                        0x080011e9   Thumb Code    78  usbh_ioreq.o(i.USBH_CtlSendSetup)
    USBH_Disconnect                          0x08001269   Thumb Code    18  usbh_core.o(i.USBH_Disconnect)
    USBH_ErrorHandle                         0x08001281   Thumb Code    46  usbh_core.o(i.USBH_ErrorHandle)
    USBH_Free_Channel                        0x080012b5   Thumb Code    26  usbh_hcs.o(i.USBH_Free_Channel)
    USBH_GetDescriptor                       0x080012d5   Thumb Code    74  usbh_stdreq.o(i.USBH_GetDescriptor)
    USBH_Get_CfgDesc                         0x08001325   Thumb Code    56  usbh_stdreq.o(i.USBH_Get_CfgDesc)
    USBH_Get_DevDesc                         0x08001361   Thumb Code    42  usbh_stdreq.o(i.USBH_Get_DevDesc)
    USBH_Get_StringDesc                      0x08001391   Thumb Code    50  usbh_stdreq.o(i.USBH_Get_StringDesc)
    USBH_Init                                0x08001825   Thumb Code    92  usbh_core.o(i.USBH_Init)
    USBH_MSC_BOTReset                        0x0800188d   Thumb Code    34  usbh_msc_core.o(i.USBH_MSC_BOTReset)
    USBH_MSC_BOT_Abort                       0x080018b5   Thumb Code    74  usbh_msc_bot.o(i.USBH_MSC_BOT_Abort)
    USBH_MSC_DecodeCSW                       0x08001921   Thumb Code    96  usbh_msc_bot.o(i.USBH_MSC_DecodeCSW)
    USBH_MSC_ErrorHandle                     0x08001995   Thumb Code    58  usbh_msc_core.o(i.USBH_MSC_ErrorHandle)
    USBH_MSC_GETMaxLUN                       0x080019d9   Thumb Code    36  usbh_msc_core.o(i.USBH_MSC_GETMaxLUN)
    USBH_MSC_HandleBOTXfer                   0x08001b91   Thumb Code   684  usbh_msc_bot.o(i.USBH_MSC_HandleBOTXfer)
    USBH_MSC_Init                            0x08001e61   Thumb Code    42  usbh_msc_bot.o(i.USBH_MSC_Init)
    USBH_MSC_ModeSense6                      0x08001fbd   Thumb Code   190  usbh_msc_scsi.o(i.USBH_MSC_ModeSense6)
    USBH_MSC_Read10                          0x08002091   Thumb Code   240  usbh_msc_scsi.o(i.USBH_MSC_Read10)
    USBH_MSC_ReadCapacity10                  0x08002191   Thumb Code   200  usbh_msc_scsi.o(i.USBH_MSC_ReadCapacity10)
    USBH_MSC_RequestSense                    0x0800226d   Thumb Code   206  usbh_msc_scsi.o(i.USBH_MSC_RequestSense)
    USBH_MSC_TestUnitReady                   0x08002351   Thumb Code   160  usbh_msc_scsi.o(i.USBH_MSC_TestUnitReady)
    USBH_MSC_Write10                         0x08002401   Thumb Code   204  usbh_msc_scsi.o(i.USBH_MSC_Write10)
    USBH_Modify_Channel                      0x080024d9   Thumb Code   100  usbh_hcs.o(i.USBH_Modify_Channel)
    USBH_OTG_ISR_Handler                     0x0800253d   Thumb Code   158  usb_hcd_int.o(i.USBH_OTG_ISR_Handler)
    USBH_Open_Channel                        0x080025dd   Thumb Code   136  usbh_hcs.o(i.USBH_Open_Channel)
    USBH_ParseClassDesc                      0x080026ff   Thumb Code     6  usbh_msc_core.o(i.USBH_ParseClassDesc)
    USBH_Process                             0x080027d9   Thumb Code   450  usbh_core.o(i.USBH_Process)
    USBH_SetAddress                          0x080029a9   Thumb Code    38  usbh_stdreq.o(i.USBH_SetAddress)
    USBH_SetCfg                              0x080029d5   Thumb Code    38  usbh_stdreq.o(i.USBH_SetCfg)
    USBH_USR_BufferSizeControl               0x08002a25   Thumb Code     2  usbh_usr.o(i.USBH_USR_BufferSizeControl)
    USBH_USR_Configuration_DescAvailable     0x08002a27   Thumb Code     2  usbh_usr.o(i.USBH_USR_Configuration_DescAvailable)
    USBH_USR_DeInit                          0x08002a29   Thumb Code     8  usbh_usr.o(i.USBH_USR_DeInit)
    USBH_USR_DeviceAddressAssigned           0x08002a35   Thumb Code     2  usbh_usr.o(i.USBH_USR_DeviceAddressAssigned)
    USBH_USR_DeviceAttached                  0x08002a37   Thumb Code     2  usbh_usr.o(i.USBH_USR_DeviceAttached)
    USBH_USR_DeviceDisconnected              0x08002a39   Thumb Code     2  usbh_usr.o(i.USBH_USR_DeviceDisconnected)
    USBH_USR_DeviceNotSupported              0x08002a3b   Thumb Code    12  usbh_usr.o(i.USBH_USR_DeviceNotSupported)
    USBH_USR_DeviceSpeedDetected             0x08002a47   Thumb Code     8  usbh_usr.o(i.USBH_USR_DeviceSpeedDetected)
    USBH_USR_Device_DescAvailable            0x08002a4f   Thumb Code     2  usbh_usr.o(i.USBH_USR_Device_DescAvailable)
    USBH_USR_DisplayBinaryFlashContents      0x08002a51   Thumb Code   446  usbh_usr.o(i.USBH_USR_DisplayBinaryFlashContents)
    USBH_USR_IAPMenu                         0x08002c35   Thumb Code    58  usbh_usr.o(i.USBH_USR_IAPMenu)
    USBH_USR_Init                            0x08002c85   Thumb Code     2  usbh_usr.o(i.USBH_USR_Init)
    USBH_USR_InitDownloadStructure           0x08002c89   Thumb Code   112  usbh_usr.o(i.USBH_USR_InitDownloadStructure)
    USBH_USR_JoystickInterrupt               0x08002d01   Thumb Code     2  usbh_usr.o(i.USBH_USR_JoystickInterrupt)
    USBH_USR_LCDClearPart                    0x08002d03   Thumb Code    18  usbh_usr.o(i.USBH_USR_LCDClearPart)
    USBH_USR_MSC_Application                 0x08002d15   Thumb Code    62  usbh_usr.o(i.USBH_USR_MSC_Application)
    USBH_USR_Manufacturer_String             0x08002d5d   Thumb Code     2  usbh_usr.o(i.USBH_USR_Manufacturer_String)
    USBH_USR_OverCurrentDetected             0x08002d5f   Thumb Code    12  usbh_usr.o(i.USBH_USR_OverCurrentDetected)
    USBH_USR_Product_String                  0x08002d6b   Thumb Code     2  usbh_usr.o(i.USBH_USR_Product_String)
    USBH_USR_ResetDevice                     0x08002d6d   Thumb Code     2  usbh_usr.o(i.USBH_USR_ResetDevice)
    USBH_USR_SelectControlMenu               0x08002d71   Thumb Code    60  usbh_usr.o(i.USBH_USR_SelectControlMenu)
    USBH_USR_SerialNum_String                0x08002db5   Thumb Code     2  usbh_usr.o(i.USBH_USR_SerialNum_String)
    USBH_USR_UnrecoveredError                0x08002db7   Thumb Code     2  usbh_usr.o(i.USBH_USR_UnrecoveredError)
    USBH_USR_UserInput                       0x08002db9   Thumb Code     4  usbh_usr.o(i.USBH_USR_UserInput)
    USB_OTG_BSP_ConfigVBUS                   0x08002dbd   Thumb Code    56  usb_bsp.o(i.USB_OTG_BSP_ConfigVBUS)
    USB_OTG_BSP_DriveVBUS                    0x08002df9   Thumb Code    30  usb_bsp.o(i.USB_OTG_BSP_DriveVBUS)
    USB_OTG_BSP_EnableInterrupt              0x08002e1d   Thumb Code    68  usb_bsp.o(i.USB_OTG_BSP_EnableInterrupt)
    USB_OTG_BSP_Init                         0x08002e61   Thumb Code    88  usb_bsp.o(i.USB_OTG_BSP_Init)
    USB_OTG_BSP_TimeInit                     0x08002ebd   Thumb Code    56  usb_bsp.o(i.USB_OTG_BSP_TimeInit)
    USB_OTG_BSP_TimerIRQ                     0x08002ef5   Thumb Code    50  usb_bsp.o(i.USB_OTG_BSP_TimerIRQ)
    USB_OTG_BSP_mDelay                       0x08002f2d   Thumb Code    14  usb_bsp.o(i.USB_OTG_BSP_mDelay)
    USB_OTG_BSP_uDelay                       0x08002f3b   Thumb Code    14  usb_bsp.o(i.USB_OTG_BSP_uDelay)
    USB_OTG_CoreInit                         0x08002f49   Thumb Code   206  usb_core.o(i.USB_OTG_CoreInit)
    USB_OTG_CoreInitHost                     0x08003029   Thumb Code   374  usb_core.o(i.USB_OTG_CoreInitHost)
    USB_OTG_DisableGlobalInt                 0x08003211   Thumb Code    34  usb_core.o(i.USB_OTG_DisableGlobalInt)
    USB_OTG_DriveVbus                        0x08003233   Thumb Code    86  usb_core.o(i.USB_OTG_DriveVbus)
    USB_OTG_EnableGlobalInt                  0x080032b9   Thumb Code    34  usb_core.o(i.USB_OTG_EnableGlobalInt)
    USB_OTG_EnableHostInt                    0x080032db   Thumb Code   106  usb_core.o(i.USB_OTG_EnableHostInt)
    USB_OTG_FlushRxFifo                      0x08003345   Thumb Code    70  usb_core.o(i.USB_OTG_FlushRxFifo)
    USB_OTG_FlushTxFifo                      0x08003391   Thumb Code    80  usb_core.o(i.USB_OTG_FlushTxFifo)
    USB_OTG_HC_Halt                          0x080033e5   Thumb Code   126  usb_core.o(i.USB_OTG_HC_Halt)
    USB_OTG_HC_Init                          0x08003463   Thumb Code   516  usb_core.o(i.USB_OTG_HC_Init)
    USB_OTG_HC_StartXfer                     0x08003667   Thumb Code   518  usb_core.o(i.USB_OTG_HC_StartXfer)
    USB_OTG_InitFSLSPClkSel                  0x0800386d   Thumb Code    24  usb_core.o(i.USB_OTG_InitFSLSPClkSel)
    USB_OTG_IsEvenFrame                      0x08003885   Thumb Code    16  usb_core.o(i.USB_OTG_IsEvenFrame)
    USB_OTG_ReadCoreItr                      0x08003895   Thumb Code    16  usb_core.o(i.USB_OTG_ReadCoreItr)
    USB_OTG_ReadHPRT0                        0x080038a5   Thumb Code    46  usb_core.o(i.USB_OTG_ReadHPRT0)
    USB_OTG_ReadHostAllChannels_intr         0x080038d3   Thumb Code     8  usb_core.o(i.USB_OTG_ReadHostAllChannels_intr)
    USB_OTG_ReadPacket                       0x080038db   Thumb Code    38  usb_core.o(i.USB_OTG_ReadPacket)
    USB_OTG_ResetPort                        0x08003901   Thumb Code    60  usb_core.o(i.USB_OTG_ResetPort)
    USB_OTG_SetHostMode                      0x0800393d   Thumb Code    48  usb_core.o(i.USB_OTG_SetHostMode)
    USB_OTG_StopHostMode                     0x0800396d   Thumb Code    66  usb_core.o(i.USB_OTG_StopHostMode)
    USB_OTG_WritePacket                      0x08004599   Thumb Code    58  usb_core.o(i.USB_OTG_WritePacket)
    UsageFault_Handler                       0x080045d3   Thumb Code     4  stm32f10x_it.o(i.UsageFault_Handler)
    dir_addCluster                           0x080045d7   Thumb Code   110  dir.o(i.dir_addCluster)
    dir_createDefaultEntry                   0x08004645   Thumb Code    54  dir.o(i.dir_createDefaultEntry)
    dir_createDirectoryEntry                 0x0800467b   Thumb Code    48  dir.o(i.dir_createDirectoryEntry)
    dir_findFileinBuf                        0x080046ab   Thumb Code   108  dir.o(i.dir_findFileinBuf)
    dir_findFreeEntryinBuf                   0x08004717   Thumb Code    72  dir.o(i.dir_findFreeEntryinBuf)
    dir_findinBuf                            0x0800475f   Thumb Code    48  dir.o(i.dir_findinBuf)
    dir_findinCluster                        0x0800478f   Thumb Code   112  dir.o(i.dir_findinCluster)
    dir_findinDir                            0x080047ff   Thumb Code   104  dir.o(i.dir_findinDir)
    dir_findinRootArea                       0x08004867   Thumb Code   126  dir.o(i.dir_findinRootArea)
    dir_getFatFileName                       0x080048e5   Thumb Code    72  dir.o(i.dir_getFatFileName)
    dir_getFileStructure                     0x0800492d   Thumb Code    48  dir.o(i.dir_getFileStructure)
    dir_setFileSize                          0x0800495d   Thumb Code    42  dir.o(i.dir_setFileSize)
    dir_setFirstCluster                      0x08004987   Thumb Code    52  dir.o(i.dir_setFirstCluster)
    dir_updateDirectoryEntry                 0x080049bb   Thumb Code    50  dir.o(i.dir_updateDirectoryEntry)
    disc_initDisc                            0x080049ed   Thumb Code    20  disc.o(i.disc_initDisc)
    disc_loadMBR                             0x08004a01   Thumb Code    60  disc.o(i.disc_loadMBR)
    efs_init                                 0x08004a3d   Thumb Code   118  efs.o(i.efs_init)
    ex_getPartitionField                     0x08004ab3   Thumb Code    76  extract.o(i.ex_getPartitionField)
    ex_getb16                                0x08004aff   Thumb Code    16  extract.o(i.ex_getb16)
    ex_getb32                                0x08004b0f   Thumb Code    30  extract.o(i.ex_getb32)
    fat_DiscToLogicCluster                   0x08004b2d   Thumb Code    70  fat.o(i.fat_DiscToLogicCluster)
    fat_LogicToDiscCluster                   0x08004b73   Thumb Code    92  fat.o(i.fat_LogicToDiscCluster)
    fat_allocClusterChain                    0x08004bcf   Thumb Code   316  fat.o(i.fat_allocClusterChain)
    fat_countClustersInChain                 0x08004d0b   Thumb Code    56  fat.o(i.fat_countClustersInChain)
    fat_getNextClusterAddress                0x08004d43   Thumb Code   188  fat.o(i.fat_getNextClusterAddress)
    fat_getNextClusterAddressWBuf            0x08004dff   Thumb Code   156  fat.o(i.fat_getNextClusterAddressWBuf)
    fat_getNextClusterChain                  0x08004e9b   Thumb Code   174  fat.o(i.fat_getNextClusterChain)
    fat_getSectorAddressFatEntry             0x08004f49   Thumb Code    82  fat.o(i.fat_getSectorAddressFatEntry)
    fat_giveEocMarker                        0x08004f9b   Thumb Code    42  fat.o(i.fat_giveEocMarker)
    fat_isEocMarker                          0x08004fc5   Thumb Code    70  fat.o(i.fat_isEocMarker)
    fat_setNextClusterAddress                0x08005011   Thumb Code   288  fat.o(i.fat_setNextClusterAddress)
    fat_setNextClusterAddressWBuf            0x08005131   Thumb Code   224  fat.o(i.fat_setNextClusterAddressWBuf)
    fat_unlinkClusterChain                   0x08005211   Thumb Code    74  fat.o(i.fat_unlinkClusterChain)
    file_fclose                              0x0800525b   Thumb Code   104  file.o(i.file_fclose)
    file_fopen                               0x080052c3   Thumb Code   596  file.o(i.file_fopen)
    file_fread                               0x08005517   Thumb Code   274  file.o(i.file_fread)
    file_fwrite                              0x08005629   Thumb Code   328  file.o(i.file_fwrite)
    file_getAttr                             0x08005771   Thumb Code    14  file.o(i.file_getAttr)
    file_initFile                            0x0800577f   Thumb Code    50  file.o(i.file_initFile)
    file_normalToFatName                     0x080057b1   Thumb Code   144  file.o(i.file_normalToFatName)
    file_read                                0x08005841   Thumb Code    36  file.o(i.file_read)
    file_requiredCluster                     0x08005865   Thumb Code   112  file.o(i.file_requiredCluster)
    file_setAttr                             0x080058d5   Thumb Code    36  file.o(i.file_setAttr)
    file_setpos                              0x080058f9   Thumb Code    20  file.o(i.file_setpos)
    file_validateChar                        0x0800590d   Thumb Code    68  file.o(i.file_validateChar)
    file_write                               0x08005951   Thumb Code    36  file.o(i.file_write)
    fs_clearCluster                          0x08005975   Thumb Code    70  fs.o(i.fs_clearCluster)
    fs_clusterToSector                       0x080059bb   Thumb Code    58  fs.o(i.fs_clusterToSector)
    fs_countDataSectors                      0x080059f5   Thumb Code    88  fs.o(i.fs_countDataSectors)
    fs_determineFatType                      0x08005a4d   Thumb Code    52  fs.o(i.fs_determineFatType)
    fs_findFile                              0x08005a81   Thumb Code   208  fs.o(i.fs_findFile)
    fs_findFirstSectorRootDir                0x08005b51   Thumb Code    46  fs.o(i.fs_findFirstSectorRootDir)
    fs_findFreeFile                          0x08005b7f   Thumb Code   112  fs.o(i.fs_findFreeFile)
    fs_flushFs                               0x08005bef   Thumb Code    16  fs.o(i.fs_flushFs)
    fs_getFirstClusterRootDir                0x08005bff   Thumb Code    18  fs.o(i.fs_getFirstClusterRootDir)
    fs_getLastCluster                        0x08005c11   Thumb Code    60  fs.o(i.fs_getLastCluster)
    fs_getNextFreeCluster                    0x08005c4d   Thumb Code    38  fs.o(i.fs_getNextFreeCluster)
    fs_giveFreeClusterHint                   0x08005c73   Thumb Code     6  fs.o(i.fs_giveFreeClusterHint)
    fs_hasTimeSupport                        0x08005c79   Thumb Code     4  time.o(i.fs_hasTimeSupport)
    fs_initClusterChain                      0x08005c7d   Thumb Code    16  fs.o(i.fs_initClusterChain)
    fs_initCurrentDir                        0x08005c8d   Thumb Code    14  fs.o(i.fs_initCurrentDir)
    fs_initFs                                0x08005c9b   Thumb Code    72  fs.o(i.fs_initFs)
    fs_isValidFat                            0x08005ce3   Thumb Code    50  fs.o(i.fs_isValidFat)
    fs_loadVolumeId                          0x08005d15   Thumb Code   116  fs.o(i.fs_loadVolumeId)
    fs_setFirstClusterInDirEntry             0x08005d89   Thumb Code     8  fs.o(i.fs_setFirstClusterInDirEntry)
    fs_umount                                0x08005d91   Thumb Code    12  fs.o(i.fs_umount)
    fs_verifySanity                          0x08005d9d   Thumb Code   178  fs.o(i.fs_verifySanity)
    if_initInterface                         0x08005e51   Thumb Code    24  usbh_msc_fs_interface.o(i.if_initInterface)
    if_readBuf                               0x08005e71   Thumb Code    62  usbh_msc_fs_interface.o(i.if_readBuf)
    if_writeBuf                              0x08005eb5   Thumb Code    62  usbh_msc_fs_interface.o(i.if_writeBuf)
    ioman_decUseCnt                          0x08005ef9   Thumb Code    42  ioman.o(i.ioman_decUseCnt)
    ioman_directSectorRead                   0x08005f23   Thumb Code   134  ioman.o(i.ioman_directSectorRead)
    ioman_directSectorWrite                  0x08005fa9   Thumb Code   168  ioman.o(i.ioman_directSectorWrite)
    ioman_findFreeSpot                       0x08006051   Thumb Code    40  ioman.o(i.ioman_findFreeSpot)
    ioman_findOverallocableSpot              0x08006079   Thumb Code   116  ioman.o(i.ioman_findOverallocableSpot)
    ioman_findSectorInCache                  0x080060ed   Thumb Code    54  ioman.o(i.ioman_findSectorInCache)
    ioman_findUnusedSpot                     0x08006123   Thumb Code   144  ioman.o(i.ioman_findUnusedSpot)
    ioman_flushRange                         0x080061b3   Thumb Code   110  ioman.o(i.ioman_flushRange)
    ioman_flushSector                        0x08006221   Thumb Code    96  ioman.o(i.ioman_flushSector)
    ioman_getAttr                            0x08006281   Thumb Code    32  ioman.o(i.ioman_getAttr)
    ioman_getBp                              0x080062a1   Thumb Code    46  ioman.o(i.ioman_getBp)
    ioman_getBuffer                          0x080062cf   Thumb Code     8  ioman.o(i.ioman_getBuffer)
    ioman_getPtr                             0x080062d7   Thumb Code    24  ioman.o(i.ioman_getPtr)
    ioman_getRefCnt                          0x080062ef   Thumb Code    24  ioman.o(i.ioman_getRefCnt)
    ioman_getSector                          0x08006307   Thumb Code   326  ioman.o(i.ioman_getSector)
    ioman_getUseCnt                          0x0800644d   Thumb Code    24  ioman.o(i.ioman_getUseCnt)
    ioman_incRefCnt                          0x08006465   Thumb Code    44  ioman.o(i.ioman_incRefCnt)
    ioman_incUseCnt                          0x08006491   Thumb Code    44  ioman.o(i.ioman_incUseCnt)
    ioman_init                               0x080064bd   Thumb Code    36  ioman.o(i.ioman_init)
    ioman_pop                                0x080064e1   Thumb Code   128  ioman.o(i.ioman_pop)
    ioman_push                               0x08006561   Thumb Code   120  ioman.o(i.ioman_push)
    ioman_putSectorInCache                   0x080065d9   Thumb Code    76  ioman.o(i.ioman_putSectorInCache)
    ioman_readSector                         0x08006625   Thumb Code    46  ioman.o(i.ioman_readSector)
    ioman_releaseSector                      0x08006653   Thumb Code   102  ioman.o(i.ioman_releaseSector)
    ioman_reset                              0x080066b9   Thumb Code   122  ioman.o(i.ioman_reset)
    ioman_resetCacheItem                     0x08006733   Thumb Code    38  ioman.o(i.ioman_resetCacheItem)
    ioman_setAttr                            0x08006759   Thumb Code    62  ioman.o(i.ioman_setAttr)
    ioman_writeSector                        0x08006797   Thumb Code    48  ioman.o(i.ioman_writeSector)
    ls_fileEntryToDirListEntry               0x080067c7   Thumb Code    62  ls.o(i.ls_fileEntryToDirListEntry)
    ls_getDirEntry                           0x08006805   Thumb Code    36  ls.o(i.ls_getDirEntry)
    ls_getNext                               0x08006829   Thumb Code    48  ls.o(i.ls_getNext)
    ls_getRealDirEntry                       0x08006859   Thumb Code   138  ls.o(i.ls_getRealDirEntry)
    ls_getRootAreaEntry                      0x080068e3   Thumb Code   114  ls.o(i.ls_getRootAreaEntry)
    ls_isValidFileEntry                      0x08006955   Thumb Code    40  ls.o(i.ls_isValidFileEntry)
    ls_openDir                               0x0800697d   Thumb Code    68  ls.o(i.ls_openDir)
    main                                     0x080069c1   Thumb Code    22  main.o(i.main)
    memClr                                   0x080069e5   Thumb Code    18  plibc.o(i.memClr)
    memCpy                                   0x080069f7   Thumb Code    24  plibc.o(i.memCpy)
    part_directSectorRead                    0x08006a0f   Thumb Code    36  partition.o(i.part_directSectorRead)
    part_directSectorWrite                   0x08006a33   Thumb Code    36  partition.o(i.part_directSectorWrite)
    part_flushPart                           0x08006a57   Thumb Code    46  partition.o(i.part_flushPart)
    part_getRealLBA                          0x08006a85   Thumb Code    20  partition.o(i.part_getRealLBA)
    part_getSect                             0x08006a99   Thumb Code    36  partition.o(i.part_getSect)
    part_initPartition                       0x08006abd   Thumb Code    46  partition.o(i.part_initPartition)
    part_isFatPart                           0x08006aeb   Thumb Code    34  partition.o(i.part_isFatPart)
    part_relSect                             0x08006b0d   Thumb Code    18  partition.o(i.part_relSect)
    rmfile                                   0x08006b1f   Thumb Code   130  ui.o(i.rmfile)
    strMatch                                 0x08006ba1   Thumb Code    32  plibc.o(i.strMatch)
    Region$$Table$$Base                      0x08006bc0   Number         0  anon$$obj.o(Region$$Table)
    Region$$Table$$Limit                     0x08006be0   Number         0  anon$$obj.o(Region$$Table)
    HSEStartUpStatus                         0x20000010   Data           1  usb_bsp.o(.data)
    BSP_delay                                0x20000014   Data           4  usb_bsp.o(.data)
    USR_Callbacks                            0x20000018   Data          64  usbh_usr.o(.data)
    joystick_use                             0x20000058   Data           1  usbh_usr.o(.data)
    lcdLineNo                                0x20000059   Data           1  usbh_usr.o(.data)
    CMD_index                                0x20000552   Data           1  stm32f10x_it.o(.data)
    Seclect_CommandCounter                   0x20000553   Data           1  stm32f10x_it.o(.data)
    Seclect_FileCounter                      0x20000554   Data           1  stm32f10x_it.o(.data)
    USBH_DeviceConnStatus_cb                 0x20000558   Data          12  usbh_core.o(.data)
    setup                                    0x20000566   Data           8  usbh_stdreq.o(.data)
    MSC_Setup                                0x20000580   Data           8  usbh_msc_core.o(.data)
    MSCErrorCount                            0x20000588   Data           1  usbh_msc_core.o(.data)
    MSC_cb                                   0x2000058c   Data          16  usbh_msc_core.o(.data)
    Download_File                            0x200005a0   Data         117  command.o(.bss)
    efs                                      0x20008618   Data         692  usbh_usr.o(.bss)
    file                                     0x200088cc   Data          80  usbh_usr.o(.bss)
    fileR                                    0x2000891c   Data          80  usbh_usr.o(.bss)
    list                                     0x2000896c   Data          52  usbh_usr.o(.bss)
    USB_OTG_FS_dev                           0x200089a0   Data         640  usbh_core.o(.bss)
    USBH_Machine                             0x20008c20   Data          40  usbh_core.o(.bss)
    USBH_Device                              0x20008c48   Data          66  usbh_core.o(.bss)
    USBH_Channels                            0x20008c8a   Data          16  usbh_hcs.o(.bss)
    Rx_Buffer                                0x20008c9a   Data         255  usbh_stdreq.o(.bss)
    USBH_MSC_CBWData                         0x20008d9c   Data          32  usbh_msc_bot.o(.bss)
    USBH_MSC_CSWData                         0x20008dbc   Data          16  usbh_msc_bot.o(.bss)
    USBH_MSC_BOTXferParam                    0x20008dcc   Data          16  usbh_msc_bot.o(.bss)
    MSC_Machine                              0x20008ddc   Data          74  usbh_msc_core.o(.bss)
    USBH_MSC_Param                           0x20008e28   Data          16  usbh_msc_scsi.o(.bss)
    USBH_DataInBuffer                        0x20008e38   Data         512  usbh_msc_scsi.o(.bss)
    USBH_DataOutBuffer                       0x20009038   Data         512  usbh_msc_scsi.o(.bss)
    __libspace_start                         0x20009238   Data          96  libspace.o(.bss)
    __temporary_stack_top$libspace           0x20009298   Data           0  libspace.o(.bss)



==============================================================================

Memory Map of the image

  Image Entry point : 0x08000151

  Load Region LR_IROM1 (Base: 0x08000000, Size: 0x00007180, Max: 0x00040000, ABSOLUTE, COMPRESSED[0x00006ed8])

    Execution Region ER_IROM1 (Base: 0x08000000, Size: 0x00006be0, Max: 0x00040000, ABSOLUTE)

    Base Addr    Size         Type   Attr      Idx    E Section Name        Object

    0x08000000   0x00000150   Data   RO         3699    RESET               startup_stm32f10x_cl.o
    0x08000150   0x00000008   Code   RO         5348  * !!!main             c_w.l(__main.o)
    0x08000158   0x00000034   Code   RO         5507    !!!scatter          c_w.l(__scatter.o)
    0x0800018c   0x00000064   Code   RO         5505    !!dclz77c           c_w.l(__dclz77c.o)
    0x080001f0   0x0000001c   Code   RO         5509    !!handler_zi        c_w.l(__scatter_zi.o)
    0x0800020c   0x00000002   Code   RO         5375    .ARM.Collect$$libinit$$00000000  c_w.l(libinit.o)
    0x0800020e   0x00000000   Code   RO         5382    .ARM.Collect$$libinit$$00000002  c_w.l(libinit2.o)
    0x0800020e   0x00000000   Code   RO         5384    .ARM.Collect$$libinit$$00000004  c_w.l(libinit2.o)
    0x0800020e   0x00000000   Code   RO         5387    .ARM.Collect$$libinit$$0000000A  c_w.l(libinit2.o)
    0x0800020e   0x00000000   Code   RO         5389    .ARM.Collect$$libinit$$0000000C  c_w.l(libinit2.o)
    0x0800020e   0x00000000   Code   RO         5391    .ARM.Collect$$libinit$$0000000E  c_w.l(libinit2.o)
    0x0800020e   0x00000000   Code   RO         5394    .ARM.Collect$$libinit$$00000011  c_w.l(libinit2.o)
    0x0800020e   0x00000000   Code   RO         5396    .ARM.Collect$$libinit$$00000013  c_w.l(libinit2.o)
    0x0800020e   0x00000000   Code   RO         5398    .ARM.Collect$$libinit$$00000015  c_w.l(libinit2.o)
    0x0800020e   0x00000000   Code   RO         5400    .ARM.Collect$$libinit$$00000017  c_w.l(libinit2.o)
    0x0800020e   0x00000000   Code   RO         5402    .ARM.Collect$$libinit$$00000019  c_w.l(libinit2.o)
    0x0800020e   0x00000000   Code   RO         5404    .ARM.Collect$$libinit$$0000001B  c_w.l(libinit2.o)
    0x0800020e   0x00000000   Code   RO         5406    .ARM.Collect$$libinit$$0000001D  c_w.l(libinit2.o)
    0x0800020e   0x00000000   Code   RO         5408    .ARM.Collect$$libinit$$0000001F  c_w.l(libinit2.o)
    0x0800020e   0x00000000   Code   RO         5410    .ARM.Collect$$libinit$$00000021  c_w.l(libinit2.o)
    0x0800020e   0x00000000   Code   RO         5412    .ARM.Collect$$libinit$$00000023  c_w.l(libinit2.o)
    0x0800020e   0x00000000   Code   RO         5414    .ARM.Collect$$libinit$$00000025  c_w.l(libinit2.o)
    0x0800020e   0x00000000   Code   RO         5418    .ARM.Collect$$libinit$$0000002C  c_w.l(libinit2.o)
    0x0800020e   0x00000000   Code   RO         5420    .ARM.Collect$$libinit$$0000002E  c_w.l(libinit2.o)
    0x0800020e   0x00000000   Code   RO         5422    .ARM.Collect$$libinit$$00000030  c_w.l(libinit2.o)
    0x0800020e   0x00000000   Code   RO         5424    .ARM.Collect$$libinit$$00000032  c_w.l(libinit2.o)
    0x0800020e   0x00000002   Code   RO         5425    .ARM.Collect$$libinit$$00000033  c_w.l(libinit2.o)
    0x08000210   0x00000002   Code   RO         5445    .ARM.Collect$$libshutdown$$00000000  c_w.l(libshutdown.o)
    0x08000212   0x00000000   Code   RO         5458    .ARM.Collect$$libshutdown$$00000002  c_w.l(libshutdown2.o)
    0x08000212   0x00000000   Code   RO         5460    .ARM.Collect$$libshutdown$$00000004  c_w.l(libshutdown2.o)
    0x08000212   0x00000000   Code   RO         5463    .ARM.Collect$$libshutdown$$00000007  c_w.l(libshutdown2.o)
    0x08000212   0x00000000   Code   RO         5466    .ARM.Collect$$libshutdown$$0000000A  c_w.l(libshutdown2.o)
    0x08000212   0x00000000   Code   RO         5468    .ARM.Collect$$libshutdown$$0000000C  c_w.l(libshutdown2.o)
    0x08000212   0x00000000   Code   RO         5471    .ARM.Collect$$libshutdown$$0000000F  c_w.l(libshutdown2.o)
    0x08000212   0x00000002   Code   RO         5472    .ARM.Collect$$libshutdown$$00000010  c_w.l(libshutdown2.o)
    0x08000214   0x00000000   Code   RO         5350    .ARM.Collect$$rtentry$$00000000  c_w.l(__rtentry.o)
    0x08000214   0x00000000   Code   RO         5352    .ARM.Collect$$rtentry$$00000002  c_w.l(__rtentry2.o)
    0x08000214   0x00000006   Code   RO         5364    .ARM.Collect$$rtentry$$00000004  c_w.l(__rtentry4.o)
    0x0800021a   0x00000000   Code   RO         5354    .ARM.Collect$$rtentry$$00000009  c_w.l(__rtentry2.o)
    0x0800021a   0x00000004   Code   RO         5355    .ARM.Collect$$rtentry$$0000000A  c_w.l(__rtentry2.o)
    0x0800021e   0x00000000   Code   RO         5357    .ARM.Collect$$rtentry$$0000000C  c_w.l(__rtentry2.o)
    0x0800021e   0x00000008   Code   RO         5358    .ARM.Collect$$rtentry$$0000000D  c_w.l(__rtentry2.o)
    0x08000226   0x00000002   Code   RO         5379    .ARM.Collect$$rtexit$$00000000  c_w.l(rtexit.o)
    0x08000228   0x00000000   Code   RO         5427    .ARM.Collect$$rtexit$$00000002  c_w.l(rtexit2.o)
    0x08000228   0x00000004   Code   RO         5428    .ARM.Collect$$rtexit$$00000003  c_w.l(rtexit2.o)
    0x0800022c   0x00000006   Code   RO         5429    .ARM.Collect$$rtexit$$00000004  c_w.l(rtexit2.o)
    0x08000232   0x00000002   PAD
    0x08000234   0x00000040   Code   RO         3700    .text               startup_stm32f10x_cl.o
    0x08000274   0x00000064   Code   RO         5344    .text               c_w.l(rt_memcpy_w.o)
    0x080002d8   0x00000006   Code   RO         5346    .text               c_w.l(heapauxi.o)
    0x080002de   0x0000004a   Code   RO         5366    .text               c_w.l(sys_stackheap_outer.o)
    0x08000328   0x00000012   Code   RO         5368    .text               c_w.l(exit.o)
    0x0800033a   0x00000002   PAD
    0x0800033c   0x00000008   Code   RO         5376    .text               c_w.l(libspace.o)
    0x08000344   0x0000000c   Code   RO         5437    .text               c_w.l(sys_exit.o)
    0x08000350   0x00000002   Code   RO         5448    .text               c_w.l(use_no_semi.o)
    0x08000352   0x00000000   Code   RO         5450    .text               c_w.l(indicate_semi.o)
    0x08000352   0x00000002   PAD
    0x08000354   0x0000002c   Code   RO          302    i.BSP_Delay         usb_bsp.o
    0x08000380   0x00000002   Code   RO          303    i.BSP_Init          usb_bsp.o
    0x08000382   0x0000006e   Code   RO          304    i.BSP_SetTime       usb_bsp.o
    0x080003f0   0x00000004   Code   RO          539    i.BusFault_Handler  stm32f10x_it.o
    0x080003f4   0x00000120   Code   RO            1    i.COMMAND_DOWNLOAD  command.o
    0x08000514   0x0000002c   Code   RO            2    i.COMMAND_IAPExecuteApplication  command.o
    0x08000540   0x00000028   Code   RO            3    i.COMMAND_JUMP      command.o
    0x08000568   0x000000b4   Code   RO            4    i.COMMAND_ProgramFlashMemory  command.o
    0x0800061c   0x000000c4   Code   RO            5    i.COMMAND_UPLOAD    command.o
    0x080006e0   0x00000002   Code   RO          540    i.DebugMon_Handler  stm32f10x_it.o
    0x080006e2   0x00000002   Code   RO          541    i.EXTI15_10_IRQHandler  stm32f10x_it.o
    0x080006e4   0x00000020   Code   RO          542    i.EXTI1_IRQHandler  stm32f10x_it.o
    0x08000704   0x0000000c   Code   RO         1429    i.EXTI_ClearITPendingBit  stm32f10x_exti.o
    0x08000710   0x00000028   Code   RO         1433    i.EXTI_GetITStatus  stm32f10x_exti.o
    0x08000738   0x00000094   Code   RO         1434    i.EXTI_Init         stm32f10x_exti.o
    0x080007cc   0x0000004c   Code   RO         1487    i.FLASH_ErasePage   stm32f10x_flash.o
    0x08000818   0x00000034   Code   RO         1488    i.FLASH_GetBank1Status  stm32f10x_flash.o
    0x0800084c   0x00000018   Code   RO         1491    i.FLASH_GetReadOutProtectionStatus  stm32f10x_flash.o
    0x08000864   0x00000012   Code   RO          249    i.FLASH_LAYER_ErasePage  flash_layer.o
    0x08000876   0x00000016   Code   RO          251    i.FLASH_LAYER_ProgramWord  flash_layer.o
    0x0800088c   0x00000016   Code   RO          252    i.FLASH_LAYER_ReadOutProtectionStatus  flash_layer.o
    0x080008a2   0x00000002   PAD
    0x080008a4   0x0000006c   Code   RO         1502    i.FLASH_ProgramWord  stm32f10x_flash.o
    0x08000910   0x00000026   Code   RO         1509    i.FLASH_WaitForLastOperation  stm32f10x_flash.o
    0x08000936   0x00000002   PAD
    0x08000938   0x00000040   Code   RO         1779    i.GPIO_EXTILineConfig  stm32f10x_gpio.o
    0x08000978   0x00000116   Code   RO         1782    i.GPIO_Init         stm32f10x_gpio.o
    0x08000a8e   0x00000012   Code   RO         1786    i.GPIO_ReadInputDataBit  stm32f10x_gpio.o
    0x08000aa0   0x00000004   Code   RO         1789    i.GPIO_ResetBits    stm32f10x_gpio.o
    0x08000aa4   0x00000004   Code   RO         1790    i.GPIO_SetBits      stm32f10x_gpio.o
    0x08000aa8   0x0000000a   Code   RO         3858    i.HCD_GetCurrentFrame  usb_hcd.o
    0x08000ab2   0x00000012   Code   RO         3859    i.HCD_GetCurrentSpeed  usb_hcd.o
    0x08000ac4   0x00000008   Code   RO         3861    i.HCD_GetURB_State  usb_hcd.o
    0x08000acc   0x00000008   Code   RO         3862    i.HCD_GetXferCnt    usb_hcd.o
    0x08000ad4   0x0000003a   Code   RO         3864    i.HCD_Init          usb_hcd.o
    0x08000b0e   0x00000008   Code   RO         3865    i.HCD_IsDeviceConnected  usb_hcd.o
    0x08000b16   0x0000000e   Code   RO         3866    i.HCD_ResetPort     usb_hcd.o
    0x08000b24   0x00000020   Code   RO         3867    i.HCD_SubmitRequest  usb_hcd.o
    0x08000b44   0x0000002c   Code   RO         4052    i.HC_GetFreeChannel  usbh_hcs.o
    0x08000b70   0x00000004   Code   RO          543    i.HardFault_Handler  stm32f10x_it.o
    0x08000b74   0x00000004   Code   RO          544    i.MemManage_Handler  stm32f10x_it.o
    0x08000b78   0x00000002   Code   RO          545    i.NMI_Handler       stm32f10x_it.o
    0x08000b7a   0x00000002   PAD
    0x08000b7c   0x00000070   Code   RO          631    i.NVIC_Init         misc.o
    0x08000bec   0x00000014   Code   RO          632    i.NVIC_PriorityGroupConfig  misc.o
    0x08000c00   0x00000014   Code   RO          633    i.NVIC_SetVectorTable  misc.o
    0x08000c14   0x00000010   Code   RO          546    i.OTG_FS_IRQHandler  stm32f10x_it.o
    0x08000c24   0x00000002   Code   RO          547    i.PendSV_Handler    stm32f10x_it.o
    0x08000c26   0x00000002   PAD
    0x08000c28   0x00000020   Code   RO         2197    i.RCC_AHBPeriphClockCmd  stm32f10x_rcc.o
    0x08000c48   0x00000020   Code   RO         2199    i.RCC_APB1PeriphClockCmd  stm32f10x_rcc.o
    0x08000c68   0x00000020   Code   RO         2201    i.RCC_APB2PeriphClockCmd  stm32f10x_rcc.o
    0x08000c88   0x0000000c   Code   RO         2222    i.RCC_OTGFSCLKConfig  stm32f10x_rcc.o
    0x08000c94   0x00000002   Code   RO          548    i.SVC_Handler       stm32f10x_it.o
    0x08000c96   0x00000008   Code   RO         3663    i.SetSysClock       system_stm32f10x_1.o
    0x08000c9e   0x00000002   PAD
    0x08000ca0   0x00000118   Code   RO         3664    i.SetSysClockTo72   system_stm32f10x_1.o
    0x08000db8   0x0000006c   Code   RO         3666    i.SystemInit        system_stm32f10x_1.o
    0x08000e24   0x00000008   Code   RO          549    i.TIM2_IRQHandler   stm32f10x_it.o
    0x08000e2c   0x00000018   Code   RO         2874    i.TIM_ARRPreloadConfig  stm32f10x_tim.o
    0x08000e44   0x00000006   Code   RO         2881    i.TIM_ClearITPendingBit  stm32f10x_tim.o
    0x08000e4a   0x00000018   Code   RO         2886    i.TIM_Cmd           stm32f10x_tim.o
    0x08000e62   0x00000022   Code   RO         2907    i.TIM_GetITStatus   stm32f10x_tim.o
    0x08000e84   0x00000012   Code   RO         2911    i.TIM_ITConfig      stm32f10x_tim.o
    0x08000e96   0x00000002   PAD
    0x08000e98   0x000000a4   Code   RO         2957    i.TIM_TimeBaseInit  stm32f10x_tim.o
    0x08000f3c   0x00000028   Code   RO         4053    i.USBH_Alloc_Channel  usbh_hcs.o
    0x08000f64   0x00000060   Code   RO         4090    i.USBH_BulkReceiveData  usbh_ioreq.o
    0x08000fc4   0x0000005e   Code   RO         4091    i.USBH_BulkSendData  usbh_ioreq.o
    0x08001022   0x00000002   PAD
    0x08001024   0x00000054   Code   RO         4149    i.USBH_ClrFeature   usbh_stdreq.o
    0x08001078   0x00000018   Code   RO         3986    i.USBH_Connect      usbh_core.o
    0x08001090   0x00000046   Code   RO         4092    i.USBH_CtlReceiveData  usbh_ioreq.o
    0x080010d6   0x00000002   PAD
    0x080010d8   0x00000080   Code   RO         4093    i.USBH_CtlReq       usbh_ioreq.o
    0x08001158   0x00000090   Code   RO         4094    i.USBH_CtlSendData  usbh_ioreq.o
    0x080011e8   0x0000004e   Code   RO         4095    i.USBH_CtlSendSetup  usbh_ioreq.o
    0x08001236   0x00000002   PAD
    0x08001238   0x00000030   Code   RO         3987    i.USBH_DeInit       usbh_core.o
    0x08001268   0x00000018   Code   RO         3988    i.USBH_Disconnect   usbh_core.o
    0x08001280   0x00000034   Code   RO         3989    i.USBH_ErrorHandle  usbh_core.o
    0x080012b4   0x00000020   Code   RO         4054    i.USBH_Free_Channel  usbh_hcs.o
    0x080012d4   0x00000050   Code   RO         4150    i.USBH_GetDescriptor  usbh_stdreq.o
    0x08001324   0x0000003c   Code   RO         4151    i.USBH_Get_CfgDesc  usbh_stdreq.o
    0x08001360   0x00000030   Code   RO         4152    i.USBH_Get_DevDesc  usbh_stdreq.o
    0x08001390   0x00000038   Code   RO         4153    i.USBH_Get_StringDesc  usbh_stdreq.o
    0x080013c8   0x00000228   Code   RO         3990    i.USBH_HandleControl  usbh_core.o
    0x080015f0   0x00000234   Code   RO         3991    i.USBH_HandleEnum   usbh_core.o
    0x08001824   0x00000068   Code   RO         3992    i.USBH_Init         usbh_core.o
    0x0800188c   0x00000028   Code   RO         4270    i.USBH_MSC_BOTReset  usbh_msc_core.o
    0x080018b4   0x00000058   Code   RO         4233    i.USBH_MSC_BOT_Abort  usbh_msc_bot.o
    0x0800190c   0x00000014   Code   RO         4271    i.USBH_MSC_ClassRequest  usbh_msc_core.o
    0x08001920   0x00000074   Code   RO         4234    i.USBH_MSC_DecodeCSW  usbh_msc_bot.o
    0x08001994   0x00000044   Code   RO         4272    i.USBH_MSC_ErrorHandle  usbh_msc_core.o
    0x080019d8   0x0000002c   Code   RO         4273    i.USBH_MSC_GETMaxLUN  usbh_msc_core.o
    0x08001a04   0x0000018c   Code   RO         4274    i.USBH_MSC_Handle   usbh_msc_core.o
    0x08001b90   0x000002d0   Code   RO         4235    i.USBH_MSC_HandleBOTXfer  usbh_msc_bot.o
    0x08001e60   0x00000048   Code   RO         4236    i.USBH_MSC_Init     usbh_msc_bot.o
    0x08001ea8   0x00000050   Code   RO         4275    i.USBH_MSC_InterfaceDeInit  usbh_msc_core.o
    0x08001ef8   0x000000c4   Code   RO         4276    i.USBH_MSC_InterfaceInit  usbh_msc_core.o
    0x08001fbc   0x000000d4   Code   RO         4378    i.USBH_MSC_ModeSense6  usbh_msc_scsi.o
    0x08002090   0x00000100   Code   RO         4379    i.USBH_MSC_Read10   usbh_msc_scsi.o
    0x08002190   0x000000dc   Code   RO         4380    i.USBH_MSC_ReadCapacity10  usbh_msc_scsi.o
    0x0800226c   0x000000e4   Code   RO         4381    i.USBH_MSC_RequestSense  usbh_msc_scsi.o
    0x08002350   0x000000b0   Code   RO         4382    i.USBH_MSC_TestUnitReady  usbh_msc_scsi.o
    0x08002400   0x000000d8   Code   RO         4383    i.USBH_MSC_Write10  usbh_msc_scsi.o
    0x080024d8   0x00000064   Code   RO         4055    i.USBH_Modify_Channel  usbh_hcs.o
    0x0800253c   0x0000009e   Code   RO         3924    i.USBH_OTG_ISR_Handler  usb_hcd_int.o
    0x080025da   0x00000002   PAD
    0x080025dc   0x0000008c   Code   RO         4056    i.USBH_Open_Channel  usbh_hcs.o
    0x08002668   0x00000096   Code   RO         4154    i.USBH_ParseCfgDesc  usbh_stdreq.o
    0x080026fe   0x00000006   Code   RO         4279    i.USBH_ParseClassDesc  usbh_msc_core.o
    0x08002704   0x00000058   Code   RO         4155    i.USBH_ParseDevDesc  usbh_stdreq.o
    0x0800275c   0x00000020   Code   RO         4156    i.USBH_ParseEPDesc  usbh_stdreq.o
    0x0800277c   0x00000026   Code   RO         4157    i.USBH_ParseInterfaceDesc  usbh_stdreq.o
    0x080027a2   0x00000036   Code   RO         4158    i.USBH_ParseStringDesc  usbh_stdreq.o
    0x080027d8   0x000001d0   Code   RO         3993    i.USBH_Process      usbh_core.o
    0x080029a8   0x0000002c   Code   RO         4159    i.USBH_SetAddress   usbh_stdreq.o
    0x080029d4   0x0000002c   Code   RO         4160    i.USBH_SetCfg       usbh_stdreq.o
    0x08002a00   0x00000024   Code   RO         4098    i.USBH_SubmitSetupRequest  usbh_ioreq.o
    0x08002a24   0x00000002   Code   RO          375    i.USBH_USR_BufferSizeControl  usbh_usr.o
    0x08002a26   0x00000002   Code   RO          376    i.USBH_USR_Configuration_DescAvailable  usbh_usr.o
    0x08002a28   0x0000000c   Code   RO          377    i.USBH_USR_DeInit   usbh_usr.o
    0x08002a34   0x00000002   Code   RO          378    i.USBH_USR_DeviceAddressAssigned  usbh_usr.o
    0x08002a36   0x00000002   Code   RO          379    i.USBH_USR_DeviceAttached  usbh_usr.o
    0x08002a38   0x00000002   Code   RO          380    i.USBH_USR_DeviceDisconnected  usbh_usr.o
    0x08002a3a   0x0000000c   Code   RO          381    i.USBH_USR_DeviceNotSupported  usbh_usr.o
    0x08002a46   0x00000008   Code   RO          382    i.USBH_USR_DeviceSpeedDetected  usbh_usr.o
    0x08002a4e   0x00000002   Code   RO          383    i.USBH_USR_Device_DescAvailable  usbh_usr.o
    0x08002a50   0x000001e4   Code   RO          384    i.USBH_USR_DisplayBinaryFlashContents  usbh_usr.o
    0x08002c34   0x00000050   Code   RO          386    i.USBH_USR_IAPMenu  usbh_usr.o
    0x08002c84   0x00000002   Code   RO          387    i.USBH_USR_Init     usbh_usr.o
    0x08002c86   0x00000002   PAD
    0x08002c88   0x00000078   Code   RO          388    i.USBH_USR_InitDownloadStructure  usbh_usr.o
    0x08002d00   0x00000002   Code   RO          389    i.USBH_USR_JoystickInterrupt  usbh_usr.o
    0x08002d02   0x00000012   Code   RO          390    i.USBH_USR_LCDClearPart  usbh_usr.o
    0x08002d14   0x00000048   Code   RO          391    i.USBH_USR_MSC_Application  usbh_usr.o
    0x08002d5c   0x00000002   Code   RO          392    i.USBH_USR_Manufacturer_String  usbh_usr.o
    0x08002d5e   0x0000000c   Code   RO          393    i.USBH_USR_OverCurrentDetected  usbh_usr.o
    0x08002d6a   0x00000002   Code   RO          394    i.USBH_USR_Product_String  usbh_usr.o
    0x08002d6c   0x00000002   Code   RO          395    i.USBH_USR_ResetDevice  usbh_usr.o
    0x08002d6e   0x00000002   PAD
    0x08002d70   0x00000044   Code   RO          396    i.USBH_USR_SelectControlMenu  usbh_usr.o
    0x08002db4   0x00000002   Code   RO          397    i.USBH_USR_SerialNum_String  usbh_usr.o
    0x08002db6   0x00000002   Code   RO          398    i.USBH_USR_UnrecoveredError  usbh_usr.o
    0x08002db8   0x00000004   Code   RO          399    i.USBH_USR_UserInput  usbh_usr.o
    0x08002dbc   0x0000003c   Code   RO          305    i.USB_OTG_BSP_ConfigVBUS  usb_bsp.o
    0x08002df8   0x00000024   Code   RO          306    i.USB_OTG_BSP_DriveVBUS  usb_bsp.o
    0x08002e1c   0x00000044   Code   RO          307    i.USB_OTG_BSP_EnableInterrupt  usb_bsp.o
    0x08002e60   0x0000005c   Code   RO          308    i.USB_OTG_BSP_Init  usb_bsp.o
    0x08002ebc   0x00000038   Code   RO          309    i.USB_OTG_BSP_TimeInit  usb_bsp.o
    0x08002ef4   0x00000038   Code   RO          310    i.USB_OTG_BSP_TimerIRQ  usb_bsp.o
    0x08002f2c   0x0000000e   Code   RO          311    i.USB_OTG_BSP_mDelay  usb_bsp.o
    0x08002f3a   0x0000000e   Code   RO          312    i.USB_OTG_BSP_uDelay  usb_bsp.o
    0x08002f48   0x000000e0   Code   RO         3704    i.USB_OTG_CoreInit  usb_core.o
    0x08003028   0x00000176   Code   RO         3705    i.USB_OTG_CoreInitHost  usb_core.o
    0x0800319e   0x00000002   PAD
    0x080031a0   0x00000070   Code   RO         3706    i.USB_OTG_CoreReset  usb_core.o
    0x08003210   0x00000022   Code   RO         3707    i.USB_OTG_DisableGlobalInt  usb_core.o
    0x08003232   0x00000056   Code   RO         3708    i.USB_OTG_DriveVbus  usb_core.o
    0x08003288   0x00000030   Code   RO         3709    i.USB_OTG_EnableCommonInt  usb_core.o
    0x080032b8   0x00000022   Code   RO         3710    i.USB_OTG_EnableGlobalInt  usb_core.o
    0x080032da   0x0000006a   Code   RO         3711    i.USB_OTG_EnableHostInt  usb_core.o
    0x08003344   0x0000004c   Code   RO         3712    i.USB_OTG_FlushRxFifo  usb_core.o
    0x08003390   0x00000054   Code   RO         3713    i.USB_OTG_FlushTxFifo  usb_core.o
    0x080033e4   0x0000007e   Code   RO         3714    i.USB_OTG_HC_Halt   usb_core.o
    0x08003462   0x00000204   Code   RO         3715    i.USB_OTG_HC_Init   usb_core.o
    0x08003666   0x00000206   Code   RO         3716    i.USB_OTG_HC_StartXfer  usb_core.o
    0x0800386c   0x00000018   Code   RO         3717    i.USB_OTG_InitFSLSPClkSel  usb_core.o
    0x08003884   0x00000010   Code   RO         3718    i.USB_OTG_IsEvenFrame  usb_core.o
    0x08003894   0x00000010   Code   RO         3719    i.USB_OTG_ReadCoreItr  usb_core.o
    0x080038a4   0x0000002e   Code   RO         3720    i.USB_OTG_ReadHPRT0  usb_core.o
    0x080038d2   0x00000008   Code   RO         3721    i.USB_OTG_ReadHostAllChannels_intr  usb_core.o
    0x080038da   0x00000026   Code   RO         3723    i.USB_OTG_ReadPacket  usb_core.o
    0x08003900   0x0000003c   Code   RO         3724    i.USB_OTG_ResetPort  usb_core.o
    0x0800393c   0x00000030   Code   RO         3726    i.USB_OTG_SetHostMode  usb_core.o
    0x0800396c   0x00000042   Code   RO         3727    i.USB_OTG_StopHostMode  usb_core.o
    0x080039ae   0x00000002   PAD
    0x080039b0   0x0000003c   Code   RO         3925    i.USB_OTG_USBH_handle_Disconnect_ISR  usb_hcd_int.o
    0x080039ec   0x00000042   Code   RO         3926    i.USB_OTG_USBH_handle_IncompletePeriodicXfer_ISR  usb_hcd_int.o
    0x08003a2e   0x00000056   Code   RO         3927    i.USB_OTG_USBH_handle_hc_ISR  usb_hcd_int.o
    0x08003a84   0x00000396   Code   RO         3928    i.USB_OTG_USBH_handle_hc_n_In_ISR  usb_hcd_int.o
    0x08003e1a   0x0000023e   Code   RO         3929    i.USB_OTG_USBH_handle_hc_n_Out_ISR  usb_hcd_int.o
    0x08004058   0x0000012c   Code   RO         3930    i.USB_OTG_USBH_handle_nptxfempty_ISR  usb_hcd_int.o
    0x08004184   0x00000110   Code   RO         3931    i.USB_OTG_USBH_handle_port_ISR  usb_hcd_int.o
    0x08004294   0x0000012e   Code   RO         3932    i.USB_OTG_USBH_handle_ptxfempty_ISR  usb_hcd_int.o
    0x080043c2   0x000001ba   Code   RO         3933    i.USB_OTG_USBH_handle_rx_qlvl_ISR  usb_hcd_int.o
    0x0800457c   0x0000001c   Code   RO         3934    i.USB_OTG_USBH_handle_sof_ISR  usb_hcd_int.o
    0x08004598   0x0000003a   Code   RO         3728    i.USB_OTG_WritePacket  usb_core.o
    0x080045d2   0x00000004   Code   RO          550    i.UsageFault_Handler  stm32f10x_it.o
    0x080045d6   0x0000006e   Code   RO         4427    i.dir_addCluster    dir.o
    0x08004644   0x00000036   Code   RO         4428    i.dir_createDefaultEntry  dir.o
    0x0800467a   0x00000030   Code   RO         4429    i.dir_createDirectoryEntry  dir.o
    0x080046aa   0x0000006c   Code   RO         4430    i.dir_findFileinBuf  dir.o
    0x08004716   0x00000048   Code   RO         4431    i.dir_findFreeEntryinBuf  dir.o
    0x0800475e   0x00000030   Code   RO         4432    i.dir_findinBuf     dir.o
    0x0800478e   0x00000070   Code   RO         4433    i.dir_findinCluster  dir.o
    0x080047fe   0x00000068   Code   RO         4434    i.dir_findinDir     dir.o
    0x08004866   0x0000007e   Code   RO         4435    i.dir_findinRootArea  dir.o
    0x080048e4   0x00000048   Code   RO         4436    i.dir_getFatFileName  dir.o
    0x0800492c   0x00000030   Code   RO         4437    i.dir_getFileStructure  dir.o
    0x0800495c   0x0000002a   Code   RO         4438    i.dir_setFileSize   dir.o
    0x08004986   0x00000034   Code   RO         4439    i.dir_setFirstCluster  dir.o
    0x080049ba   0x00000032   Code   RO         4440    i.dir_updateDirectoryEntry  dir.o
    0x080049ec   0x00000014   Code   RO         4520    i.disc_initDisc     disc.o
    0x08004a00   0x0000003c   Code   RO         4521    i.disc_loadMBR      disc.o
    0x08004a3c   0x00000076   Code   RO         4541    i.efs_init          efs.o
    0x08004ab2   0x0000004c   Code   RO         4553    i.ex_getPartitionField  extract.o
    0x08004afe   0x00000010   Code   RO         4554    i.ex_getb16         extract.o
    0x08004b0e   0x0000001e   Code   RO         4555    i.ex_getb32         extract.o
    0x08004b2c   0x00000046   Code   RO         4595    i.fat_DiscToLogicCluster  fat.o
    0x08004b72   0x0000005c   Code   RO         4596    i.fat_LogicToDiscCluster  fat.o
    0x08004bce   0x0000013c   Code   RO         4597    i.fat_allocClusterChain  fat.o
    0x08004d0a   0x00000038   Code   RO         4598    i.fat_countClustersInChain  fat.o
    0x08004d42   0x000000bc   Code   RO         4600    i.fat_getNextClusterAddress  fat.o
    0x08004dfe   0x0000009c   Code   RO         4601    i.fat_getNextClusterAddressWBuf  fat.o
    0x08004e9a   0x000000ae   Code   RO         4602    i.fat_getNextClusterChain  fat.o
    0x08004f48   0x00000052   Code   RO         4603    i.fat_getSectorAddressFatEntry  fat.o
    0x08004f9a   0x0000002a   Code   RO         4604    i.fat_giveEocMarker  fat.o
    0x08004fc4   0x0000004c   Code   RO         4605    i.fat_isEocMarker   fat.o
    0x08005010   0x00000120   Code   RO         4606    i.fat_setNextClusterAddress  fat.o
    0x08005130   0x000000e0   Code   RO         4607    i.fat_setNextClusterAddressWBuf  fat.o
    0x08005210   0x0000004a   Code   RO         4608    i.fat_unlinkClusterChain  fat.o
    0x0800525a   0x00000068   Code   RO         4688    i.file_fclose       file.o
    0x080052c2   0x00000254   Code   RO         4689    i.file_fopen        file.o
    0x08005516   0x00000112   Code   RO         4690    i.file_fread        file.o
    0x08005628   0x00000148   Code   RO         4691    i.file_fwrite       file.o
    0x08005770   0x0000000e   Code   RO         4692    i.file_getAttr      file.o
    0x0800577e   0x00000032   Code   RO         4693    i.file_initFile     file.o
    0x080057b0   0x00000090   Code   RO         4694    i.file_normalToFatName  file.o
    0x08005840   0x00000024   Code   RO         4695    i.file_read         file.o
    0x08005864   0x00000070   Code   RO         4696    i.file_requiredCluster  file.o
    0x080058d4   0x00000024   Code   RO         4697    i.file_setAttr      file.o
    0x080058f8   0x00000014   Code   RO         4698    i.file_setpos       file.o
    0x0800590c   0x00000044   Code   RO         4699    i.file_validateChar  file.o
    0x08005950   0x00000024   Code   RO         4700    i.file_write        file.o
    0x08005974   0x00000046   Code   RO         4772    i.fs_clearCluster   fs.o
    0x080059ba   0x0000003a   Code   RO         4773    i.fs_clusterToSector  fs.o
    0x080059f4   0x00000058   Code   RO         4774    i.fs_countDataSectors  fs.o
    0x08005a4c   0x00000034   Code   RO         4775    i.fs_determineFatType  fs.o
    0x08005a80   0x000000d0   Code   RO         4776    i.fs_findFile       fs.o
    0x08005b50   0x0000002e   Code   RO         4777    i.fs_findFirstSectorRootDir  fs.o
    0x08005b7e   0x00000070   Code   RO         4778    i.fs_findFreeFile   fs.o
    0x08005bee   0x00000010   Code   RO         4779    i.fs_flushFs        fs.o
    0x08005bfe   0x00000012   Code   RO         4780    i.fs_getFirstClusterRootDir  fs.o
    0x08005c10   0x0000003c   Code   RO         4782    i.fs_getLastCluster  fs.o
    0x08005c4c   0x00000026   Code   RO         4783    i.fs_getNextFreeCluster  fs.o
    0x08005c72   0x00000006   Code   RO         4784    i.fs_giveFreeClusterHint  fs.o
    0x08005c78   0x00000004   Code   RO         5291    i.fs_hasTimeSupport  time.o
    0x08005c7c   0x00000010   Code   RO         4785    i.fs_initClusterChain  fs.o
    0x08005c8c   0x0000000e   Code   RO         4786    i.fs_initCurrentDir  fs.o
    0x08005c9a   0x00000048   Code   RO         4787    i.fs_initFs         fs.o
    0x08005ce2   0x00000032   Code   RO         4788    i.fs_isValidFat     fs.o
    0x08005d14   0x00000074   Code   RO         4789    i.fs_loadVolumeId   fs.o
    0x08005d88   0x00000008   Code   RO         4791    i.fs_setFirstClusterInDirEntry  fs.o
    0x08005d90   0x0000000c   Code   RO         4793    i.fs_umount         fs.o
    0x08005d9c   0x000000b2   Code   RO         4794    i.fs_verifySanity   fs.o
    0x08005e4e   0x00000002   PAD
    0x08005e50   0x00000020   Code   RO         4341    i.if_initInterface  usbh_msc_fs_interface.o
    0x08005e70   0x00000044   Code   RO         4342    i.if_readBuf        usbh_msc_fs_interface.o
    0x08005eb4   0x00000044   Code   RO         4343    i.if_writeBuf       usbh_msc_fs_interface.o
    0x08005ef8   0x0000002a   Code   RO         4917    i.ioman_decUseCnt   ioman.o
    0x08005f22   0x00000086   Code   RO         4918    i.ioman_directSectorRead  ioman.o
    0x08005fa8   0x000000a8   Code   RO         4919    i.ioman_directSectorWrite  ioman.o
    0x08006050   0x00000028   Code   RO         4920    i.ioman_findFreeSpot  ioman.o
    0x08006078   0x00000074   Code   RO         4921    i.ioman_findOverallocableSpot  ioman.o
    0x080060ec   0x00000036   Code   RO         4922    i.ioman_findSectorInCache  ioman.o
    0x08006122   0x00000090   Code   RO         4923    i.ioman_findUnusedSpot  ioman.o
    0x080061b2   0x0000006e   Code   RO         4925    i.ioman_flushRange  ioman.o
    0x08006220   0x00000060   Code   RO         4926    i.ioman_flushSector  ioman.o
    0x08006280   0x00000020   Code   RO         4927    i.ioman_getAttr     ioman.o
    0x080062a0   0x0000002e   Code   RO         4928    i.ioman_getBp       ioman.o
    0x080062ce   0x00000008   Code   RO         4929    i.ioman_getBuffer   ioman.o
    0x080062d6   0x00000018   Code   RO         4930    i.ioman_getPtr      ioman.o
    0x080062ee   0x00000018   Code   RO         4931    i.ioman_getRefCnt   ioman.o
    0x08006306   0x00000146   Code   RO         4932    i.ioman_getSector   ioman.o
    0x0800644c   0x00000018   Code   RO         4933    i.ioman_getUseCnt   ioman.o
    0x08006464   0x0000002c   Code   RO         4934    i.ioman_incRefCnt   ioman.o
    0x08006490   0x0000002c   Code   RO         4935    i.ioman_incUseCnt   ioman.o
    0x080064bc   0x00000024   Code   RO         4936    i.ioman_init        ioman.o
    0x080064e0   0x00000080   Code   RO         4937    i.ioman_pop         ioman.o
    0x08006560   0x00000078   Code   RO         4939    i.ioman_push        ioman.o
    0x080065d8   0x0000004c   Code   RO         4940    i.ioman_putSectorInCache  ioman.o
    0x08006624   0x0000002e   Code   RO         4941    i.ioman_readSector  ioman.o
    0x08006652   0x00000066   Code   RO         4942    i.ioman_releaseSector  ioman.o
    0x080066b8   0x0000007a   Code   RO         4943    i.ioman_reset       ioman.o
    0x08006732   0x00000026   Code   RO         4944    i.ioman_resetCacheItem  ioman.o
    0x08006758   0x0000003e   Code   RO         4947    i.ioman_setAttr     ioman.o
    0x08006796   0x00000030   Code   RO         4948    i.ioman_writeSector  ioman.o
    0x080067c6   0x0000003e   Code   RO         5123    i.ls_fileEntryToDirListEntry  ls.o
    0x08006804   0x00000024   Code   RO         5124    i.ls_getDirEntry    ls.o
    0x08006828   0x00000030   Code   RO         5125    i.ls_getNext        ls.o
    0x08006858   0x0000008a   Code   RO         5126    i.ls_getRealDirEntry  ls.o
    0x080068e2   0x00000072   Code   RO         5127    i.ls_getRootAreaEntry  ls.o
    0x08006954   0x00000028   Code   RO         5128    i.ls_isValidFileEntry  ls.o
    0x0800697c   0x00000044   Code   RO         5129    i.ls_openDir        ls.o
    0x080069c0   0x00000024   Code   RO          283    i.main              main.o
    0x080069e4   0x00000012   Code   RO         5258    i.memClr            plibc.o
    0x080069f6   0x00000018   Code   RO         5259    i.memCpy            plibc.o
    0x08006a0e   0x00000024   Code   RO         5189    i.part_directSectorRead  partition.o
    0x08006a32   0x00000024   Code   RO         5190    i.part_directSectorWrite  partition.o
    0x08006a56   0x0000002e   Code   RO         5191    i.part_flushPart    partition.o
    0x08006a84   0x00000014   Code   RO         5192    i.part_getRealLBA   partition.o
    0x08006a98   0x00000024   Code   RO         5193    i.part_getSect      partition.o
    0x08006abc   0x0000002e   Code   RO         5194    i.part_initPartition  partition.o
    0x08006aea   0x00000022   Code   RO         5195    i.part_isFatPart    partition.o
    0x08006b0c   0x00000012   Code   RO         5197    i.part_relSect      partition.o
    0x08006b1e   0x00000082   Code   RO         5320    i.rmfile            ui.o
    0x08006ba0   0x00000020   Code   RO         5261    i.strMatch          plibc.o
    0x08006bc0   0x00000020   Data   RO         5503    Region$$Table       anon$$obj.o


    Execution Region RW_IRAM1 (Base: 0x20000000, Size: 0x00009898, Max: 0x00010000, ABSOLUTE, COMPRESSED[0x000002f8])

    Base Addr    Size         Type   Attr      Idx    E Section Name        Object

    0x20000000   0x00000010   Data   RW            8    .data               command.o
    0x20000010   0x00000008   Data   RW          313    .data               usb_bsp.o
    0x20000018   0x0000053a   Data   RW          401    .data               usbh_usr.o
    0x20000552   0x00000003   Data   RW          551    .data               stm32f10x_it.o
    0x20000555   0x00000003   PAD
    0x20000558   0x0000000e   Data   RW         3995    .data               usbh_core.o
    0x20000566   0x00000008   Data   RW         4162    .data               usbh_stdreq.o
    0x2000056e   0x00000002   PAD
    0x20000570   0x0000000d   Data   RW         4238    .data               usbh_msc_bot.o
    0x2000057d   0x00000003   PAD
    0x20000580   0x0000001d   Data   RW         4281    .data               usbh_msc_core.o
    0x2000059d   0x00000001   Data   RW         4385    .data               usbh_msc_scsi.o
    0x2000059e   0x00000002   PAD
    0x200005a0   0x00008075   Zero   RW            6    .bss                command.o
    0x20008615   0x00000003   PAD
    0x20008618   0x00000388   Zero   RW          400    .bss                usbh_usr.o
    0x200089a0   0x000002ea   Zero   RW         3994    .bss                usbh_core.o
    0x20008c8a   0x00000010   Zero   RW         4057    .bss                usbh_hcs.o
    0x20008c9a   0x000000ff   Zero   RW         4161    .bss                usbh_stdreq.o
    0x20008d99   0x00000003   PAD
    0x20008d9c   0x00000040   Zero   RW         4237    .bss                usbh_msc_bot.o
    0x20008ddc   0x0000004a   Zero   RW         4280    .bss                usbh_msc_core.o
    0x20008e26   0x00000002   PAD
    0x20008e28   0x00000410   Zero   RW         4384    .bss                usbh_msc_scsi.o
    0x20009238   0x00000060   Zero   RW         5377    .bss                c_w.l(libspace.o)
    0x20009298   0x00000200   Zero   RW         3698    HEAP                startup_stm32f10x_cl.o
    0x20009498   0x00000400   Zero   RW         3697    STACK               startup_stm32f10x_cl.o


==============================================================================

Image component sizes


      Code (inc. data)   RO Data    RW Data    ZI Data      Debug   Object Name

       748        106          0         16      32885     306982   command.o
         0          0          0          0          0         32   core_cm3.o
      1046          0          0          0          0       9950   dir.o
        80          0          0          0          0       1263   disc.o
       118          0          0          0          0        827   efs.o
       122          0          0          0          0       1827   extract.o
      1838          6          0          0          0      10089   fat.o
      1818          0          0          0          0       9825   file.o
        62          0          0          0          0       1656   flash_layer.o
      1238          0          0          0          0      11514   fs.o
      2254          0          0          0          0      17202   ioman.o
       506          0          0          0          0       4233   ls.o
        36         14          0          0          0        411   main.o
       152         30          0          0          0       1809   misc.o
       272          0          0          0          0       4780   partition.o
        74          0          0          0          0       1817   plibc.o
        64         26        336          0       1536        772   startup_stm32f10x_cl.o
       200         18          0          0          0       1852   stm32f10x_exti.o
       298         18          0          0          0       4117   stm32f10x_flash.o
       368          4          0          0          0       3902   stm32f10x_gpio.o
        82         12          0          3          0       5636   stm32f10x_it.o
       108         24          0          0          0       1983   stm32f10x_rcc.o
       270         42          0          0          0       3669   stm32f10x_tim.o
       396         32          0          0          0       1765   system_stm32f10x_1.o
         4          0          0          0          0        408   time.o
       130          0          0          0          0       1049   ui.o
       552         26          0          8          0       5822   usb_bsp.o
      2718         32          0          0          0      15103   usb_core.o
       156          0          0          0          0       4483   usb_hcd.o
      3206         20          0          0          0       9159   usb_hcd_int.o
      1832        122          0         14        746       8990   usbh_core.o
       356         20          0          0         16       3799   usbh_hcs.o
       646         10          0          0          0       5178   usbh_ioreq.o
       996        110          0         13         64       5981   usbh_msc_bot.o
       850         86          0         29         74       6447   usbh_msc_core.o
       168         20          0          0          0       2470   usbh_msc_fs_interface.o
      1308        108          0          1       1040       6444   usbh_msc_scsi.o
       778         40          0          8        255       8545   usbh_stdreq.o
       916         90          0       1338        904      14415   usbh_usr.o

    ----------------------------------------------------------------------
     26796       1016        368       1440      37528     506206   Object Totals
         0          0         32          0          0          0   (incl. Generated)
        30          0          0         10          8          0   (incl. Padding)

    ----------------------------------------------------------------------

      Code (inc. data)   RO Data    RW Data    ZI Data      Debug   Library Member Name

       100          0          0          0          0          0   __dclz77c.o
         8          0          0          0          0         68   __main.o
         0          0          0          0          0          0   __rtentry.o
        12          0          0          0          0          0   __rtentry2.o
         6          0          0          0          0          0   __rtentry4.o
        52          8          0          0          0          0   __scatter.o
        28          0          0          0          0          0   __scatter_zi.o
        18          0          0          0          0         80   exit.o
         6          0          0          0          0        152   heapauxi.o
         0          0          0          0          0          0   indicate_semi.o
         2          0          0          0          0          0   libinit.o
         2          0          0          0          0          0   libinit2.o
         2          0          0          0          0          0   libshutdown.o
         2          0          0          0          0          0   libshutdown2.o
         8          4          0          0         96         68   libspace.o
       100          0          0          0          0         80   rt_memcpy_w.o
         2          0          0          0          0          0   rtexit.o
        10          0          0          0          0          0   rtexit2.o
        12          4          0          0          0         68   sys_exit.o
        74          0          0          0          0         80   sys_stackheap_outer.o
         2          0          0          0          0         68   use_no_semi.o

    ----------------------------------------------------------------------
       452         16          0          0         96        664   Library Totals
         6          0          0          0          0          0   (incl. Padding)

    ----------------------------------------------------------------------

      Code (inc. data)   RO Data    RW Data    ZI Data      Debug   Library Name

       446         16          0          0         96        664   c_w.l

    ----------------------------------------------------------------------
       452         16          0          0         96        664   Library Totals

    ----------------------------------------------------------------------

==============================================================================


      Code (inc. data)   RO Data    RW Data    ZI Data      Debug   

     27248       1032        368       1440      37624     491682   Grand Totals
     27248       1032        368        760      37624     491682   ELF Image Totals (compressed)
     27248       1032        368        760          0          0   ROM Totals

==============================================================================

    Total RO  Size (Code + RO Data)                27616 (  26.97kB)
    Total RW  Size (RW Data + ZI Data)             39064 (  38.15kB)
    Total ROM Size (Code + RO Data + RW Data)      28376 (  27.71kB)

==============================================================================

