Component: ARM Compiler 5.06 update 2 (build 183) Tool: armlink [4d35b7]

==============================================================================

Section Cross References

    main.o(i.main) refers to misc.o(i.NVIC_PriorityGroupConfig) for NVIC_PriorityGroupConfig
    main.o(i.main) refers to led.o(i.LED_Init) for LED_Init
    main.o(i.main) refers to usart.o(i.USART1_Init) for USART1_Init
    main.o(i.main) refers to usbh_core.o(i.USBH_Init) for USBH_Init
    main.o(i.main) refers to usbh_core.o(i.USBH_Process) for USBH_Process
    main.o(i.main) refers to stm32f10x_gpio.o(i.GPIO_WriteBit) for GPIO_WriteBit
    main.o(i.main) refers to usbh_usr.o(.data) for USR_Callbacks
    main.o(i.main) refers to usbh_hid_core.o(.data) for HID_cb
    main.o(i.main) refers to main.o(.bss) for USB_Host
    stm32fxxx_it.o(i.EXTI1_IRQHandler) refers to stm32f10x_exti.o(i.EXTI_GetITStatus) for EXTI_GetITStatus
    stm32fxxx_it.o(i.EXTI1_IRQHandler) refers to stm32f10x_exti.o(i.EXTI_ClearITPendingBit) for EXTI_ClearITPendingBit
    stm32fxxx_it.o(i.EXTI1_IRQHandler) refers to main.o(.bss) for USB_Host
    stm32fxxx_it.o(i.OTG_FS_IRQHandler) refers to usb_hcd_int.o(i.USBH_OTG_ISR_Handler) for USBH_OTG_ISR_Handler
    stm32fxxx_it.o(i.OTG_FS_IRQHandler) refers to main.o(.bss) for USB_OTG_Core_dev
    stm32fxxx_it.o(i.TIM2_IRQHandler) refers to usb_bsp.o(i.USB_OTG_BSP_TimerIRQ) for USB_OTG_BSP_TimerIRQ
    system_stm32f10x.o(i.SetSysClock) refers to system_stm32f10x.o(i.SetSysClockTo72) for SetSysClockTo72
    system_stm32f10x.o(i.SystemCoreClockUpdate) refers to system_stm32f10x.o(.data) for SystemCoreClock
    system_stm32f10x.o(i.SystemInit) refers to system_stm32f10x.o(i.SetSysClock) for SetSysClock
    usb_bsp.o(i.BSP_Delay) refers to usb_bsp.o(i.BSP_SetTime) for BSP_SetTime
    usb_bsp.o(i.BSP_Delay) refers to stm32f10x_tim.o(i.TIM_Cmd) for TIM_Cmd
    usb_bsp.o(i.BSP_Delay) refers to usb_bsp.o(.data) for BSP_delay
    usb_bsp.o(i.BSP_SetTime) refers to stm32f10x_tim.o(i.TIM_Cmd) for TIM_Cmd
    usb_bsp.o(i.BSP_SetTime) refers to stm32f10x_tim.o(i.TIM_ITConfig) for TIM_ITConfig
    usb_bsp.o(i.BSP_SetTime) refers to stm32f10x_tim.o(i.TIM_TimeBaseInit) for TIM_TimeBaseInit
    usb_bsp.o(i.BSP_SetTime) refers to stm32f10x_tim.o(i.TIM_ClearITPendingBit) for TIM_ClearITPendingBit
    usb_bsp.o(i.BSP_SetTime) refers to stm32f10x_tim.o(i.TIM_ARRPreloadConfig) for TIM_ARRPreloadConfig
    usb_bsp.o(i.USB_OTG_BSP_ConfigVBUS) refers to stm32f10x_rcc.o(i.RCC_APB2PeriphClockCmd) for RCC_APB2PeriphClockCmd
    usb_bsp.o(i.USB_OTG_BSP_ConfigVBUS) refers to stm32f10x_gpio.o(i.GPIO_Init) for GPIO_Init
    usb_bsp.o(i.USB_OTG_BSP_ConfigVBUS) refers to stm32f10x_gpio.o(i.GPIO_SetBits) for GPIO_SetBits
    usb_bsp.o(i.USB_OTG_BSP_ConfigVBUS) refers to usb_bsp.o(i.USB_OTG_BSP_mDelay) for USB_OTG_BSP_mDelay
    usb_bsp.o(i.USB_OTG_BSP_DriveVBUS) refers to stm32f10x_gpio.o(i.GPIO_SetBits) for GPIO_SetBits
    usb_bsp.o(i.USB_OTG_BSP_DriveVBUS) refers to stm32f10x_gpio.o(i.GPIO_ResetBits) for GPIO_ResetBits
    usb_bsp.o(i.USB_OTG_BSP_EnableInterrupt) refers to misc.o(i.NVIC_PriorityGroupConfig) for NVIC_PriorityGroupConfig
    usb_bsp.o(i.USB_OTG_BSP_EnableInterrupt) refers to misc.o(i.NVIC_Init) for NVIC_Init
    usb_bsp.o(i.USB_OTG_BSP_Init) refers to stm32f10x_rcc.o(i.RCC_OTGFSCLKConfig) for RCC_OTGFSCLKConfig
    usb_bsp.o(i.USB_OTG_BSP_Init) refers to stm32f10x_rcc.o(i.RCC_AHBPeriphClockCmd) for RCC_AHBPeriphClockCmd
    usb_bsp.o(i.USB_OTG_BSP_Init) refers to usb_bsp.o(i.USB_OTG_BSP_TimeInit) for USB_OTG_BSP_TimeInit
    usb_bsp.o(i.USB_OTG_BSP_TimeInit) refers to misc.o(i.NVIC_SetVectorTable) for NVIC_SetVectorTable
    usb_bsp.o(i.USB_OTG_BSP_TimeInit) refers to misc.o(i.NVIC_PriorityGroupConfig) for NVIC_PriorityGroupConfig
    usb_bsp.o(i.USB_OTG_BSP_TimeInit) refers to misc.o(i.NVIC_Init) for NVIC_Init
    usb_bsp.o(i.USB_OTG_BSP_TimeInit) refers to stm32f10x_rcc.o(i.RCC_APB1PeriphClockCmd) for RCC_APB1PeriphClockCmd
    usb_bsp.o(i.USB_OTG_BSP_TimerIRQ) refers to stm32f10x_tim.o(i.TIM_GetITStatus) for TIM_GetITStatus
    usb_bsp.o(i.USB_OTG_BSP_TimerIRQ) refers to stm32f10x_tim.o(i.TIM_ClearITPendingBit) for TIM_ClearITPendingBit
    usb_bsp.o(i.USB_OTG_BSP_TimerIRQ) refers to stm32f10x_tim.o(i.TIM_Cmd) for TIM_Cmd
    usb_bsp.o(i.USB_OTG_BSP_TimerIRQ) refers to usb_bsp.o(.data) for BSP_delay
    usb_bsp.o(i.USB_OTG_BSP_mDelay) refers to usb_bsp.o(i.BSP_Delay) for BSP_Delay
    usb_bsp.o(i.USB_OTG_BSP_uDelay) refers to usb_bsp.o(i.BSP_Delay) for BSP_Delay
    usbh_usr.o(i.USBH_USR_Configuration_DescAvailable) refers to printf8.o(i.__0printf$8) for __2printf
    usbh_usr.o(i.USBH_USR_Configuration_DescAvailable) refers to lcd_log.o(.data) for LCD_LineColor
    usbh_usr.o(i.USBH_USR_Configuration_DescAvailable) refers to usbh_usr.o(.constdata) for MSG_MSC_CLASS
    usbh_usr.o(i.USBH_USR_DeviceAttached) refers to printf8.o(i.__0printf$8) for __2printf
[...]
    i.USBH_Free_Channel                      0x080023d6   Section        0  usbh_hcs.o(i.USBH_Free_Channel)
    i.USBH_GetDescriptor                     0x080023f4   Section        0  usbh_stdreq.o(i.USBH_GetDescriptor)
    i.USBH_GetFreeChannel                    0x08002438   Section        0  usbh_hcs.o(i.USBH_GetFreeChannel)
    USBH_GetFreeChannel                      0x08002439   Thumb Code    40  usbh_hcs.o(i.USBH_GetFreeChannel)
    i.USBH_GetNextDesc                       0x08002460   Section        0  usbh_stdreq.o(i.USBH_GetNextDesc)
    i.USBH_Get_CfgDesc                       0x08002474   Section        0  usbh_stdreq.o(i.USBH_Get_CfgDesc)
    i.USBH_Get_DevDesc                       0x080024e0   Section        0  usbh_stdreq.o(i.USBH_Get_DevDesc)
    i.USBH_Get_HID_Descriptor                0x08002518   Section        0  usbh_hid_core.o(i.USBH_Get_HID_Descriptor)
    USBH_Get_HID_Descriptor                  0x08002519   Thumb Code    40  usbh_hid_core.o(i.USBH_Get_HID_Descriptor)
    i.USBH_Get_HID_ReportDescriptor          0x08002540   Section        0  usbh_hid_core.o(i.USBH_Get_HID_ReportDescriptor)
    USBH_Get_HID_ReportDescriptor            0x08002541   Thumb Code    40  usbh_hid_core.o(i.USBH_Get_HID_ReportDescriptor)
    i.USBH_Get_StringDesc                    0x08002568   Section        0  usbh_stdreq.o(i.USBH_Get_StringDesc)
    i.USBH_HID_ClassRequest                  0x080025a4   Section        0  usbh_hid_core.o(i.USBH_HID_ClassRequest)
    USBH_HID_ClassRequest                    0x080025a5   Thumb Code   168  usbh_hid_core.o(i.USBH_HID_ClassRequest)
    i.USBH_HID_Handle                        0x08002654   Section        0  usbh_hid_core.o(i.USBH_HID_Handle)
    USBH_HID_Handle                          0x08002655   Thumb Code   250  usbh_hid_core.o(i.USBH_HID_Handle)
    i.USBH_HID_InterfaceDeInit               0x08002758   Section        0  usbh_hid_core.o(i.USBH_HID_InterfaceDeInit)
    USBH_HID_InterfaceDeInit                 0x08002759   Thumb Code    94  usbh_hid_core.o(i.USBH_HID_InterfaceDeInit)
    i.USBH_HID_InterfaceInit                 0x080027c0   Section        0  usbh_hid_core.o(i.USBH_HID_InterfaceInit)
    USBH_HID_InterfaceInit                   0x080027c1   Thumb Code   622  usbh_hid_core.o(i.USBH_HID_InterfaceInit)
    i.USBH_HandleControl                     0x08002b80   Section        0  usbh_core.o(i.USBH_HandleControl)
    i.USBH_HandleEnum                        0x08002dac   Section        0  usbh_core.o(i.USBH_HandleEnum)
    USBH_HandleEnum                          0x08002dad   Thumb Code   474  usbh_core.o(i.USBH_HandleEnum)
    i.USBH_Init                              0x08002f8c   Section        0  usbh_core.o(i.USBH_Init)
    i.USBH_InterruptReceiveData              0x08002fd0   Section        0  usbh_ioreq.o(i.USBH_InterruptReceiveData)
    i.USBH_Modify_Channel                    0x08003048   Section        0  usbh_hcs.o(i.USBH_Modify_Channel)
    i.USBH_OTG_ISR_Handler                   0x080030ac   Section        0  usb_hcd_int.o(i.USBH_OTG_ISR_Handler)
    i.USBH_Open_Channel                      0x08003154   Section        0  usbh_hcs.o(i.USBH_Open_Channel)
    i.USBH_ParseCfgDesc                      0x080031f0   Section        0  usbh_stdreq.o(i.USBH_ParseCfgDesc)
    i.USBH_ParseDevDesc                      0x08003320   Section        0  usbh_stdreq.o(i.USBH_ParseDevDesc)
    USBH_ParseDevDesc                        0x08003321   Thumb Code    88  usbh_stdreq.o(i.USBH_ParseDevDesc)
    i.USBH_ParseEPDesc                       0x08003378   Section        0  usbh_stdreq.o(i.USBH_ParseEPDesc)
    USBH_ParseEPDesc                         0x08003379   Thumb Code    32  usbh_stdreq.o(i.USBH_ParseEPDesc)
    i.USBH_ParseHIDDesc                      0x08003398   Section        0  usbh_hid_core.o(i.USBH_ParseHIDDesc)
    USBH_ParseHIDDesc                        0x08003399   Thumb Code    42  usbh_hid_core.o(i.USBH_ParseHIDDesc)
    i.USBH_ParseInterfaceDesc                0x080033c2   Section        0  usbh_stdreq.o(i.USBH_ParseInterfaceDesc)
    USBH_ParseInterfaceDesc                  0x080033c3   Thumb Code    38  usbh_stdreq.o(i.USBH_ParseInterfaceDesc)
    i.USBH_ParseStringDesc                   0x080033e8   Section        0  usbh_stdreq.o(i.USBH_ParseStringDesc)
    USBH_ParseStringDesc                     0x080033e9   Thumb Code    54  usbh_stdreq.o(i.USBH_ParseStringDesc)
    i.USBH_PortDisabled                      0x0800341e   Section        0  usbh_core.o(i.USBH_PortDisabled)
    i.USBH_PortEnabled                       0x0800342a   Section        0  usbh_core.o(i.USBH_PortEnabled)
    i.USBH_Process                           0x08003436   Section        0  usbh_core.o(i.USBH_Process)
    i.USBH_SOF                               0x08003600   Section        0  usbh_core.o(i.USBH_SOF)
    i.USBH_SetAddress                        0x08003606   Section        0  usbh_stdreq.o(i.USBH_SetAddress)
    i.USBH_SetCfg                            0x0800362c   Section        0  usbh_stdreq.o(i.USBH_SetCfg)
    i.USBH_Set_Idle                          0x08003652   Section        0  usbh_hid_core.o(i.USBH_Set_Idle)
    USBH_Set_Idle                            0x08003653   Thumb Code    48  usbh_hid_core.o(i.USBH_Set_Idle)
    i.USBH_Set_Protocol                      0x08003682   Section        0  usbh_hid_core.o(i.USBH_Set_Protocol)
    USBH_Set_Protocol                        0x08003683   Thumb Code    48  usbh_hid_core.o(i.USBH_Set_Protocol)
    i.USBH_SubmitSetupRequest                0x080036b2   Section        0  usbh_ioreq.o(i.USBH_SubmitSetupRequest)
    USBH_SubmitSetupRequest                  0x080036b3   Thumb Code    24  usbh_ioreq.o(i.USBH_SubmitSetupRequest)
    i.USBH_USR_Configuration_DescAvailable   0x080036cc   Section        0  usbh_usr.o(i.USBH_USR_Configuration_DescAvailable)
    i.USBH_USR_DeInit                        0x08003714   Section        0  usbh_usr.o(i.USBH_USR_DeInit)
    i.USBH_USR_DeviceAddressAssigned         0x08003716   Section        0  usbh_usr.o(i.USBH_USR_DeviceAddressAssigned)
    i.USBH_USR_DeviceAttached                0x08003718   Section        0  usbh_usr.o(i.USBH_USR_DeviceAttached)
    i.USBH_USR_DeviceDisconnected            0x08003734   Section        0  usbh_usr.o(i.USBH_USR_DeviceDisconnected)
    i.USBH_USR_DeviceNotSupported            0x080037bc   Section        0  usbh_usr.o(i.USBH_USR_DeviceNotSupported)
    i.USBH_USR_DeviceSpeedDetected           0x080037f0   Section        0  usbh_usr.o(i.USBH_USR_DeviceSpeedDetected)
    i.USBH_USR_Device_DescAvailable          0x08003854   Section        0  usbh_usr.o(i.USBH_USR_Device_DescAvailable)
    i.USBH_USR_EnumerationDone               0x080038b4   Section        0  usbh_usr.o(i.USBH_USR_EnumerationDone)
    i.USBH_USR_Init                          0x0800393c   Section        0  usbh_usr.o(i.USBH_USR_Init)
    i.USBH_USR_Manufacturer_String           0x080039f0   Section        0  usbh_usr.o(i.USBH_USR_Manufacturer_String)
    i.USBH_USR_OverCurrentDetected           0x08003a2c   Section        0  usbh_usr.o(i.USBH_USR_OverCurrentDetected)
    i.USBH_USR_Product_String                0x08003a70   Section        0  usbh_usr.o(i.USBH_USR_Product_String)
    i.USBH_USR_ResetDevice                   0x08003aa8   Section        0  usbh_usr.o(i.USBH_USR_ResetDevice)
    i.USBH_USR_SerialNum_String              0x08003aac   Section        0  usbh_usr.o(i.USBH_USR_SerialNum_String)
    i.USBH_USR_UnrecoveredError              0x08003ae8   Section        0  usbh_usr.o(i.USBH_USR_UnrecoveredError)
    i.USBH_USR_UserInput                     0x08003b18   Section        0  usbh_usr.o(i.USBH_USR_UserInput)
    i.USB_OTG_BSP_ConfigVBUS                 0x08003b2c   Section        0  usb_bsp.o(i.USB_OTG_BSP_ConfigVBUS)
    i.USB_OTG_BSP_DriveVBUS                  0x08003b6c   Section        0  usb_bsp.o(i.USB_OTG_BSP_DriveVBUS)
    i.USB_OTG_BSP_EnableInterrupt            0x08003b90   Section        0  usb_bsp.o(i.USB_OTG_BSP_EnableInterrupt)
    i.USB_OTG_BSP_Init                       0x08003bbc   Section        0  usb_bsp.o(i.USB_OTG_BSP_Init)
    i.USB_OTG_BSP_TimeInit                   0x08003bd4   Section        0  usb_bsp.o(i.USB_OTG_BSP_TimeInit)
    USB_OTG_BSP_TimeInit                     0x08003bd5   Thumb Code    56  usb_bsp.o(i.USB_OTG_BSP_TimeInit)
    i.USB_OTG_BSP_TimerIRQ                   0x08003c0c   Section        0  usb_bsp.o(i.USB_OTG_BSP_TimerIRQ)
    i.USB_OTG_BSP_mDelay                     0x08003c44   Section        0  usb_bsp.o(i.USB_OTG_BSP_mDelay)
    i.USB_OTG_BSP_uDelay                     0x08003c52   Section        0  usb_bsp.o(i.USB_OTG_BSP_uDelay)
    i.USB_OTG_CoreInit                       0x08003c60   Section        0  usb_core.o(i.USB_OTG_CoreInit)
    i.USB_OTG_CoreInitHost                   0x08003d86   Section        0  usb_core.o(i.USB_OTG_CoreInitHost)
    i.USB_OTG_CoreReset                      0x08003e5c   Section        0  usb_core.o(i.USB_OTG_CoreReset)
    USB_OTG_CoreReset                        0x08003e5d   Thumb Code   108  usb_core.o(i.USB_OTG_CoreReset)
    i.USB_OTG_DisableGlobalInt               0x08003ecc   Section        0  usb_core.o(i.USB_OTG_DisableGlobalInt)
    i.USB_OTG_DriveVbus                      0x08003eee   Section        0  usb_core.o(i.USB_OTG_DriveVbus)
    i.USB_OTG_EnableCommonInt                0x08003f4a   Section        0  usb_core.o(i.USB_OTG_EnableCommonInt)
    USB_OTG_EnableCommonInt                  0x08003f4b   Thumb Code    52  usb_core.o(i.USB_OTG_EnableCommonInt)
    i.USB_OTG_EnableGlobalInt                0x08003f7e   Section        0  usb_core.o(i.USB_OTG_EnableGlobalInt)
    i.USB_OTG_EnableHostInt                  0x08003fa0   Section        0  usb_core.o(i.USB_OTG_EnableHostInt)
    i.USB_OTG_FlushRxFifo                    0x08004024   Section        0  usb_core.o(i.USB_OTG_FlushRxFifo)
    i.USB_OTG_FlushTxFifo                    0x08004070   Section        0  usb_core.o(i.USB_OTG_FlushTxFifo)
    i.USB_OTG_GetMode                        0x080040c4   Section        0  usb_core.o(i.USB_OTG_GetMode)
    i.USB_OTG_HC_DoPing                      0x080040d0   Section        0  usb_core.o(i.USB_OTG_HC_DoPing)
    i.USB_OTG_HC_Halt                        0x0800412a   Section        0  usb_core.o(i.USB_OTG_HC_Halt)
    i.USB_OTG_HC_Init                        0x080041c4   Section        0  usb_core.o(i.USB_OTG_HC_Init)
    i.USB_OTG_HC_StartXfer                   0x080043fc   Section        0  usb_core.o(i.USB_OTG_HC_StartXfer)
    i.USB_OTG_InitFSLSPClkSel                0x080045f2   Section        0  usb_core.o(i.USB_OTG_InitFSLSPClkSel)
    i.USB_OTG_IsEvenFrame                    0x0800460a   Section        0  usb_core.o(i.USB_OTG_IsEvenFrame)
    i.USB_OTG_IsHostMode                     0x0800461a   Section        0  usb_core.o(i.USB_OTG_IsHostMode)
    i.USB_OTG_ReadCoreItr                    0x0800462e   Section        0  usb_core.o(i.USB_OTG_ReadCoreItr)
    i.USB_OTG_ReadHPRT0                      0x0800463e   Section        0  usb_core.o(i.USB_OTG_ReadHPRT0)
    i.USB_OTG_ReadHostAllChannels_intr       0x0800466e   Section        0  usb_core.o(i.USB_OTG_ReadHostAllChannels_intr)
    i.USB_OTG_ReadPacket                     0x08004676   Section        0  usb_core.o(i.USB_OTG_ReadPacket)
    i.USB_OTG_ResetPort                      0x0800469e   Section        0  usb_core.o(i.USB_OTG_ResetPort)
    i.USB_OTG_SelectCore                     0x080046e0   Section        0  usb_core.o(i.USB_OTG_SelectCore)
    i.USB_OTG_SetCurrentMode                 0x080047b0   Section        0  usb_core.o(i.USB_OTG_SetCurrentMode)
    i.USB_OTG_USBH_handle_Disconnect_ISR     0x08004800   Section        0  usb_hcd_int.o(i.USB_OTG_USBH_handle_Disconnect_ISR)
    USB_OTG_USBH_handle_Disconnect_ISR       0x08004801   Thumb Code    40  usb_hcd_int.o(i.USB_OTG_USBH_handle_Disconnect_ISR)
    i.USB_OTG_USBH_handle_IncompletePeriodicXfer_ISR 0x0800482c   Section        0  usb_hcd_int.o(i.USB_OTG_USBH_handle_IncompletePeriodicXfer_ISR)
    USB_OTG_USBH_handle_IncompletePeriodicXfer_ISR 0x0800482d   Thumb Code    70  usb_hcd_int.o(i.USB_OTG_USBH_handle_IncompletePeriodicXfer_ISR)
    i.USB_OTG_USBH_handle_hc_ISR             0x08004872   Section        0  usb_hcd_int.o(i.USB_OTG_USBH_handle_hc_ISR)
    USB_OTG_USBH_handle_hc_ISR               0x08004873   Thumb Code    86  usb_hcd_int.o(i.USB_OTG_USBH_handle_hc_ISR)
    i.USB_OTG_USBH_handle_hc_n_In_ISR        0x080048c8   Section        0  usb_hcd_int.o(i.USB_OTG_USBH_handle_hc_n_In_ISR)
    USB_OTG_USBH_handle_hc_n_In_ISR          0x080048c9   Thumb Code  1054  usb_hcd_int.o(i.USB_OTG_USBH_handle_hc_n_In_ISR)
    i.USB_OTG_USBH_handle_hc_n_Out_ISR       0x08004ce6   Section        0  usb_hcd_int.o(i.USB_OTG_USBH_handle_hc_n_Out_ISR)
    USB_OTG_USBH_handle_hc_n_Out_ISR         0x08004ce7   Thumb Code   952  usb_hcd_int.o(i.USB_OTG_USBH_handle_hc_n_Out_ISR)
    i.USB_OTG_USBH_handle_nptxfempty_ISR     0x0800509e   Section        0  usb_hcd_int.o(i.USB_OTG_USBH_handle_nptxfempty_ISR)
    USB_OTG_USBH_handle_nptxfempty_ISR       0x0800509f   Thumb Code   302  usb_hcd_int.o(i.USB_OTG_USBH_handle_nptxfempty_ISR)
    i.USB_OTG_USBH_handle_port_ISR           0x080051cc   Section        0  usb_hcd_int.o(i.USB_OTG_USBH_handle_port_ISR)
    USB_OTG_USBH_handle_port_ISR             0x080051cd   Thumb Code   310  usb_hcd_int.o(i.USB_OTG_USBH_handle_port_ISR)
    i.USB_OTG_USBH_handle_ptxfempty_ISR      0x08005308   Section        0  usb_hcd_int.o(i.USB_OTG_USBH_handle_ptxfempty_ISR)
    USB_OTG_USBH_handle_ptxfempty_ISR        0x08005309   Thumb Code   302  usb_hcd_int.o(i.USB_OTG_USBH_handle_ptxfempty_ISR)
    i.USB_OTG_USBH_handle_rx_qlvl_ISR        0x08005436   Section        0  usb_hcd_int.o(i.USB_OTG_USBH_handle_rx_qlvl_ISR)
    USB_OTG_USBH_handle_rx_qlvl_ISR          0x08005437   Thumb Code   356  usb_hcd_int.o(i.USB_OTG_USBH_handle_rx_qlvl_ISR)
    i.USB_OTG_USBH_handle_sof_ISR            0x0800559c   Section        0  usb_hcd_int.o(i.USB_OTG_USBH_handle_sof_ISR)
    USB_OTG_USBH_handle_sof_ISR              0x0800559d   Thumb Code    38  usb_hcd_int.o(i.USB_OTG_USBH_handle_sof_ISR)
    i.USB_OTG_WritePacket                    0x080055c8   Section        0  usb_core.o(i.USB_OTG_WritePacket)
    i.USR_KEYBRD_Init                        0x08005608   Section        0  usbh_usr.o(i.USR_KEYBRD_Init)
    i.USR_KEYBRD_ProcessData                 0x080056c0   Section        0  usbh_usr.o(i.USR_KEYBRD_ProcessData)
    i.USR_MOUSE_Init                         0x08005764   Section        0  usbh_usr.o(i.USR_MOUSE_Init)
    i.USR_MOUSE_ProcessData                  0x0800582c   Section        0  usbh_usr.o(i.USR_MOUSE_ProcessData)
    i.UsageFault_Handler                     0x0800588c   Section        0  stm32fxxx_it.o(i.UsageFault_Handler)
    i.__0printf$8                            0x08005890   Section        0  printf8.o(i.__0printf$8)
    i.__0sprintf$8                           0x080058b0   Section        0  printf8.o(i.__0sprintf$8)
    i.__scatterload_copy                     0x080058d8   Section       14  handlers.o(i.__scatterload_copy)
    i.__scatterload_null                     0x080058e6   Section        2  handlers.o(i.__scatterload_null)
    i.__scatterload_zeroinit                 0x080058e8   Section       14  handlers.o(i.__scatterload_zeroinit)
    i._printf_core                           0x080058f8   Section        0  printf8.o(i._printf_core)
    _printf_core                             0x080058f9   Thumb Code   996  printf8.o(i._printf_core)
    i._printf_post_padding                   0x08005d08   Section        0  printf8.o(i._printf_post_padding)
    _printf_post_padding                     0x08005d09   Thumb Code    36  printf8.o(i._printf_post_padding)
    i._printf_pre_padding                    0x08005d2c   Section        0  printf8.o(i._printf_pre_padding)
    _printf_pre_padding                      0x08005d2d   Thumb Code    46  printf8.o(i._printf_pre_padding)
    i._sputc                                 0x08005d5a   Section        0  printf8.o(i._sputc)
    _sputc                                   0x08005d5b   Thumb Code    10  printf8.o(i._sputc)
    i.delay                                  0x08005d64   Section        0  stm3210c_eval_lcd.o(i.delay)
    delay                                    0x08005d65   Thumb Code    32  stm3210c_eval_lcd.o(i.delay)
    i.fputc                                  0x08005d88   Section        0  lcd_log.o(i.fputc)
    i.main                                   0x08005f10   Section        0  main.o(i.main)
    .constdata                               0x08005f8c   Section      342  usbh_usr.o(.constdata)
    .constdata                               0x080060e4   Section       84  stm3210c_eval.o(.constdata)
    .constdata                               0x08006138   Section    10704  stm3210c_eval_lcd.o(.constdata)
    .constdata                               0x08008b08   Section      492  usbh_hid_keybd.o(.constdata)
    HID_KEYBRD_Codes                         0x08008b08   Data         232  usbh_hid_keybd.o(.constdata)
    HID_KEYBRD_Key                           0x08008bf0   Data         130  usbh_hid_keybd.o(.constdata)
    HID_KEYBRD_ShiftKey                      0x08008c72   Data         130  usbh_hid_keybd.o(.constdata)
    .data                                    0x20000000   Section        8  usb_bsp.o(.data)
    .data                                    0x20000008   Section       80  usbh_usr.o(.data)
    startup                                  0x20000054   Data           1  usbh_usr.o(.data)
    b_state                                  0x20000055   Data           3  usbh_usr.o(.data)
    .data                                    0x20000058   Section        8  usbh_usr_lcd.o(.data)
    .data                                    0x20000060   Section       18  lcd_log.o(.data)
    .data                                    0x20000074   Section       40  stm3210c_eval.o(.data)
    .data                                    0x2000009c   Section       40  stm3210c_eval_lcd.o(.data)
    LCD_Currentfonts                         0x200000bc   Data           4  stm3210c_eval_lcd.o(.data)
    .data                                    0x200000c4   Section       20  stm32f10x_rcc.o(.data)
    APBAHBPrescTable                         0x200000c4   Data          16  stm32f10x_rcc.o(.data)
    ADCPrescTable                            0x200000d4   Data           4  stm32f10x_rcc.o(.data)
    .data                                    0x200000d8   Section       30  usbh_core.o(.data)
    timeout                                  0x200000f4   Data           2  usbh_core.o(.data)
    .data                                    0x200000f6   Section        3  usbh_stdreq.o(.data)
    prev_ep_size                             0x200000f6   Data           2  usbh_stdreq.o(.data)
    prev_itf                                 0x200000f8   Data           1  usbh_stdreq.o(.data)
    .data                                    0x200000fc   Section       28  usbh_hid_core.o(.data)
    .data                                    0x20000118   Section       31  usbh_hid_keybd.o(.data)
    shift                                    0x20000120   Data           1  usbh_hid_keybd.o(.data)
    keys                                     0x20000121   Data           6  usbh_hid_keybd.o(.data)
    keys_new                                 0x20000127   Data           6  usbh_hid_keybd.o(.data)
    keys_last                                0x2000012d   Data           6  usbh_hid_keybd.o(.data)
    key_newest                               0x20000133   Data           1  usbh_hid_keybd.o(.data)
    nbr_keys                                 0x20000134   Data           1  usbh_hid_keybd.o(.data)
    nbr_keys_new                             0x20000135   Data           1  usbh_hid_keybd.o(.data)
    nbr_keys_last                            0x20000136   Data           1  usbh_hid_keybd.o(.data)
    .data                                    0x20000138   Section       12  usbh_hid_mouse.o(.data)
    .data                                    0x20000144   Section        4  stdout.o(.data)
    .bss                                     0x20000148   Section     1588  main.o(.bss)
    .bss                                     0x2000077c   Section     1326  lcd_log.o(.bss)
    .bss                                     0x20000caa   Section      512  usbh_stdreq.o(.bss)
    .bss                                     0x20000eac   Section      166  usbh_hid_core.o(.bss)
    STACK                                    0x20000f58   Section     1024  startup_stm32f10x_cl.o(STACK)

    Global Symbols

    Symbol Name                              Value     Ov Type        Size  Object(Section)

    BuildAttributes$$THM_ISAv4$P$D$K$B$S$PE$A:L22UL41UL21$X:L11$S22US41US21$IEEE1$IW$USESV6$~STKCKD$USESV7$~SHL$OSPACE$ROPI$EBA8$MICROLIB$REQ8$PRES8$EABIv2 0x00000000   Number         0  anon$$obj.o ABSOLUTE
    __ARM_use_no_argv                        0x00000000   Number         0  main.o ABSOLUTE
    _printf_a                                0x00000000   Number         0  stubs.o ABSOLUTE
    _printf_c                                0x00000000   Number         0  stubs.o ABSOLUTE
    _printf_charcount                        0x00000000   Number         0  stubs.o ABSOLUTE
    _printf_d                                0x00000000   Number         0  stubs.o ABSOLUTE
    _printf_e                                0x00000000   Number         0  stubs.o ABSOLUTE
    _printf_f                                0x00000000   Number         0  stubs.o ABSOLUTE
    _printf_flags                            0x00000000   Number         0  stubs.o ABSOLUTE
    _printf_fp_dec                           0x00000000   Number         0  stubs.o ABSOLUTE
    _printf_fp_hex                           0x00000000   Number         0  stubs.o ABSOLUTE
    _printf_g                                0x00000000   Number         0  stubs.o ABSOLUTE
    _printf_i                                0x00000000   Number         0  stubs.o ABSOLUTE
    _printf_int_dec                          0x00000000   Number         0  stubs.o ABSOLUTE
    _printf_l                                0x00000000   Number         0  stubs.o ABSOLUTE
    _printf_lc                               0x00000000   Number         0  stubs.o ABSOLUTE
    _printf_ll                               0x00000000   Number         0  stubs.o ABSOLUTE
    _printf_lld                              0x00000000   Number         0  stubs.o ABSOLUTE
    _printf_lli                              0x00000000   Number         0  stubs.o ABSOLUTE
    _printf_llo                              0x00000000   Number         0  stubs.o ABSOLUTE
    _printf_llu                              0x00000000   Number         0  stubs.o ABSOLUTE
    _printf_llx                              0x00000000   Number         0  stubs.o ABSOLUTE
    _printf_longlong_dec                     0x00000000   Number         0  stubs.o ABSOLUTE
    _printf_longlong_hex                     0x00000000   Number         0  stubs.o ABSOLUTE
    _printf_longlong_oct                     0x00000000   Number         0  stubs.o ABSOLUTE
    _printf_ls                               0x00000000   Number         0  stubs.o ABSOLUTE
    _printf_mbtowc                           0x00000000   Number         0  stubs.o ABSOLUTE
    _printf_n                                0x00000000   Number         0  stubs.o ABSOLUTE
    _printf_o                                0x00000000   Number         0  stubs.o ABSOLUTE
    _printf_p                                0x00000000   Number         0  stubs.o ABSOLUTE
    _printf_percent                          0x00000000   Number         0  stubs.o ABSOLUTE
    _printf_pre_padding                      0x00000000   Number         0  stubs.o ABSOLUTE
    _printf_return_value                     0x00000000   Number         0  stubs.o ABSOLUTE
    _printf_s                                0x00000000   Number         0  stubs.o ABSOLUTE
    _printf_sizespec                         0x00000000   Number         0  stubs.o ABSOLUTE
    _printf_str                              0x00000000   Number         0  stubs.o ABSOLUTE
    _printf_truncate_signed                  0x00000000   Number         0  stubs.o ABSOLUTE
    _printf_truncate_unsigned                0x00000000   Number         0  stubs.o ABSOLUTE
    _printf_u                                0x00000000   Number         0  stubs.o ABSOLUTE
    _printf_wc                               0x00000000   Number         0  stubs.o ABSOLUTE
    _printf_wctomb                           0x00000000   Number         0  stubs.o ABSOLUTE
    _printf_widthprec                        0x00000000   Number         0  stubs.o ABSOLUTE
    _printf_x                                0x00000000   Number         0  stubs.o ABSOLUTE
    __cpp_initialize__aeabi_                  - Undefined Weak Reference
    __cxa_finalize                            - Undefined Weak Reference
    _clock_init                               - Undefined Weak Reference
    _microlib_exit                            - Undefined Weak Reference
    __Vectors_Size                           0x00000150   Number         0  startup_stm32f10x_cl.o ABSOLUTE
    __Vectors                                0x08000000   Data           4  startup_stm32f10x_cl.o(RESET)
    __Vectors_End                            0x08000150   Data           0  startup_stm32f10x_cl.o(RESET)
    __main                                   0x08000151   Thumb Code     0  entry.o(.ARM.Collect$$$$00000000)
    _main_stk                                0x08000151   Thumb Code     0  entry2.o(.ARM.Collect$$$$00000001)
    _main_scatterload                        0x08000155   Thumb Code     0  entry5.o(.ARM.Collect$$$$00000004)
    __main_after_scatterload                 0x08000159   Thumb Code     0  entry5.o(.ARM.Collect$$$$00000004)
    _main_clock                              0x08000159   Thumb Code     0  entry7b.o(.ARM.Collect$$$$00000008)
    _main_cpp_init                           0x08000159   Thumb Code     0  entry8b.o(.ARM.Collect$$$$0000000A)
    _main_init                               0x08000159   Thumb Code     0  entry9a.o(.ARM.Collect$$$$0000000B)
    __rt_final_cpp                           0x08000161   Thumb Code     0  entry10a.o(.ARM.Collect$$$$0000000D)
    __rt_final_exit                          0x08000161   Thumb Code     0  entry11a.o(.ARM.Collect$$$$0000000F)
    Reset_Handler                            0x08000165   Thumb Code     8  startup_stm32f10x_cl.o(.text)
    SysTick_Handler                          0x0800017d   Thumb Code     2  startup_stm32f10x_cl.o(.text)
    ADC1_2_IRQHandler                        0x0800017f   Thumb Code     0  startup_stm32f10x_cl.o(.text)
    CAN1_RX0_IRQHandler                      0x0800017f   Thumb Code     0  startup_stm32f10x_cl.o(.text)
    CAN1_RX1_IRQHandler                      0x0800017f   Thumb Code     0  startup_stm32f10x_cl.o(.text)
    CAN1_SCE_IRQHandler                      0x0800017f   Thumb Code     0  startup_stm32f10x_cl.o(.text)
    CAN1_TX_IRQHandler                       0x0800017f   Thumb Code     0  startup_stm32f10x_cl.o(.text)
    CAN2_RX0_IRQHandler                      0x0800017f   Thumb Code     0  startup_stm32f10x_cl.o(.text)
    CAN2_RX1_IRQHandler                      0x0800017f   Thumb Code     0  startup_stm32f10x_cl.o(.text)
    CAN2_SCE_IRQHandler                      0x0800017f   Thumb Code     0  startup_stm32f10x_cl.o(.text)
    CAN2_TX_IRQHandler                       0x0800017f   Thumb Code     0  startup_stm32f10x_cl.o(.text)
    DMA1_Channel1_IRQHandler                 0x0800017f   Thumb Code     0  startup_stm32f10x_cl.o(.text)
    DMA1_Channel2_IRQHandler                 0x0800017f   Thumb Code     0  startup_stm32f10x_cl.o(.text)
    DMA1_Channel3_IRQHandler                 0x0800017f   Thumb Code     0  startup_stm32f10x_cl.o(.text)
    DMA1_Channel4_IRQHandler                 0x0800017f   Thumb Code     0  startup_stm32f10x_cl.o(.text)
    DMA1_Channel5_IRQHandler                 0x0800017f   Thumb Code     0  startup_stm32f10x_cl.o(.text)
    DMA1_Channel6_IRQHandler                 0x0800017f   Thumb Code     0  startup_stm32f10x_cl.o(.text)
    DMA1_Channel7_IRQHandler                 0x0800017f   Thumb Code     0  startup_stm32f10x_cl.o(.text)
    DMA2_Channel1_IRQHandler                 0x0800017f   Thumb Code     0  startup_stm32f10x_cl.o(.text)
    DMA2_Channel2_IRQHandler                 0x0800017f   Thumb Code     0  startup_stm32f10x_cl.o(.text)
    DMA2_Channel3_IRQHandler                 0x0800017f   Thumb Code     0  startup_stm32f10x_cl.o(.text)
    DMA2_Channel4_IRQHandler                 0x0800017f   Thumb Code     0  startup_stm32f10x_cl.o(.text)
    DMA2_Channel5_IRQHandler                 0x0800017f   Thumb Code     0  startup_stm32f10x_cl.o(.text)
    ETH_IRQHandler                           0x0800017f   Thumb Code     0  startup_stm32f10x_cl.o(.text)
    ETH_WKUP_IRQHandler                      0x0800017f   Thumb Code     0  startup_stm32f10x_cl.o(.text)
    EXTI0_IRQHandler                         0x0800017f   Thumb Code     0  startup_stm32f10x_cl.o(.text)
    EXTI15_10_IRQHandler                     0x0800017f   Thumb Code     0  startup_stm32f10x_cl.o(.text)
    EXTI2_IRQHandler                         0x0800017f   Thumb Code     0  startup_stm32f10x_cl.o(.text)
    EXTI3_IRQHandler                         0x0800017f   Thumb Code     0  startup_stm32f10x_cl.o(.text)
    EXTI4_IRQHandler                         0x0800017f   Thumb Code     0  startup_stm32f10x_cl.o(.text)
    EXTI9_5_IRQHandler                       0x0800017f   Thumb Code     0  startup_stm32f10x_cl.o(.text)
    FLASH_IRQHandler                         0x0800017f   Thumb Code     0  startup_stm32f10x_cl.o(.text)
    I2C1_ER_IRQHandler                       0x0800017f   Thumb Code     0  startup_stm32f10x_cl.o(.text)
    I2C1_EV_IRQHandler                       0x0800017f   Thumb Code     0  startup_stm32f10x_cl.o(.text)
    I2C2_ER_IRQHandler                       0x0800017f   Thumb Code     0  startup_stm32f10x_cl.o(.text)
    I2C2_EV_IRQHandler                       0x0800017f   Thumb Code     0  startup_stm32f10x_cl.o(.text)
    OTG_FS_WKUP_IRQHandler                   0x0800017f   Thumb Code     0  startup_stm32f10x_cl.o(.text)
    PVD_IRQHandler                           0x0800017f   Thumb Code     0  startup_stm32f10x_cl.o(.text)
    RCC_IRQHandler                           0x0800017f   Thumb Code     0  startup_stm32f10x_cl.o(.text)
    RTCAlarm_IRQHandler                      0x0800017f   Thumb Code     0  startup_stm32f10x_cl.o(.text)
    RTC_IRQHandler                           0x0800017f   Thumb Code     0  startup_stm32f10x_cl.o(.text)
    SPI1_IRQHandler                          0x0800017f   Thumb Code     0  startup_stm32f10x_cl.o(.text)
    SPI2_IRQHandler                          0x0800017f   Thumb Code     0  startup_stm32f10x_cl.o(.text)
    SPI3_IRQHandler                          0x0800017f   Thumb Code     0  startup_stm32f10x_cl.o(.text)
    TAMPER_IRQHandler                        0x0800017f   Thumb Code     0  startup_stm32f10x_cl.o(.text)
    TIM1_BRK_IRQHandler                      0x0800017f   Thumb Code     0  startup_stm32f10x_cl.o(.text)
    TIM1_CC_IRQHandler                       0x0800017f   Thumb Code     0  startup_stm32f10x_cl.o(.text)
    TIM1_TRG_COM_IRQHandler                  0x0800017f   Thumb Code     0  startup_stm32f10x_cl.o(.text)
    TIM1_UP_IRQHandler                       0x0800017f   Thumb Code     0  startup_stm32f10x_cl.o(.text)
    TIM3_IRQHandler                          0x0800017f   Thumb Code     0  startup_stm32f10x_cl.o(.text)
    TIM4_IRQHandler                          0x0800017f   Thumb Code     0  startup_stm32f10x_cl.o(.text)
    TIM5_IRQHandler                          0x0800017f   Thumb Code     0  startup_stm32f10x_cl.o(.text)
    TIM6_IRQHandler                          0x0800017f   Thumb Code     0  startup_stm32f10x_cl.o(.text)
    TIM7_IRQHandler                          0x0800017f   Thumb Code     0  startup_stm32f10x_cl.o(.text)
    UART4_IRQHandler                         0x0800017f   Thumb Code     0  startup_stm32f10x_cl.o(.text)
    UART5_IRQHandler                         0x0800017f   Thumb Code     0  startup_stm32f10x_cl.o(.text)
    USART2_IRQHandler                        0x0800017f   Thumb Code     0  startup_stm32f10x_cl.o(.text)
    USART3_IRQHandler                        0x0800017f   Thumb Code     0  startup_stm32f10x_cl.o(.text)
    WWDG_IRQHandler                          0x0800017f   Thumb Code     0  startup_stm32f10x_cl.o(.text)
    __aeabi_uldivmod                         0x08000189   Thumb Code    98  uldiv.o(.text)
    __scatterload                            0x080001ed   Thumb Code    28  init.o(.text)
    __scatterload_rt2                        0x080001ed   Thumb Code     0  init.o(.text)
    __aeabi_llsl                             0x08000211   Thumb Code    30  llshl.o(.text)
    _ll_shift_l                              0x08000211   Thumb Code     0  llshl.o(.text)
    __aeabi_llsr                             0x0800022f   Thumb Code    32  llushr.o(.text)
    _ll_ushift_r                             0x0800022f   Thumb Code     0  llushr.o(.text)
    __decompress                             0x0800024f   Thumb Code     0  __dczerorl2.o(.text)
    __decompress1                            0x0800024f   Thumb Code    86  __dczerorl2.o(.text)
    BusFault_Handler                         0x0800033f   Thumb Code     4  stm32fxxx_it.o(i.BusFault_Handler)
    DebugMon_Handler                         0x08000343   Thumb Code     2  stm32fxxx_it.o(i.DebugMon_Handler)
    EXTI1_IRQHandler                         0x08000345   Thumb Code    28  stm32fxxx_it.o(i.EXTI1_IRQHandler)
    EXTI_ClearITPendingBit                   0x08000365   Thumb Code     6  stm32f10x_exti.o(i.EXTI_ClearITPendingBit)
    EXTI_GetITStatus                         0x08000371   Thumb Code    34  stm32f10x_exti.o(i.EXTI_GetITStatus)
    EXTI_Init                                0x08000399   Thumb Code   142  stm32f10x_exti.o(i.EXTI_Init)
    GPIO_EXTILineConfig                      0x0800042d   Thumb Code    60  stm32f10x_gpio.o(i.GPIO_EXTILineConfig)
    GPIO_Init                                0x0800046d   Thumb Code   278  stm32f10x_gpio.o(i.GPIO_Init)
    GPIO_PinRemapConfig                      0x08000585   Thumb Code   138  stm32f10x_gpio.o(i.GPIO_PinRemapConfig)
    GPIO_ReadInputDataBit                    0x08000615   Thumb Code    18  stm32f10x_gpio.o(i.GPIO_ReadInputDataBit)
    GPIO_ResetBits                           0x08000627   Thumb Code     4  stm32f10x_gpio.o(i.GPIO_ResetBits)
    GPIO_SetBits                             0x0800062b   Thumb Code     4  stm32f10x_gpio.o(i.GPIO_SetBits)
    GPIO_WriteBit                            0x0800062f   Thumb Code    10  stm32f10x_gpio.o(i.GPIO_WriteBit)
    HCD_GetCurrentFrame                      0x08000639   Thumb Code    10  usb_hcd.o(i.HCD_GetCurrentFrame)
    HCD_GetCurrentSpeed                      0x08000643   Thumb Code    20  usb_hcd.o(i.HCD_GetCurrentSpeed)
    HCD_GetURB_State                         0x08000657   Thumb Code    10  usb_hcd.o(i.HCD_GetURB_State)
    HCD_Init                                 0x08000661   Thumb Code    96  usb_hcd.o(i.HCD_Init)
    HCD_IsDeviceConnected                    0x080006c1   Thumb Code     8  usb_hcd.o(i.HCD_IsDeviceConnected)
    HCD_IsPortEnabled                        0x080006c9   Thumb Code     8  usb_hcd.o(i.HCD_IsPortEnabled)
    HCD_ResetPort                            0x080006d1   Thumb Code    14  usb_hcd.o(i.HCD_ResetPort)
    HCD_SubmitRequest                        0x080006df   Thumb Code    32  usb_hcd.o(i.HCD_SubmitRequest)
    HID_MOUSE_ButtonPressed                  0x080006ff   Thumb Code    78  usbh_usr_lcd.o(i.HID_MOUSE_ButtonPressed)
    HID_MOUSE_ButtonReleased                 0x0800074d   Thumb Code    78  usbh_usr_lcd.o(i.HID_MOUSE_ButtonReleased)
    HID_MOUSE_UpdatePosition                 0x0800079d   Thumb Code   240  usbh_usr_lcd.o(i.HID_MOUSE_UpdatePosition)
    HardFault_Handler                        0x0800089d   Thumb Code     4  stm32fxxx_it.o(i.HardFault_Handler)
    LCD_Clear                                0x080009fd   Thumb Code    50  stm3210c_eval_lcd.o(i.LCD_Clear)
    LCD_ClearLine                            0x08000a35   Thumb Code    46  stm3210c_eval_lcd.o(i.LCD_ClearLine)
    LCD_CtrlLinesConfig                      0x08000a69   Thumb Code    38  stm3210c_eval_lcd.o(i.LCD_CtrlLinesConfig)
    LCD_CtrlLinesWrite                       0x08000a95   Thumb Code    20  stm3210c_eval_lcd.o(i.LCD_CtrlLinesWrite)
    LCD_DisplayChar                          0x08000aa9   Thumb Code    42  stm3210c_eval_lcd.o(i.LCD_DisplayChar)
    LCD_DisplayStringLine                    0x08000ad9   Thumb Code    72  stm3210c_eval_lcd.o(i.LCD_DisplayStringLine)
    LCD_DrawChar                             0x08000b25   Thumb Code   170  stm3210c_eval_lcd.o(i.LCD_DrawChar)
    LCD_DrawFullRect                         0x08000be1   Thumb Code   136  stm3210c_eval_lcd.o(i.LCD_DrawFullRect)
    LCD_DrawLine                             0x08000c71   Thumb Code    92  stm3210c_eval_lcd.o(i.LCD_DrawLine)
    LCD_DrawRect                             0x08000cd5   Thumb Code    70  stm3210c_eval_lcd.o(i.LCD_DrawRect)
    LCD_GetFont                              0x08000d1d   Thumb Code     6  stm3210c_eval_lcd.o(i.LCD_GetFont)
    LCD_LOG_ClearTextZone                    0x08000d29   Thumb Code    40  lcd_log.o(i.LCD_LOG_ClearTextZone)
    LCD_LOG_DeInit                           0x08000d51   Thumb Code    56  lcd_log.o(i.LCD_LOG_DeInit)
    LCD_LOG_Init                             0x08000db5   Thumb Code    14  lcd_log.o(i.LCD_LOG_Init)
    LCD_LOG_SetFooter                        0x08000dc3   Thumb Code   100  lcd_log.o(i.LCD_LOG_SetFooter)
    LCD_LOG_SetHeader                        0x08000e29   Thumb Code   144  lcd_log.o(i.LCD_LOG_SetHeader)
    LCD_ReadReg                              0x08000fa9   Thumb Code   218  stm3210c_eval_lcd.o(i.LCD_ReadReg)
    LCD_SPIConfig                            0x0800108d   Thumb Code   162  stm3210c_eval_lcd.o(i.LCD_SPIConfig)
    LCD_SetBackColor                         0x0800113d   Thumb Code    12  stm3210c_eval_lcd.o(i.LCD_SetBackColor)
    LCD_SetCursor                            0x0800114d   Thumb Code    24  stm3210c_eval_lcd.o(i.LCD_SetCursor)
    LCD_SetFont                              0x08001165   Thumb Code     6  stm3210c_eval_lcd.o(i.LCD_SetFont)
    LCD_SetTextColor                         0x08001171   Thumb Code    12  stm3210c_eval_lcd.o(i.LCD_SetTextColor)
    LCD_Setup                                0x08001181   Thumb Code  1044  stm3210c_eval_lcd.o(i.LCD_Setup)
    LCD_WriteRAM                             0x08001595   Thumb Code    50  stm3210c_eval_lcd.o(i.LCD_WriteRAM)
    LCD_WriteRAMWord                         0x080015cd   Thumb Code    26  stm3210c_eval_lcd.o(i.LCD_WriteRAMWord)
    LCD_WriteRAM_Prepare                     0x080015ed   Thumb Code    16  stm3210c_eval_lcd.o(i.LCD_WriteRAM_Prepare)
    LCD_WriteReg                             0x080015fd   Thumb Code    74  stm3210c_eval_lcd.o(i.LCD_WriteReg)
    LCD_WriteRegIndex                        0x08001651   Thumb Code    66  stm3210c_eval_lcd.o(i.LCD_WriteRegIndex)
    LCD_nCS_StartByte                        0x0800169d   Thumb Code    38  stm3210c_eval_lcd.o(i.LCD_nCS_StartByte)
    LED_Init                                 0x080016cd   Thumb Code    38  led.o(i.LED_Init)
    MemManage_Handler                        0x08001721   Thumb Code     4  stm32fxxx_it.o(i.MemManage_Handler)
    NMI_Handler                              0x08001725   Thumb Code     2  stm32fxxx_it.o(i.NMI_Handler)
    NVIC_Init                                0x08001729   Thumb Code   100  misc.o(i.NVIC_Init)
    NVIC_PriorityGroupConfig                 0x08001799   Thumb Code    10  misc.o(i.NVIC_PriorityGroupConfig)
    NVIC_SetVectorTable                      0x080017ad   Thumb Code    12  misc.o(i.NVIC_SetVectorTable)
    OTG_FS_IRQHandler                        0x080017c1   Thumb Code    10  stm32fxxx_it.o(i.OTG_FS_IRQHandler)
    PendSV_Handler                           0x080017d1   Thumb Code     2  stm32fxxx_it.o(i.PendSV_Handler)
    RCC_AHBPeriphClockCmd                    0x080017d5   Thumb Code    26  stm32f10x_rcc.o(i.RCC_AHBPeriphClockCmd)
    RCC_APB1PeriphClockCmd                   0x080017f5   Thumb Code    26  stm32f10x_rcc.o(i.RCC_APB1PeriphClockCmd)
    RCC_APB1PeriphResetCmd                   0x08001815   Thumb Code    26  stm32f10x_rcc.o(i.RCC_APB1PeriphResetCmd)
    RCC_APB2PeriphClockCmd                   0x08001835   Thumb Code    26  stm32f10x_rcc.o(i.RCC_APB2PeriphClockCmd)
    RCC_APB2PeriphResetCmd                   0x08001855   Thumb Code    26  stm32f10x_rcc.o(i.RCC_APB2PeriphResetCmd)
    RCC_GetClocksFreq                        0x08001875   Thumb Code   374  stm32f10x_rcc.o(i.RCC_GetClocksFreq)
    RCC_OTGFSCLKConfig                       0x08001a05   Thumb Code     6  stm32f10x_rcc.o(i.RCC_OTGFSCLKConfig)
    SPI_Cmd                                  0x08001a11   Thumb Code    24  stm32f10x_spi.o(i.SPI_Cmd)
    SPI_I2S_DeInit                           0x08001a29   Thumb Code    76  stm32f10x_spi.o(i.SPI_I2S_DeInit)
    SPI_I2S_GetFlagStatus                    0x08001a81   Thumb Code    18  stm32f10x_spi.o(i.SPI_I2S_GetFlagStatus)
    SPI_I2S_ReceiveData                      0x08001a93   Thumb Code     6  stm32f10x_spi.o(i.SPI_I2S_ReceiveData)
    SPI_I2S_SendData                         0x08001a99   Thumb Code     4  stm32f10x_spi.o(i.SPI_I2S_SendData)
    SPI_Init                                 0x08001a9d   Thumb Code    60  stm32f10x_spi.o(i.SPI_Init)
    STM3210C_LCD_Init                        0x08001ad9   Thumb Code    14  stm3210c_eval_lcd.o(i.STM3210C_LCD_Init)
    STM_EVAL_LEDInit                         0x08001aed   Thumb Code    52  stm3210c_eval.o(i.STM_EVAL_LEDInit)
    STM_EVAL_PBGetState                      0x08001b2d   Thumb Code    22  stm3210c_eval.o(i.STM_EVAL_PBGetState)
    STM_EVAL_PBInit                          0x08001b4d   Thumb Code   146  stm3210c_eval.o(i.STM_EVAL_PBInit)
    SVC_Handler                              0x08001bfd   Thumb Code     2  stm32fxxx_it.o(i.SVC_Handler)
    SystemInit                               0x08001d21   Thumb Code    98  system_stm32f10x.o(i.SystemInit)
    TIM2_IRQHandler                          0x08001d95   Thumb Code     8  stm32fxxx_it.o(i.TIM2_IRQHandler)
    TIM_ARRPreloadConfig                     0x08001d9d   Thumb Code    24  stm32f10x_tim.o(i.TIM_ARRPreloadConfig)
    TIM_ClearITPendingBit                    0x08001db5   Thumb Code     6  stm32f10x_tim.o(i.TIM_ClearITPendingBit)
    TIM_Cmd                                  0x08001dbb   Thumb Code    24  stm32f10x_tim.o(i.TIM_Cmd)
    TIM_GetITStatus                          0x08001dd3   Thumb Code    34  stm32f10x_tim.o(i.TIM_GetITStatus)
    TIM_ITConfig                             0x08001df5   Thumb Code    18  stm32f10x_tim.o(i.TIM_ITConfig)
    TIM_TimeBaseInit                         0x08001e09   Thumb Code   122  stm32f10x_tim.o(i.TIM_TimeBaseInit)
    USART1_IRQHandler                        0x08001ead   Thumb Code    24  usart.o(i.USART1_IRQHandler)
    USART1_Init                              0x08001ec9   Thumb Code   196  usart.o(i.USART1_Init)
    USART_ClearITPendingBit                  0x08001f9d   Thumb Code    30  stm32f10x_usart.o(i.USART_ClearITPendingBit)
    USART_Cmd                                0x08001fbb   Thumb Code    24  stm32f10x_usart.o(i.USART_Cmd)
    USART_GetITStatus                        0x08001fd3   Thumb Code    84  stm32f10x_usart.o(i.USART_GetITStatus)
    USART_ITConfig                           0x08002027   Thumb Code    74  stm32f10x_usart.o(i.USART_ITConfig)
    USART_Init                               0x08002071   Thumb Code   210  stm32f10x_usart.o(i.USART_Init)
    USART_ReceiveData                        0x08002149   Thumb Code    10  stm32f10x_usart.o(i.USART_ReceiveData)
    USBH_Alloc_Channel                       0x08002153   Thumb Code    38  usbh_hcs.o(i.USBH_Alloc_Channel)
    USBH_ClrFeature                          0x08002179   Thumb Code    76  usbh_stdreq.o(i.USBH_ClrFeature)
    USBH_Connected                           0x080021c5   Thumb Code    12  usbh_core.o(i.USBH_Connected)
    USBH_CtlReceiveData                      0x080021d1   Thumb Code    70  usbh_ioreq.o(i.USBH_CtlReceiveData)
    USBH_CtlReq                              0x08002217   Thumb Code   100  usbh_ioreq.o(i.USBH_CtlReq)
    USBH_CtlSendData                         0x0800227b   Thumb Code   110  usbh_ioreq.o(i.USBH_CtlSendData)
    USBH_CtlSendSetup                        0x080022e9   Thumb Code    66  usbh_ioreq.o(i.USBH_CtlSendSetup)
    USBH_DeAllocate_AllChannel               0x0800232b   Thumb Code    28  usbh_hcs.o(i.USBH_DeAllocate_AllChannel)
    USBH_DeInit                              0x08002347   Thumb Code    58  usbh_core.o(i.USBH_DeInit)
    USBH_Disconnected                        0x08002381   Thumb Code    40  usbh_core.o(i.USBH_Disconnected)
    USBH_ErrorHandle                         0x080023a9   Thumb Code    46  usbh_core.o(i.USBH_ErrorHandle)
    USBH_Free_Channel                        0x080023d7   Thumb Code    30  usbh_hcs.o(i.USBH_Free_Channel)
    USBH_GetDescriptor                       0x080023f5   Thumb Code    68  usbh_stdreq.o(i.USBH_GetDescriptor)
    USBH_GetNextDesc                         0x08002461   Thumb Code    18  usbh_stdreq.o(i.USBH_GetNextDesc)
    USBH_Get_CfgDesc                         0x08002475   Thumb Code   104  usbh_stdreq.o(i.USBH_Get_CfgDesc)
    USBH_Get_DevDesc                         0x080024e1   Thumb Code    56  usbh_stdreq.o(i.USBH_Get_DevDesc)
    USBH_Get_StringDesc                      0x08002569   Thumb Code    60  usbh_stdreq.o(i.USBH_Get_StringDesc)
    USBH_HandleControl                       0x08002b81   Thumb Code   550  usbh_core.o(i.USBH_HandleControl)
    USBH_Init                                0x08002f8d   Thumb Code    68  usbh_core.o(i.USBH_Init)
    USBH_InterruptReceiveData                0x08002fd1   Thumb Code   120  usbh_ioreq.o(i.USBH_InterruptReceiveData)
    USBH_Modify_Channel                      0x08003049   Thumb Code   100  usbh_hcs.o(i.USBH_Modify_Channel)
    USBH_OTG_ISR_Handler                     0x080030ad   Thumb Code   168  usb_hcd_int.o(i.USBH_OTG_ISR_Handler)
    USBH_Open_Channel                        0x08003155   Thumb Code   154  usbh_hcs.o(i.USBH_Open_Channel)
    USBH_ParseCfgDesc                        0x080031f1   Thumb Code   296  usbh_stdreq.o(i.USBH_ParseCfgDesc)
    USBH_PortDisabled                        0x0800341f   Thumb Code    12  usbh_core.o(i.USBH_PortDisabled)
    USBH_PortEnabled                         0x0800342b   Thumb Code    12  usbh_core.o(i.USBH_PortEnabled)
    USBH_Process                             0x08003437   Thumb Code   458  usbh_core.o(i.USBH_Process)
    USBH_SOF                                 0x08003601   Thumb Code     6  usbh_core.o(i.USBH_SOF)
    USBH_SetAddress                          0x08003607   Thumb Code    38  usbh_stdreq.o(i.USBH_SetAddress)
    USBH_SetCfg                              0x0800362d   Thumb Code    38  usbh_stdreq.o(i.USBH_SetCfg)
    USBH_USR_Configuration_DescAvailable     0x080036cd   Thumb Code    58  usbh_usr.o(i.USBH_USR_Configuration_DescAvailable)
    USBH_USR_DeInit                          0x08003715   Thumb Code     2  usbh_usr.o(i.USBH_USR_DeInit)
    USBH_USR_DeviceAddressAssigned           0x08003717   Thumb Code     2  usbh_usr.o(i.USBH_USR_DeviceAddressAssigned)
    USBH_USR_DeviceAttached                  0x08003719   Thumb Code    18  usbh_usr.o(i.USBH_USR_DeviceAttached)
    USBH_USR_DeviceDisconnected              0x08003735   Thumb Code    84  usbh_usr.o(i.USBH_USR_DeviceDisconnected)
    USBH_USR_DeviceNotSupported              0x080037bd   Thumb Code    18  usbh_usr.o(i.USBH_USR_DeviceNotSupported)
    USBH_USR_DeviceSpeedDetected             0x080037f1   Thumb Code    78  usbh_usr.o(i.USBH_USR_DeviceSpeedDetected)
    USBH_USR_Device_DescAvailable            0x08003855   Thumb Code    60  usbh_usr.o(i.USBH_USR_Device_DescAvailable)
    USBH_USR_EnumerationDone                 0x080038b5   Thumb Code    50  usbh_usr.o(i.USBH_USR_EnumerationDone)
    USBH_USR_Init                            0x0800393d   Thumb Code    84  usbh_usr.o(i.USBH_USR_Init)
    USBH_USR_Manufacturer_String             0x080039f1   Thumb Code    34  usbh_usr.o(i.USBH_USR_Manufacturer_String)
    USBH_USR_OverCurrentDetected             0x08003a2d   Thumb Code    32  usbh_usr.o(i.USBH_USR_OverCurrentDetected)
    USBH_USR_Product_String                  0x08003a71   Thumb Code    34  usbh_usr.o(i.USBH_USR_Product_String)
    USBH_USR_ResetDevice                     0x08003aa9   Thumb Code     2  usbh_usr.o(i.USBH_USR_ResetDevice)
    USBH_USR_SerialNum_String                0x08003aad   Thumb Code    34  usbh_usr.o(i.USBH_USR_SerialNum_String)
    USBH_USR_UnrecoveredError                0x08003ae9   Thumb Code    32  usbh_usr.o(i.USBH_USR_UnrecoveredError)
    USBH_USR_UserInput                       0x08003b19   Thumb Code    18  usbh_usr.o(i.USBH_USR_UserInput)
    USB_OTG_BSP_ConfigVBUS                   0x08003b2d   Thumb Code    58  usb_bsp.o(i.USB_OTG_BSP_ConfigVBUS)
    USB_OTG_BSP_DriveVBUS                    0x08003b6d   Thumb Code    32  usb_bsp.o(i.USB_OTG_BSP_DriveVBUS)
    USB_OTG_BSP_EnableInterrupt              0x08003b91   Thumb Code    44  usb_bsp.o(i.USB_OTG_BSP_EnableInterrupt)
    USB_OTG_BSP_Init                         0x08003bbd   Thumb Code    24  usb_bsp.o(i.USB_OTG_BSP_Init)
    USB_OTG_BSP_TimerIRQ                     0x08003c0d   Thumb Code    50  usb_bsp.o(i.USB_OTG_BSP_TimerIRQ)
    USB_OTG_BSP_mDelay                       0x08003c45   Thumb Code    14  usb_bsp.o(i.USB_OTG_BSP_mDelay)
    USB_OTG_BSP_uDelay                       0x08003c53   Thumb Code    14  usb_bsp.o(i.USB_OTG_BSP_uDelay)
    USB_OTG_CoreInit                         0x08003c61   Thumb Code   294  usb_core.o(i.USB_OTG_CoreInit)
    USB_OTG_CoreInitHost                     0x08003d87   Thumb Code   214  usb_core.o(i.USB_OTG_CoreInitHost)
    USB_OTG_DisableGlobalInt                 0x08003ecd   Thumb Code    34  usb_core.o(i.USB_OTG_DisableGlobalInt)
    USB_OTG_DriveVbus                        0x08003eef   Thumb Code    92  usb_core.o(i.USB_OTG_DriveVbus)
    USB_OTG_EnableGlobalInt                  0x08003f7f   Thumb Code    34  usb_core.o(i.USB_OTG_EnableGlobalInt)
    USB_OTG_EnableHostInt                    0x08003fa1   Thumb Code   132  usb_core.o(i.USB_OTG_EnableHostInt)
    USB_OTG_FlushRxFifo                      0x08004025   Thumb Code    70  usb_core.o(i.USB_OTG_FlushRxFifo)
    USB_OTG_FlushTxFifo                      0x08004071   Thumb Code    80  usb_core.o(i.USB_OTG_FlushTxFifo)
    USB_OTG_GetMode                          0x080040c5   Thumb Code    12  usb_core.o(i.USB_OTG_GetMode)
    USB_OTG_HC_DoPing                        0x080040d1   Thumb Code    90  usb_core.o(i.USB_OTG_HC_DoPing)
    USB_OTG_HC_Halt                          0x0800412b   Thumb Code   154  usb_core.o(i.USB_OTG_HC_Halt)
    USB_OTG_HC_Init                          0x080041c5   Thumb Code   568  usb_core.o(i.USB_OTG_HC_Init)
    USB_OTG_HC_StartXfer                     0x080043fd   Thumb Code   502  usb_core.o(i.USB_OTG_HC_StartXfer)
    USB_OTG_InitFSLSPClkSel                  0x080045f3   Thumb Code    24  usb_core.o(i.USB_OTG_InitFSLSPClkSel)
    USB_OTG_IsEvenFrame                      0x0800460b   Thumb Code    16  usb_core.o(i.USB_OTG_IsEvenFrame)
    USB_OTG_IsHostMode                       0x0800461b   Thumb Code    20  usb_core.o(i.USB_OTG_IsHostMode)
    USB_OTG_ReadCoreItr                      0x0800462f   Thumb Code    16  usb_core.o(i.USB_OTG_ReadCoreItr)
    USB_OTG_ReadHPRT0                        0x0800463f   Thumb Code    48  usb_core.o(i.USB_OTG_ReadHPRT0)
    USB_OTG_ReadHostAllChannels_intr         0x0800466f   Thumb Code     8  usb_core.o(i.USB_OTG_ReadHostAllChannels_intr)
    USB_OTG_ReadPacket                       0x08004677   Thumb Code    40  usb_core.o(i.USB_OTG_ReadPacket)
    USB_OTG_ResetPort                        0x0800469f   Thumb Code    64  usb_core.o(i.USB_OTG_ResetPort)
    USB_OTG_SelectCore                       0x080046e1   Thumb Code   204  usb_core.o(i.USB_OTG_SelectCore)
    USB_OTG_SetCurrentMode                   0x080047b1   Thumb Code    78  usb_core.o(i.USB_OTG_SetCurrentMode)
    USB_OTG_WritePacket                      0x080055c9   Thumb Code    64  usb_core.o(i.USB_OTG_WritePacket)
    USR_KEYBRD_Init                          0x08005609   Thumb Code    84  usbh_usr.o(i.USR_KEYBRD_Init)
    USR_KEYBRD_ProcessData                   0x080056c1   Thumb Code   154  usbh_usr.o(i.USR_KEYBRD_ProcessData)
    USR_MOUSE_Init                           0x08005765   Thumb Code   128  usbh_usr.o(i.USR_MOUSE_Init)
    USR_MOUSE_ProcessData                    0x0800582d   Thumb Code    90  usbh_usr.o(i.USR_MOUSE_ProcessData)
    UsageFault_Handler                       0x0800588d   Thumb Code     4  stm32fxxx_it.o(i.UsageFault_Handler)
    __0printf$8                              0x08005891   Thumb Code    22  printf8.o(i.__0printf$8)
    __1printf$8                              0x08005891   Thumb Code     0  printf8.o(i.__0printf$8)
    __2printf                                0x08005891   Thumb Code     0  printf8.o(i.__0printf$8)
    __0sprintf$8                             0x080058b1   Thumb Code    34  printf8.o(i.__0sprintf$8)
    __1sprintf$8                             0x080058b1   Thumb Code     0  printf8.o(i.__0sprintf$8)
    __2sprintf                               0x080058b1   Thumb Code     0  printf8.o(i.__0sprintf$8)
    __scatterload_copy                       0x080058d9   Thumb Code    14  handlers.o(i.__scatterload_copy)
    __scatterload_null                       0x080058e7   Thumb Code     2  handlers.o(i.__scatterload_null)
    __scatterload_zeroinit                   0x080058e9   Thumb Code    14  handlers.o(i.__scatterload_zeroinit)
    fputc                                    0x08005d89   Thumb Code   342  lcd_log.o(i.fputc)
    main                                     0x08005f11   Thumb Code   102  main.o(i.main)
    MSG_HOST_INIT                            0x08005f8c   Data          28  usbh_usr.o(.constdata)
    MSG_DEV_ATTACHED                         0x08005fa8   Data          19  usbh_usr.o(.constdata)
    MSG_DEV_DISCONNECTED                     0x08005fbb   Data          23  usbh_usr.o(.constdata)
    MSG_DEV_ENUMERATED                       0x08005fd2   Data          25  usbh_usr.o(.constdata)
    MSG_DEV_HIGHSPEED                        0x08005feb   Data          30  usbh_usr.o(.constdata)
    MSG_DEV_FULLSPEED                        0x08006009   Data          30  usbh_usr.o(.constdata)
    MSG_DEV_LOWSPEED                         0x08006027   Data          29  usbh_usr.o(.constdata)
    MSG_DEV_ERROR                            0x08006044   Data          17  usbh_usr.o(.constdata)
    MSG_MSC_CLASS                            0x08006055   Data          33  usbh_usr.o(.constdata)
    MSG_HID_CLASS                            0x08006076   Data          24  usbh_usr.o(.constdata)
    USB_HID_MouseStatus                      0x0800608e   Data          27  usbh_usr.o(.constdata)
    USB_HID_KeybrdStatus                     0x080060a9   Data          30  usbh_usr.o(.constdata)
    MSG_UNREC_ERROR                          0x080060c7   Data          27  usbh_usr.o(.constdata)
    GPIO_PIN                                 0x080060e4   Data           8  stm3210c_eval.o(.constdata)
    GPIO_CLK                                 0x080060ec   Data          16  stm3210c_eval.o(.constdata)
    BUTTON_PIN                               0x080060fc   Data           6  stm3210c_eval.o(.constdata)
    BUTTON_CLK                               0x08006104   Data          12  stm3210c_eval.o(.constdata)
    BUTTON_EXTI_LINE                         0x08006110   Data           6  stm3210c_eval.o(.constdata)
    BUTTON_PORT_SOURCE                       0x08006116   Data           6  stm3210c_eval.o(.constdata)
    BUTTON_PIN_SOURCE                        0x0800611c   Data           6  stm3210c_eval.o(.constdata)
    BUTTON_IRQn                              0x08006122   Data           6  stm3210c_eval.o(.constdata)
    COM_USART_CLK                            0x08006128   Data           4  stm3210c_eval.o(.constdata)
    COM_TX_PORT_CLK                          0x0800612c   Data           4  stm3210c_eval.o(.constdata)
    COM_RX_PORT_CLK                          0x08006130   Data           4  stm3210c_eval.o(.constdata)
    COM_TX_PIN                               0x08006134   Data           2  stm3210c_eval.o(.constdata)
    COM_RX_PIN                               0x08006136   Data           2  stm3210c_eval.o(.constdata)
    ASCII16x24_Table                         0x08006138   Data        4560  stm3210c_eval_lcd.o(.constdata)
    ASCII12x12_Table                         0x08007308   Data        2304  stm3210c_eval_lcd.o(.constdata)
    ASCII8x12_Table                          0x08007c08   Data        2304  stm3210c_eval_lcd.o(.constdata)
    ASCII8x8_Table                           0x08008508   Data        1536  stm3210c_eval_lcd.o(.constdata)
    Region$$Table$$Base                      0x08008cf4   Number         0  anon$$obj.o(Region$$Table)
    Region$$Table$$Limit                     0x08008d14   Number         0  anon$$obj.o(Region$$Table)
    HSEStartUpStatus                         0x20000000   Data           1  usb_bsp.o(.data)
    BSP_delay                                0x20000004   Data           4  usb_bsp.o(.data)
    KeybrdCharXpos                           0x20000008   Data           1  usbh_usr.o(.data)
    KeybrdCharYpos                           0x2000000a   Data           2  usbh_usr.o(.data)
    USR_Callbacks                            0x2000000c   Data          72  usbh_usr.o(.data)
    x_loc                                    0x20000058   Data           2  usbh_usr_lcd.o(.data)
    y_loc                                    0x2000005a   Data           2  usbh_usr_lcd.o(.data)
    prev_x                                   0x2000005c   Data           2  usbh_usr_lcd.o(.data)
    prev_y                                   0x2000005e   Data           2  usbh_usr_lcd.o(.data)
    LCD_LineColor                            0x20000060   Data           2  lcd_log.o(.data)
    LCD_CacheBuffer_xptr                     0x20000062   Data           2  lcd_log.o(.data)
    LCD_CacheBuffer_yptr_top                 0x20000064   Data           2  lcd_log.o(.data)
    LCD_CacheBuffer_yptr_bottom              0x20000066   Data           2  lcd_log.o(.data)
    LCD_CacheBuffer_yptr_top_bak             0x20000068   Data           2  lcd_log.o(.data)
    LCD_CacheBuffer_yptr_bottom_bak          0x2000006a   Data           2  lcd_log.o(.data)
    LCD_CacheBuffer_yptr_invert              0x2000006c   Data           1  lcd_log.o(.data)
    LCD_ScrollActive                         0x2000006d   Data           1  lcd_log.o(.data)
    LCD_Lock                                 0x2000006e   Data           1  lcd_log.o(.data)
    LCD_Scrolled                             0x2000006f   Data           1  lcd_log.o(.data)
    LCD_ScrollBackStep                       0x20000070   Data           2  lcd_log.o(.data)
    GPIO_PORT                                0x20000074   Data          16  stm3210c_eval.o(.data)
    BUTTON_PORT                              0x20000084   Data          12  stm3210c_eval.o(.data)
    COM_USART                                0x20000090   Data           4  stm3210c_eval.o(.data)
    COM_TX_PORT                              0x20000094   Data           4  stm3210c_eval.o(.data)
    COM_RX_PORT                              0x20000098   Data           4  stm3210c_eval.o(.data)
    Font16x24                                0x2000009c   Data           8  stm3210c_eval_lcd.o(.data)
    Font12x12                                0x200000a4   Data           8  stm3210c_eval_lcd.o(.data)
    Font8x12                                 0x200000ac   Data           8  stm3210c_eval_lcd.o(.data)
    Font8x8                                  0x200000b4   Data           8  stm3210c_eval_lcd.o(.data)
    TextColor                                0x200000c0   Data           2  stm3210c_eval_lcd.o(.data)
    BackColor                                0x200000c2   Data           2  stm3210c_eval_lcd.o(.data)
    USBH_HCD_INT_cb                          0x200000d8   Data          20  usbh_core.o(.data)
    USBH_HCD_INT_fops                        0x200000ec   Data           4  usbh_core.o(.data)
    suspend_flag                             0x200000f0   Data           4  usbh_core.o(.data)
    HID_Setup                                0x200000fc   Data           8  usbh_hid_core.o(.data)
    start_toggle                             0x20000104   Data           1  usbh_hid_core.o(.data)
    HID_cb                                   0x20000108   Data          16  usbh_hid_core.o(.data)
    HID_KEYBRD_cb                            0x20000118   Data           8  usbh_hid_keybd.o(.data)
    HID_MOUSE_Data                           0x20000138   Data           4  usbh_hid_mouse.o(.data)
    HID_MOUSE_cb                             0x2000013c   Data           8  usbh_hid_mouse.o(.data)
    __stdout                                 0x20000144   Data           4  stdout.o(.data)
    USB_OTG_Core_dev                         0x20000148   Data        1456  main.o(.bss)
    USB_Host                                 0x200006f8   Data         132  main.o(.bss)
    LCD_CacheBuffer                          0x2000077c   Data        1326  lcd_log.o(.bss)
    USBH_CfgDesc                             0x20000caa   Data         512  usbh_stdreq.o(.bss)
    HID_Machine                              0x20000eac   Data          84  usbh_hid_core.o(.bss)
    HID_Report                               0x20000f00   Data          72  usbh_hid_core.o(.bss)
    HID_Desc                                 0x20000f48   Data          10  usbh_hid_core.o(.bss)
    __initial_sp                             0x20001358   Data           0  startup_stm32f10x_cl.o(STACK)



==============================================================================

Memory Map of the image

  Image Entry point : 0x08000151

  Load Region LR_IROM1 (Base: 0x08000000, Size: 0x00008e5c, Max: 0x00040000, ABSOLUTE, COMPRESSED[0x00008dc8])

    Execution Region ER_IROM1 (Base: 0x08000000, Size: 0x00008d14, Max: 0x00040000, ABSOLUTE)

    Base Addr    Size         Type   Attr      Idx    E Section Name        Object

    0x08000000   0x00000150   Data   RO         4246    RESET               startup_stm32f10x_cl.o
    0x08000150   0x00000000   Code   RO         5124  * .ARM.Collect$$$$00000000  mc_w.l(entry.o)
    0x08000150   0x00000004   Code   RO         5396    .ARM.Collect$$$$00000001  mc_w.l(entry2.o)
    0x08000154   0x00000004   Code   RO         5399    .ARM.Collect$$$$00000004  mc_w.l(entry5.o)
    0x08000158   0x00000000   Code   RO         5401    .ARM.Collect$$$$00000008  mc_w.l(entry7b.o)
    0x08000158   0x00000000   Code   RO         5403    .ARM.Collect$$$$0000000A  mc_w.l(entry8b.o)
    0x08000158   0x00000008   Code   RO         5404    .ARM.Collect$$$$0000000B  mc_w.l(entry9a.o)
    0x08000160   0x00000000   Code   RO         5406    .ARM.Collect$$$$0000000D  mc_w.l(entry10a.o)
    0x08000160   0x00000000   Code   RO         5408    .ARM.Collect$$$$0000000F  mc_w.l(entry11a.o)
    0x08000160   0x00000004   Code   RO         5397    .ARM.Collect$$$$00002712  mc_w.l(entry2.o)
    0x08000164   0x00000024   Code   RO         4247    .text               startup_stm32f10x_cl.o
    0x08000188   0x00000062   Code   RO         5413    .text               mc_w.l(uldiv.o)
    0x080001ea   0x00000002   PAD
    0x080001ec   0x00000024   Code   RO         5426    .text               mc_w.l(init.o)
    0x08000210   0x0000001e   Code   RO         5428    .text               mc_w.l(llshl.o)
    0x0800022e   0x00000020   Code   RO         5430    .text               mc_w.l(llushr.o)
    0x0800024e   0x00000056   Code   RO         5442    .text               mc_w.l(__dczerorl2.o)
    0x080002a4   0x0000002c   Code   RO          332    i.BSP_Delay         usb_bsp.o
    0x080002d0   0x0000006e   Code   RO          333    i.BSP_SetTime       usb_bsp.o
    0x0800033e   0x00000004   Code   RO          202    i.BusFault_Handler  stm32fxxx_it.o
    0x08000342   0x00000002   Code   RO          203    i.DebugMon_Handler  stm32fxxx_it.o
    0x08000344   0x00000020   Code   RO          204    i.EXTI1_IRQHandler  stm32fxxx_it.o
    0x08000364   0x0000000c   Code   RO         1911    i.EXTI_ClearITPendingBit  stm32f10x_exti.o
    0x08000370   0x00000028   Code   RO         1915    i.EXTI_GetITStatus  stm32f10x_exti.o
    0x08000398   0x00000094   Code   RO         1916    i.EXTI_Init         stm32f10x_exti.o
    0x0800042c   0x00000040   Code   RO         2285    i.GPIO_EXTILineConfig  stm32f10x_gpio.o
    0x0800046c   0x00000116   Code   RO         2288    i.GPIO_Init         stm32f10x_gpio.o
    0x08000582   0x00000002   PAD
    0x08000584   0x00000090   Code   RO         2290    i.GPIO_PinRemapConfig  stm32f10x_gpio.o
    0x08000614   0x00000012   Code   RO         2292    i.GPIO_ReadInputDataBit  stm32f10x_gpio.o
    0x08000626   0x00000004   Code   RO         2295    i.GPIO_ResetBits    stm32f10x_gpio.o
    0x0800062a   0x00000004   Code   RO         2296    i.GPIO_SetBits      stm32f10x_gpio.o
    0x0800062e   0x0000000a   Code   RO         2299    i.GPIO_WriteBit     stm32f10x_gpio.o
    0x08000638   0x0000000a   Code   RO         4732    i.HCD_GetCurrentFrame  usb_hcd.o
    0x08000642   0x00000014   Code   RO         4733    i.HCD_GetCurrentSpeed  usb_hcd.o
    0x08000656   0x0000000a   Code   RO         4735    i.HCD_GetURB_State  usb_hcd.o
    0x08000660   0x00000060   Code   RO         4738    i.HCD_Init          usb_hcd.o
    0x080006c0   0x00000008   Code   RO         4739    i.HCD_IsDeviceConnected  usb_hcd.o
    0x080006c8   0x00000008   Code   RO         4740    i.HCD_IsPortEnabled  usb_hcd.o
    0x080006d0   0x0000000e   Code   RO         4741    i.HCD_ResetPort     usb_hcd.o
    0x080006de   0x00000020   Code   RO         4742    i.HCD_SubmitRequest  usb_hcd.o
    0x080006fe   0x0000004e   Code   RO          562    i.HID_MOUSE_ButtonPressed  usbh_usr_lcd.o
    0x0800074c   0x0000004e   Code   RO          563    i.HID_MOUSE_ButtonReleased  usbh_usr_lcd.o
    0x0800079a   0x00000002   PAD
    0x0800079c   0x00000100   Code   RO          564    i.HID_MOUSE_UpdatePosition  usbh_usr_lcd.o
    0x0800089c   0x00000004   Code   RO          205    i.HardFault_Handler  stm32fxxx_it.o
    0x080008a0   0x00000154   Code   RO         4671    i.KEYBRD_Decode     usbh_hid_keybd.o
    0x080009f4   0x00000008   Code   RO         4672    i.KEYBRD_Init       usbh_hid_keybd.o
    0x080009fc   0x00000038   Code   RO          750    i.LCD_Clear         stm3210c_eval_lcd.o
    0x08000a34   0x00000034   Code   RO          751    i.LCD_ClearLine     stm3210c_eval_lcd.o
    0x08000a68   0x0000002c   Code   RO          754    i.LCD_CtrlLinesConfig  stm3210c_eval_lcd.o
    0x08000a94   0x00000014   Code   RO          755    i.LCD_CtrlLinesWrite  stm3210c_eval_lcd.o
    0x08000aa8   0x00000030   Code   RO          757    i.LCD_DisplayChar   stm3210c_eval_lcd.o
    0x08000ad8   0x0000004c   Code   RO          760    i.LCD_DisplayStringLine  stm3210c_eval_lcd.o
    0x08000b24   0x000000bc   Code   RO          761    i.LCD_DrawChar      stm3210c_eval_lcd.o
    0x08000be0   0x00000090   Code   RO          764    i.LCD_DrawFullRect  stm3210c_eval_lcd.o
    0x08000c70   0x00000064   Code   RO          765    i.LCD_DrawLine      stm3210c_eval_lcd.o
    0x08000cd4   0x00000046   Code   RO          767    i.LCD_DrawRect      stm3210c_eval_lcd.o
    0x08000d1a   0x00000002   PAD
    0x08000d1c   0x0000000c   Code   RO          771    i.LCD_GetFont       stm3210c_eval_lcd.o
    0x08000d28   0x00000028   Code   RO          597    i.LCD_LOG_ClearTextZone  lcd_log.o
    0x08000d50   0x00000064   Code   RO          598    i.LCD_LOG_DeInit    lcd_log.o
    0x08000db4   0x0000000e   Code   RO          599    i.LCD_LOG_Init      lcd_log.o
    0x08000dc2   0x00000064   Code   RO          600    i.LCD_LOG_SetFooter  lcd_log.o
    0x08000e26   0x00000002   PAD
    0x08000e28   0x00000098   Code   RO          601    i.LCD_LOG_SetHeader  lcd_log.o
    0x08000ec0   0x000000e8   Code   RO          602    i.LCD_LOG_UpdateDisplay  lcd_log.o
    0x08000fa8   0x000000e4   Code   RO          776    i.LCD_ReadReg       stm3210c_eval_lcd.o
    0x0800108c   0x000000b0   Code   RO          777    i.LCD_SPIConfig     stm3210c_eval_lcd.o
    0x0800113c   0x00000010   Code   RO          778    i.LCD_SetBackColor  stm3210c_eval_lcd.o
    0x0800114c   0x00000018   Code   RO          780    i.LCD_SetCursor     stm3210c_eval_lcd.o
    0x08001164   0x0000000c   Code   RO          782    i.LCD_SetFont       stm3210c_eval_lcd.o
    0x08001170   0x00000010   Code   RO          783    i.LCD_SetTextColor  stm3210c_eval_lcd.o
    0x08001180   0x00000414   Code   RO          784    i.LCD_Setup         stm3210c_eval_lcd.o
    0x08001594   0x00000038   Code   RO          786    i.LCD_WriteRAM      stm3210c_eval_lcd.o
    0x080015cc   0x00000020   Code   RO          787    i.LCD_WriteRAMWord  stm3210c_eval_lcd.o
    0x080015ec   0x00000010   Code   RO          788    i.LCD_WriteRAM_Prepare  stm3210c_eval_lcd.o
    0x080015fc   0x00000054   Code   RO          789    i.LCD_WriteReg      stm3210c_eval_lcd.o
    0x08001650   0x0000004c   Code   RO          790    i.LCD_WriteRegIndex  stm3210c_eval_lcd.o
    0x0800169c   0x00000030   Code   RO          791    i.LCD_nCS_StartByte  stm3210c_eval_lcd.o
    0x080016cc   0x0000002c   Code   RO         5068    i.LED_Init          led.o
    0x080016f8   0x00000020   Code   RO         4702    i.MOUSE_Decode      usbh_hid_mouse.o
    0x08001718   0x00000008   Code   RO         4703    i.MOUSE_Init        usbh_hid_mouse.o
    0x08001720   0x00000004   Code   RO          206    i.MemManage_Handler  stm32fxxx_it.o
    0x08001724   0x00000002   Code   RO          207    i.NMI_Handler       stm32fxxx_it.o
    0x08001726   0x00000002   PAD
    0x08001728   0x00000070   Code   RO         1041    i.NVIC_Init         misc.o
    0x08001798   0x00000014   Code   RO         1042    i.NVIC_PriorityGroupConfig  misc.o
    0x080017ac   0x00000014   Code   RO         1043    i.NVIC_SetVectorTable  misc.o
    0x080017c0   0x00000010   Code   RO          208    i.OTG_FS_IRQHandler  stm32fxxx_it.o
    0x080017d0   0x00000002   Code   RO          209    i.PendSV_Handler    stm32fxxx_it.o
    0x080017d2   0x00000002   PAD
    0x080017d4   0x00000020   Code   RO         2735    i.RCC_AHBPeriphClockCmd  stm32f10x_rcc.o
    0x080017f4   0x00000020   Code   RO         2737    i.RCC_APB1PeriphClockCmd  stm32f10x_rcc.o
    0x08001814   0x00000020   Code   RO         2738    i.RCC_APB1PeriphResetCmd  stm32f10x_rcc.o
    0x08001834   0x00000020   Code   RO         2739    i.RCC_APB2PeriphClockCmd  stm32f10x_rcc.o
    0x08001854   0x00000020   Code   RO         2740    i.RCC_APB2PeriphResetCmd  stm32f10x_rcc.o
    0x08001874   0x00000190   Code   RO         2747    i.RCC_GetClocksFreq  stm32f10x_rcc.o
    0x08001a04   0x0000000c   Code   RO         2760    i.RCC_OTGFSCLKConfig  stm32f10x_rcc.o
    0x08001a10   0x00000018   Code   RO         3293    i.SPI_Cmd           stm32f10x_spi.o
    0x08001a28   0x00000058   Code   RO         3300    i.SPI_I2S_DeInit    stm32f10x_spi.o
    0x08001a80   0x00000012   Code   RO         3301    i.SPI_I2S_GetFlagStatus  stm32f10x_spi.o
    0x08001a92   0x00000006   Code   RO         3304    i.SPI_I2S_ReceiveData  stm32f10x_spi.o
    0x08001a98   0x00000004   Code   RO         3305    i.SPI_I2S_SendData  stm32f10x_spi.o
    0x08001a9c   0x0000003c   Code   RO         3306    i.SPI_Init          stm32f10x_spi.o
    0x08001ad8   0x00000014   Code   RO          793    i.STM3210C_LCD_Init  stm3210c_eval_lcd.o
    0x08001aec   0x00000040   Code   RO          662    i.STM_EVAL_LEDInit  stm3210c_eval.o
    0x08001b2c   0x00000020   Code   RO          666    i.STM_EVAL_PBGetState  stm3210c_eval.o
    0x08001b4c   0x000000b0   Code   RO          667    i.STM_EVAL_PBInit   stm3210c_eval.o
    0x08001bfc   0x00000002   Code   RO          210    i.SVC_Handler       stm32fxxx_it.o
    0x08001bfe   0x00000008   Code   RO          290    i.SetSysClock       system_stm32f10x.o
    0x08001c06   0x00000002   PAD
    0x08001c08   0x00000118   Code   RO          291    i.SetSysClockTo72   system_stm32f10x.o
    0x08001d20   0x00000074   Code   RO          293    i.SystemInit        system_stm32f10x.o
    0x08001d94   0x00000008   Code   RO          211    i.TIM2_IRQHandler   stm32fxxx_it.o
    0x08001d9c   0x00000018   Code   RO         3444    i.TIM_ARRPreloadConfig  stm32f10x_tim.o
    0x08001db4   0x00000006   Code   RO         3451    i.TIM_ClearITPendingBit  stm32f10x_tim.o
    0x08001dba   0x00000018   Code   RO         3456    i.TIM_Cmd           stm32f10x_tim.o
    0x08001dd2   0x00000022   Code   RO         3477    i.TIM_GetITStatus   stm32f10x_tim.o
    0x08001df4   0x00000012   Code   RO         3481    i.TIM_ITConfig      stm32f10x_tim.o
    0x08001e06   0x00000002   PAD
    0x08001e08   0x000000a4   Code   RO         3527    i.TIM_TimeBaseInit  stm32f10x_tim.o
    0x08001eac   0x0000001c   Code   RO         5088    i.USART1_IRQHandler  usart.o
    0x08001ec8   0x000000d4   Code   RO         5089    i.USART1_Init       usart.o
    0x08001f9c   0x0000001e   Code   RO         3997    i.USART_ClearITPendingBit  stm32f10x_usart.o
    0x08001fba   0x00000018   Code   RO         4000    i.USART_Cmd         stm32f10x_usart.o
    0x08001fd2   0x00000054   Code   RO         4004    i.USART_GetITStatus  stm32f10x_usart.o
    0x08002026   0x0000004a   Code   RO         4006    i.USART_ITConfig    stm32f10x_usart.o
    0x08002070   0x000000d8   Code   RO         4007    i.USART_Init        stm32f10x_usart.o
    0x08002148   0x0000000a   Code   RO         4014    i.USART_ReceiveData  stm32f10x_usart.o
    0x08002152   0x00000026   Code   RO         4350    i.USBH_Alloc_Channel  usbh_hcs.o
    0x08002178   0x0000004c   Code   RO         4479    i.USBH_ClrFeature   usbh_stdreq.o
    0x080021c4   0x0000000c   Code   RO         4253    i.USBH_Connected    usbh_core.o
    0x080021d0   0x00000046   Code   RO         4401    i.USBH_CtlReceiveData  usbh_ioreq.o
    0x08002216   0x00000064   Code   RO         4402    i.USBH_CtlReq       usbh_ioreq.o
    0x0800227a   0x0000006e   Code   RO         4403    i.USBH_CtlSendData  usbh_ioreq.o
    0x080022e8   0x00000042   Code   RO         4404    i.USBH_CtlSendSetup  usbh_ioreq.o
    0x0800232a   0x0000001c   Code   RO         4351    i.USBH_DeAllocate_AllChannel  usbh_hcs.o
    0x08002346   0x0000003a   Code   RO         4254    i.USBH_DeInit       usbh_core.o
    0x08002380   0x00000028   Code   RO         4255    i.USBH_Disconnected  usbh_core.o
    0x080023a8   0x0000002e   Code   RO         4256    i.USBH_ErrorHandle  usbh_core.o
    0x080023d6   0x0000001e   Code   RO         4352    i.USBH_Free_Channel  usbh_hcs.o
    0x080023f4   0x00000044   Code   RO         4480    i.USBH_GetDescriptor  usbh_stdreq.o
    0x08002438   0x00000028   Code   RO         4353    i.USBH_GetFreeChannel  usbh_hcs.o
    0x08002460   0x00000012   Code   RO         4481    i.USBH_GetNextDesc  usbh_stdreq.o
    0x08002472   0x00000002   PAD
    0x08002474   0x0000006c   Code   RO         4482    i.USBH_Get_CfgDesc  usbh_stdreq.o
    0x080024e0   0x00000038   Code   RO         4483    i.USBH_Get_DevDesc  usbh_stdreq.o
    0x08002518   0x00000028   Code   RO         4591    i.USBH_Get_HID_Descriptor  usbh_hid_core.o
    0x08002540   0x00000028   Code   RO         4592    i.USBH_Get_HID_ReportDescriptor  usbh_hid_core.o
    0x08002568   0x0000003c   Code   RO         4484    i.USBH_Get_StringDesc  usbh_stdreq.o
    0x080025a4   0x000000b0   Code   RO         4593    i.USBH_HID_ClassRequest  usbh_hid_core.o
    0x08002654   0x00000104   Code   RO         4594    i.USBH_HID_Handle   usbh_hid_core.o
    0x08002758   0x00000068   Code   RO         4595    i.USBH_HID_InterfaceDeInit  usbh_hid_core.o
    0x080027c0   0x000003c0   Code   RO         4596    i.USBH_HID_InterfaceInit  usbh_hid_core.o
    0x08002b80   0x0000022c   Code   RO         4257    i.USBH_HandleControl  usbh_core.o
    0x08002dac   0x000001e0   Code   RO         4258    i.USBH_HandleEnum   usbh_core.o
    0x08002f8c   0x00000044   Code   RO         4259    i.USBH_Init         usbh_core.o
    0x08002fd0   0x00000078   Code   RO         4405    i.USBH_InterruptReceiveData  usbh_ioreq.o
    0x08003048   0x00000064   Code   RO         4354    i.USBH_Modify_Channel  usbh_hcs.o
    0x080030ac   0x000000a8   Code   RO         4812    i.USBH_OTG_ISR_Handler  usb_hcd_int.o
    0x08003154   0x0000009a   Code   RO         4355    i.USBH_Open_Channel  usbh_hcs.o
    0x080031ee   0x00000002   PAD
    0x080031f0   0x00000130   Code   RO         4485    i.USBH_ParseCfgDesc  usbh_stdreq.o
    0x08003320   0x00000058   Code   RO         4486    i.USBH_ParseDevDesc  usbh_stdreq.o
    0x08003378   0x00000020   Code   RO         4487    i.USBH_ParseEPDesc  usbh_stdreq.o
    0x08003398   0x0000002a   Code   RO         4597    i.USBH_ParseHIDDesc  usbh_hid_core.o
    0x080033c2   0x00000026   Code   RO         4488    i.USBH_ParseInterfaceDesc  usbh_stdreq.o
    0x080033e8   0x00000036   Code   RO         4489    i.USBH_ParseStringDesc  usbh_stdreq.o
    0x0800341e   0x0000000c   Code   RO         4260    i.USBH_PortDisabled  usbh_core.o
    0x0800342a   0x0000000c   Code   RO         4261    i.USBH_PortEnabled  usbh_core.o
    0x08003436   0x000001ca   Code   RO         4262    i.USBH_Process      usbh_core.o
    0x08003600   0x00000006   Code   RO         4263    i.USBH_SOF          usbh_core.o
    0x08003606   0x00000026   Code   RO         4490    i.USBH_SetAddress   usbh_stdreq.o
    0x0800362c   0x00000026   Code   RO         4491    i.USBH_SetCfg       usbh_stdreq.o
    0x08003652   0x00000030   Code   RO         4598    i.USBH_Set_Idle     usbh_hid_core.o
    0x08003682   0x00000030   Code   RO         4599    i.USBH_Set_Protocol  usbh_hid_core.o
    0x080036b2   0x00000018   Code   RO         4409    i.USBH_SubmitSetupRequest  usbh_ioreq.o
    0x080036ca   0x00000002   PAD
    0x080036cc   0x00000048   Code   RO          406    i.USBH_USR_Configuration_DescAvailable  usbh_usr.o
    0x08003714   0x00000002   Code   RO          407    i.USBH_USR_DeInit   usbh_usr.o
    0x08003716   0x00000002   Code   RO          408    i.USBH_USR_DeviceAddressAssigned  usbh_usr.o
    0x08003718   0x0000001c   Code   RO          409    i.USBH_USR_DeviceAttached  usbh_usr.o
    0x08003734   0x00000088   Code   RO          410    i.USBH_USR_DeviceDisconnected  usbh_usr.o
    0x080037bc   0x00000034   Code   RO          411    i.USBH_USR_DeviceNotSupported  usbh_usr.o
    0x080037f0   0x00000064   Code   RO          412    i.USBH_USR_DeviceSpeedDetected  usbh_usr.o
    0x08003854   0x00000060   Code   RO          413    i.USBH_USR_Device_DescAvailable  usbh_usr.o
    0x080038b4   0x00000088   Code   RO          414    i.USBH_USR_EnumerationDone  usbh_usr.o
    0x0800393c   0x000000b4   Code   RO          415    i.USBH_USR_Init     usbh_usr.o
    0x080039f0   0x0000003c   Code   RO          416    i.USBH_USR_Manufacturer_String  usbh_usr.o
    0x08003a2c   0x00000044   Code   RO          417    i.USBH_USR_OverCurrentDetected  usbh_usr.o
    0x08003a70   0x00000038   Code   RO          418    i.USBH_USR_Product_String  usbh_usr.o
    0x08003aa8   0x00000002   Code   RO          419    i.USBH_USR_ResetDevice  usbh_usr.o
    0x08003aaa   0x00000002   PAD
    0x08003aac   0x0000003c   Code   RO          420    i.USBH_USR_SerialNum_String  usbh_usr.o
    0x08003ae8   0x00000030   Code   RO          421    i.USBH_USR_UnrecoveredError  usbh_usr.o
    0x08003b18   0x00000012   Code   RO          422    i.USBH_USR_UserInput  usbh_usr.o
    0x08003b2a   0x00000002   PAD
    0x08003b2c   0x00000040   Code   RO          334    i.USB_OTG_BSP_ConfigVBUS  usb_bsp.o
    0x08003b6c   0x00000024   Code   RO          335    i.USB_OTG_BSP_DriveVBUS  usb_bsp.o
    0x08003b90   0x0000002c   Code   RO          336    i.USB_OTG_BSP_EnableInterrupt  usb_bsp.o
    0x08003bbc   0x00000018   Code   RO          337    i.USB_OTG_BSP_Init  usb_bsp.o
    0x08003bd4   0x00000038   Code   RO          338    i.USB_OTG_BSP_TimeInit  usb_bsp.o
    0x08003c0c   0x00000038   Code   RO          339    i.USB_OTG_BSP_TimerIRQ  usb_bsp.o
    0x08003c44   0x0000000e   Code   RO          340    i.USB_OTG_BSP_mDelay  usb_bsp.o
    0x08003c52   0x0000000e   Code   RO          341    i.USB_OTG_BSP_uDelay  usb_bsp.o
    0x08003c60   0x00000126   Code   RO         4882    i.USB_OTG_CoreInit  usb_core.o
    0x08003d86   0x000000d6   Code   RO         4883    i.USB_OTG_CoreInitHost  usb_core.o
    0x08003e5c   0x00000070   Code   RO         4884    i.USB_OTG_CoreReset  usb_core.o
    0x08003ecc   0x00000022   Code   RO         4885    i.USB_OTG_DisableGlobalInt  usb_core.o
    0x08003eee   0x0000005c   Code   RO         4886    i.USB_OTG_DriveVbus  usb_core.o
    0x08003f4a   0x00000034   Code   RO         4887    i.USB_OTG_EnableCommonInt  usb_core.o
    0x08003f7e   0x00000022   Code   RO         4888    i.USB_OTG_EnableGlobalInt  usb_core.o
    0x08003fa0   0x00000084   Code   RO         4889    i.USB_OTG_EnableHostInt  usb_core.o
    0x08004024   0x0000004c   Code   RO         4890    i.USB_OTG_FlushRxFifo  usb_core.o
    0x08004070   0x00000054   Code   RO         4891    i.USB_OTG_FlushTxFifo  usb_core.o
    0x080040c4   0x0000000c   Code   RO         4892    i.USB_OTG_GetMode   usb_core.o
    0x080040d0   0x0000005a   Code   RO         4893    i.USB_OTG_HC_DoPing  usb_core.o
    0x0800412a   0x0000009a   Code   RO         4894    i.USB_OTG_HC_Halt   usb_core.o
    0x080041c4   0x00000238   Code   RO         4895    i.USB_OTG_HC_Init   usb_core.o
    0x080043fc   0x000001f6   Code   RO         4896    i.USB_OTG_HC_StartXfer  usb_core.o
    0x080045f2   0x00000018   Code   RO         4897    i.USB_OTG_InitFSLSPClkSel  usb_core.o
    0x0800460a   0x00000010   Code   RO         4899    i.USB_OTG_IsEvenFrame  usb_core.o
    0x0800461a   0x00000014   Code   RO         4900    i.USB_OTG_IsHostMode  usb_core.o
    0x0800462e   0x00000010   Code   RO         4901    i.USB_OTG_ReadCoreItr  usb_core.o
    0x0800463e   0x00000030   Code   RO         4902    i.USB_OTG_ReadHPRT0  usb_core.o
    0x0800466e   0x00000008   Code   RO         4903    i.USB_OTG_ReadHostAllChannels_intr  usb_core.o
    0x08004676   0x00000028   Code   RO         4905    i.USB_OTG_ReadPacket  usb_core.o
    0x0800469e   0x00000040   Code   RO         4906    i.USB_OTG_ResetPort  usb_core.o
    0x080046de   0x00000002   PAD
    0x080046e0   0x000000d0   Code   RO         4907    i.USB_OTG_SelectCore  usb_core.o
    0x080047b0   0x0000004e   Code   RO         4908    i.USB_OTG_SetCurrentMode  usb_core.o
    0x080047fe   0x00000002   PAD
    0x08004800   0x0000002c   Code   RO         4813    i.USB_OTG_USBH_handle_Disconnect_ISR  usb_hcd_int.o
    0x0800482c   0x00000046   Code   RO         4814    i.USB_OTG_USBH_handle_IncompletePeriodicXfer_ISR  usb_hcd_int.o
    0x08004872   0x00000056   Code   RO         4815    i.USB_OTG_USBH_handle_hc_ISR  usb_hcd_int.o
    0x080048c8   0x0000041e   Code   RO         4816    i.USB_OTG_USBH_handle_hc_n_In_ISR  usb_hcd_int.o
    0x08004ce6   0x000003b8   Code   RO         4817    i.USB_OTG_USBH_handle_hc_n_Out_ISR  usb_hcd_int.o
    0x0800509e   0x0000012e   Code   RO         4818    i.USB_OTG_USBH_handle_nptxfempty_ISR  usb_hcd_int.o
    0x080051cc   0x0000013c   Code   RO         4819    i.USB_OTG_USBH_handle_port_ISR  usb_hcd_int.o
    0x08005308   0x0000012e   Code   RO         4820    i.USB_OTG_USBH_handle_ptxfempty_ISR  usb_hcd_int.o
    0x08005436   0x00000164   Code   RO         4821    i.USB_OTG_USBH_handle_rx_qlvl_ISR  usb_hcd_int.o
    0x0800559a   0x00000002   PAD
    0x0800559c   0x0000002c   Code   RO         4822    i.USB_OTG_USBH_handle_sof_ISR  usb_hcd_int.o
    0x080055c8   0x00000040   Code   RO         4910    i.USB_OTG_WritePacket  usb_core.o
    0x08005608   0x000000b8   Code   RO          423    i.USR_KEYBRD_Init   usbh_usr.o
    0x080056c0   0x000000a4   Code   RO          424    i.USR_KEYBRD_ProcessData  usbh_usr.o
    0x08005764   0x000000c8   Code   RO          425    i.USR_MOUSE_Init    usbh_usr.o
    0x0800582c   0x00000060   Code   RO          426    i.USR_MOUSE_ProcessData  usbh_usr.o
    0x0800588c   0x00000004   Code   RO          212    i.UsageFault_Handler  stm32fxxx_it.o
    0x08005890   0x00000020   Code   RO         5334    i.__0printf$8       mc_w.l(printf8.o)
    0x080058b0   0x00000028   Code   RO         5336    i.__0sprintf$8      mc_w.l(printf8.o)
    0x080058d8   0x0000000e   Code   RO         5436    i.__scatterload_copy  mc_w.l(handlers.o)
    0x080058e6   0x00000002   Code   RO         5437    i.__scatterload_null  mc_w.l(handlers.o)
    0x080058e8   0x0000000e   Code   RO         5438    i.__scatterload_zeroinit  mc_w.l(handlers.o)
    0x080058f6   0x00000002   PAD
    0x080058f8   0x00000410   Code   RO         5341    i._printf_core      mc_w.l(printf8.o)
    0x08005d08   0x00000024   Code   RO         5342    i._printf_post_padding  mc_w.l(printf8.o)
    0x08005d2c   0x0000002e   Code   RO         5343    i._printf_pre_padding  mc_w.l(printf8.o)
    0x08005d5a   0x0000000a   Code   RO         5345    i._sputc            mc_w.l(printf8.o)
    0x08005d64   0x00000024   Code   RO          794    i.delay             stm3210c_eval_lcd.o
    0x08005d88   0x00000188   Code   RO          603    i.fputc             lcd_log.o
    0x08005f10   0x0000007c   Code   RO            3    i.main              main.o
    0x08005f8c   0x00000156   Data   RO          427    .constdata          usbh_usr.o
    0x080060e2   0x00000002   PAD
    0x080060e4   0x00000054   Data   RO          672    .constdata          stm3210c_eval.o
    0x08006138   0x000029d0   Data   RO          795    .constdata          stm3210c_eval_lcd.o
    0x08008b08   0x000001ec   Data   RO         4673    .constdata          usbh_hid_keybd.o
    0x08008cf4   0x00000020   Data   RO         5434    Region$$Table       anon$$obj.o


    Execution Region RW_IRAM1 (Base: 0x20000000, Size: 0x00001358, Max: 0x00010000, ABSOLUTE, COMPRESSED[0x000000b4])

    Base Addr    Size         Type   Attr      Idx    E Section Name        Object

    0x20000000   0x00000008   Data   RW          342    .data               usb_bsp.o
    0x20000008   0x00000050   Data   RW          428    .data               usbh_usr.o
    0x20000058   0x00000008   Data   RW          565    .data               usbh_usr_lcd.o
    0x20000060   0x00000012   Data   RW          605    .data               lcd_log.o
    0x20000072   0x00000002   PAD
    0x20000074   0x00000028   Data   RW          673    .data               stm3210c_eval.o
    0x2000009c   0x00000028   Data   RW          796    .data               stm3210c_eval_lcd.o
    0x200000c4   0x00000014   Data   RW         2775    .data               stm32f10x_rcc.o
    0x200000d8   0x0000001e   Data   RW         4266    .data               usbh_core.o
    0x200000f6   0x00000003   Data   RW         4495    .data               usbh_stdreq.o
    0x200000f9   0x00000003   PAD
    0x200000fc   0x0000001c   Data   RW         4602    .data               usbh_hid_core.o
    0x20000118   0x0000001f   Data   RW         4674    .data               usbh_hid_keybd.o
    0x20000137   0x00000001   PAD
    0x20000138   0x0000000c   Data   RW         4704    .data               usbh_hid_mouse.o
    0x20000144   0x00000004   Data   RW         5410    .data               mc_w.l(stdout.o)
    0x20000148   0x00000634   Zero   RW            4    .bss                main.o
    0x2000077c   0x0000052e   Zero   RW          604    .bss                lcd_log.o
    0x20000caa   0x00000200   Zero   RW         4494    .bss                usbh_stdreq.o
    0x20000eaa   0x00000002   PAD
    0x20000eac   0x000000a6   Zero   RW         4601    .bss                usbh_hid_core.o
    0x20000f52   0x00000006   PAD
    0x20000f58   0x00000400   Zero   RW         4244    STACK               startup_stm32f10x_cl.o


==============================================================================

Image component sizes


      Code (inc. data)   RO Data    RW Data    ZI Data      Debug   Object Name

      1030        116          0         18       1326       6245   lcd_log.o
        44          6          0          0          0        451   led.o
       124         22          0          0       1588     328795   main.o
       152         30          0          0          0       1849   misc.o
        36          8        336          0       1024        776   startup_stm32f10x_cl.o
       272         52         84         40          0       3452   stm3210c_eval.o
      2694        158      10704         40          0      17853   stm3210c_eval_lcd.o
       200         18          0          0          0       1888   stm32f10x_exti.o
       522         10          0          0          0       5268   stm32f10x_gpio.o
       572         62          0         20          0       6989   stm32f10x_rcc.o
       200         12          0          0          0       4031   stm32f10x_spi.o
       270         42          0          0          0       3729   stm32f10x_tim.o
       438          6          0          0          0       5264   stm32f10x_usart.o
        80         10          0          0          0       4697   stm32fxxx_it.o
       404         34          0          0          0       1901   system_stm32f10x.o
       240         20          0          0          0       1182   usart.o
       462         22          0          8          0       6212   usb_bsp.o
      3036         18          0          0          0      17883   usb_core.o
       198          0          0          0          0       4902   usb_hcd.o
      3694         16          0          0          0      10047   usb_hcd_int.o
      1748         48          0         30          0      10053   usbh_core.o
       390          0          0          0          0       4404   usbh_hcs.o
      1718        372          0         28        166       8984   usbh_hid_core.o
       348         44        492         31          0       2360   usbh_hid_keybd.o
        40          6          0         12          0       2102   usbh_hid_mouse.o
       490          0          0          0          0       4667   usbh_ioreq.o
       978         12          0          3        512      10257   usbh_stdreq.o
      1760        664        342         80          0      13346   usbh_usr.o
       412         16          0          8          0       2084   usbh_usr_lcd.o

    ----------------------------------------------------------------------
     22584       1824      11992        324       4624     491671   Object Totals
         0          0         32          0          0          0   (incl. Generated)
        32          0          2          6          8          0   (incl. Padding)

    ----------------------------------------------------------------------

      Code (inc. data)   RO Data    RW Data    ZI Data      Debug   Library Member Name

        86          0          0          0          0          0   __dczerorl2.o
         0          0          0          0          0          0   entry.o
         0          0          0          0          0          0   entry10a.o
         0          0          0          0          0          0   entry11a.o
         8          4          0          0          0          0   entry2.o
         4          0          0          0          0          0   entry5.o
         0          0          0          0          0          0   entry7b.o
         0          0          0          0          0          0   entry8b.o
         8          4          0          0          0          0   entry9a.o
        30          0          0          0          0          0   handlers.o
        36          8          0          0          0         68   init.o
        30          0          0          0          0         68   llshl.o
        32          0          0          0          0         68   llushr.o
      1204         60          0          0          0        504   printf8.o
         0          0          0          4          0          0   stdout.o
        98          0          0          0          0         92   uldiv.o

    ----------------------------------------------------------------------
      1540         76          0          4          0        800   Library Totals
         4          0          0          0          0          0   (incl. Padding)

    ----------------------------------------------------------------------

      Code (inc. data)   RO Data    RW Data    ZI Data      Debug   Library Name

      1536         76          0          4          0        800   mc_w.l

    ----------------------------------------------------------------------
      1540         76          0          4          0        800   Library Totals

    ----------------------------------------------------------------------

==============================================================================


      Code (inc. data)   RO Data    RW Data    ZI Data      Debug   

     24124       1900      11992        328       4624     481159   Grand Totals
     24124       1900      11992        180       4624     481159   ELF Image Totals (compressed)
     24124       1900      11992        180          0          0   ROM Totals

==============================================================================

    Total RO  Size (Code + RO Data)                36116 (  35.27kB)
    Total RW  Size (RW Data + ZI Data)              4952 (   4.84kB)
    Total ROM Size (Code + RO Data + RW Data)      36296 (  35.45kB)

==============================================================================

